<html>
<body>
<pre>
<h1>µVision Build Log</h1>
<h2>Tool Versions:</h2>
IDE-Version: ¦ÌVision V5.33.0.0
Copyright (C) 2020 ARM Ltd and ARM Germany GmbH. All rights reserved.
License Information: The_sail The_sail, The_sail, LIC=JL28G-VECW0-UHF8H-WTMU7-0HQE8-UC8F9
 
Tool Versions:
Toolchain:       MDK-ARM Plus  Version: 5.33.0.0
Toolchain Path:  F:\Keil5\ARM\ARMCC\Bin
C Compiler:      Armcc.exe V5.06 update 7 (build 960)
Assembler:       Armasm.exe V5.06 update 7 (build 960)
Linker/Locator:  ArmLink.exe V5.06 update 7 (build 960)
Library Manager: ArmAr.exe V5.06 update 7 (build 960)
Hex Converter:   FromElf.exe V5.06 update 7 (build 960)
CPU DLL:         SARMCM3.DLL V5.33.0.0
Dialog DLL:      DCM.DLL V1.17.3.0
Target DLL:      STLink\ST-LINKIII-KEIL_SWO.dll V3.0.8.0
Dialog DLL:      TCM.DLL V1.48.0.0
 
<h2>Project:</h2>
C:\Users\The_sail\Desktop\RoboMaster-C-Board-INS-Example-master\MDK-ARM\C_Board_Standard_Robot.uvprojx
Project File Date:  04/28/2025

<h2>Output:</h2>
*** Using Compiler 'V5.06 update 7 (build 960)', folder: 'F:\Keil5\ARM\ARMCC\Bin'
Rebuild target 'C_Board_Standard_Robot'
assembling startup_stm32f407xx.s...
compiling dma.c...
compiling stm32f4xx_hal_timebase_tim.c...
compiling system_stm32f4xx.c...
compiling usart.c...
compiling tim.c...
compiling stm32f4xx_hal_msp.c...
compiling gpio.c...
compiling spi.c...
compiling main.c...
compiling stm32f4xx_it.c...
compiling Receiver_task.c...
compiling freertos.c...
compiling ins_task.c...
..\Application\ins_task.c(56): warning:  #223-D: function "snprintf" declared implicitly
  		snprintf(msg, sizeof(msg), "%i, %i, %i, %i, %i, %i, %i, %i\r\n",RC_Throttle, RC_Yaw, RC_Pitch, RC_Roll, RC_Arm, RC_Kill,RC_Lost,RC_Throttle_Manual);
..\Application\ins_task.c: 1 warning, 0 errors
compiling kalman_filter.c...
compiling QuaternionEKF.c...
compiling bsp_dwt.c...
compiling BMI088Middleware.c...
compiling BMI088driver.c...
compiling bsp_PWM.c...
compiling stm32f4xx_hal_rcc_ex.c...
compiling Control_task.c...
compiling stm32f4xx_hal_rcc.c...
compiling user_lib.c...
compiling stm32f4xx_hal_tim_ex.c...
compiling controller.c...
compiling stm32f4xx_hal_flash.c...
compiling stm32f4xx_hal_tim.c...
compiling stm32f4xx_hal_flash_ex.c...
compiling croutine.c...
compiling event_groups.c...
compiling list.c...
compiling stream_buffer.c...
compiling queue.c...
compiling timers.c...
compiling tasks.c...
compiling heap_4.c...
compiling cmsis_os.c...
compiling port.c...
compiling stm32f4xx_hal_flash_ramfunc.c...
compiling stm32f4xx_hal_pwr_ex.c...
compiling stm32f4xx_hal_gpio.c...
compiling stm32f4xx_hal_dma.c...
compiling stm32f4xx_hal_cortex.c...
compiling stm32f4xx_hal_pwr.c...
compiling stm32f4xx_hal_exti.c...
compiling stm32f4xx_hal.c...
compiling stm32f4xx_hal_dma_ex.c...
compiling stm32f4xx_hal_uart.c...
compiling stm32f4xx_hal_spi.c...
linking...
Program Size: Code=35092 RO-data=2860 RW-data=652 ZI-data=45052  
FromELF: creating hex file...
"C_Board_Standard_Robot\C_Board_Standard_Robot.axf" - 0 Error(s), 1 Warning(s).

<h2>Software Packages used:</h2>

Package Vendor: ARM
                http://www.keil.com/pack/ARM.CMSIS.5.7.0.pack
                ARM.CMSIS.5.7.0
                CMSIS (Cortex Microcontroller Software Interface Standard)
   * Component: CORE Version: 5.4.0

Package Vendor: Keil
                http://www.keil.com/pack/Keil.STM32F4xx_DFP.2.15.0.pack
                Keil.STM32F4xx_DFP.2.15.0
                STMicroelectronics STM32F4 Series Device Support, Drivers and Examples

<h2>Collection of Component include folders:</h2>
  .\RTE\_C_Board_Standard_Robot
  F:\Keil5\ARM\PACK\ARM\CMSIS\5.7.0\CMSIS\Core\Include
  F:\Keil5\ARM\PACK\Keil\STM32F4xx_DFP\2.15.0\Drivers\CMSIS\Device\ST\STM32F4xx\Include

<h2>Collection of Component Files used:</h2>

   * Component: ARM::CMSIS:CORE:5.4.0
Build Time Elapsed:  00:00:12
</pre>
</body>
</html>
