<html>
<body>
<pre>
<h1>µVision Build Log</h1>
<h2>Tool Versions:</h2>
IDE-Version: ¦ÌVision V5.24.2.0
Copyright (C) 2017 ARM Ltd and ARM Germany GmbH. All rights reserved.
License Information: s Sail, s, LIC=EXJT4-F0YLD-2Z7W4-FRS1B-E3BTX-B5MUY
 
Tool Versions:
Toolchain:       MDK-ARM Plus  Version: 5.24.1
Toolchain Path:  E:\Keil_v5\ARM\ARMCC\Bin
C Compiler:      Armcc.exe V5.06 update 5 (build 528)
Assembler:       Armasm.exe V5.06 update 5 (build 528)
Linker/Locator:  ArmLink.exe V5.06 update 5 (build 528)
Library Manager: ArmAr.exe V5.06 update 5 (build 528)
Hex Converter:   FromElf.exe V5.06 update 5 (build 528)
CPU DLL:         SARMCM3.DLL V5.24.1
Dialog DLL:      DCM.DLL V1.16.0.0
Target DLL:      STLink\ST-LINKIII-KEIL_SWO.dll V3.0.1.0
Dialog DLL:      TCM.DLL V1.32.0.0
 
<h2>Project:</h2>
C:\Users\Sail\Desktop\FSRate\MDK-ARM\C_Board_Standard_Robot.uvprojx
Project File Date:  05/22/2025

<h2>Output:</h2>
*** Using Compiler 'V5.06 update 5 (build 528)', folder: 'E:\Keil_v5\ARM\ARMCC\Bin'
Rebuild target 'C_Board_Standard_Robot'
assembling startup_stm32f407xx.s...
compiling stm32f4xx_hal_timebase_tim.c...
compiling tim.c...
compiling freertos.c...
compiling dma.c...
compiling stm32f4xx_hal_msp.c...
compiling Receiver_task.c...
compiling Control_task.c...
compiling Command_task.c...
compiling gpio.c...
compiling main.c...
compiling usart.c...
compiling stm32f4xx_it.c...
compiling ins_task.c...
..\Application\ins_task.c(55): warning:  #223-D: function "snprintf" declared implicitly
  		snprintf(msg, sizeof(msg), "Yaw: %.2f, Roll: %.2f, Pitch: %.2f, TotalYaw: %.2f\r\n",QEKF_INS.Yaw, QEKF_INS.Pitch, QEKF_INS.Roll, QEKF_INS.YawTotalAngle);
..\Application\ins_task.c: 1 warning, 0 errors
compiling spi.c...
compiling system_stm32f4xx.c...
compiling QuaternionEKF.c...
compiling bsp_PWM.c...
compiling kalman_filter.c...
compiling BMI088driver.c...
compiling BMI088Middleware.c...
compiling bsp_dwt.c...
compiling stm32f4xx_hal_flash.c...
compiling stm32f4xx_hal_tim_ex.c...
compiling stm32f4xx_hal_flash_ex.c...
compiling stm32f4xx_hal_rcc.c...
compiling user_lib.c...
compiling stm32f4xx_hal_rcc_ex.c...
compiling croutine.c...
compiling stm32f4xx_hal_tim.c...
compiling event_groups.c...
compiling list.c...
compiling controller.c...
compiling stm32f4xx_hal_flash_ramfunc.c...
compiling queue.c...
compiling stm32f4xx_hal_gpio.c...
compiling stream_buffer.c...
compiling timers.c...
compiling heap_4.c...
compiling tasks.c...
compiling port.c...
compiling cmsis_os.c...
compiling stm32f4xx_hal_dma.c...
compiling stm32f4xx_hal_dma_ex.c...
compiling stm32f4xx_hal_pwr_ex.c...
compiling stm32f4xx_hal_pwr.c...
compiling stm32f4xx_hal.c...
compiling stm32f4xx_hal_cortex.c...
compiling stm32f4xx_hal_exti.c...
compiling stm32f4xx_hal_spi.c...
compiling stm32f4xx_hal_uart.c...
linking...
Program Size: Code=43268 RO-data=3036 RW-data=664 ZI-data=45272  
FromELF: creating hex file...
"C_Board_Standard_Robot\C_Board_Standard_Robot.axf" - 0 Error(s), 1 Warning(s).

<h2>Software Packages used:</h2>

Package Vendor: ARM
                http://www.keil.com/pack/ARM.CMSIS.5.9.0.pack
                ARM.CMSIS.5.9.0
                CMSIS (Common Microcontroller Software Interface Standard)
   * Component: CORE Version: 5.6.0

Package Vendor: Keil
                http://www.keil.com/pack/Keil.STM32F4xx_DFP.1.0.8.pack
                Keil.STM32F4xx_DFP.1.0.8
                STMicroelectronics STM32F4 Series Device Support, Drivers and Examples

<h2>Collection of Component include folders:</h2>
  .\RTE\_C_Board_Standard_Robot
  E:\Keil_v5l\Arm\Packs\ARM\CMSIS\5.9.0\CMSIS\Core\Include
  E:\Keil_v5l\Arm\Packs\Keil\STM32F4xx_DFP\1.0.8\Device\Include

<h2>Collection of Component Files used:</h2>

   * Component: ARM::CMSIS:CORE:5.6.0
Build Time Elapsed:  00:00:08
</pre>
</body>
</html>
