Component: ARM Compiler 5.06 update 5 (build 528) Tool: armlink [4d35e2]

==============================================================================

Section Cross References

    startup_stm32f407xx.o(STACK) refers (Special) to heapauxi.o(.text) for __use_two_region_memory
    startup_stm32f407xx.o(HEAP) refers (Special) to heapauxi.o(.text) for __use_two_region_memory
    startup_stm32f407xx.o(RESET) refers (Special) to heapauxi.o(.text) for __use_two_region_memory
    startup_stm32f407xx.o(RESET) refers to startup_stm32f407xx.o(STACK) for __initial_sp
    startup_stm32f407xx.o(RESET) refers to startup_stm32f407xx.o(.text) for Reset_Handler
    startup_stm32f407xx.o(RESET) refers to stm32f4xx_it.o(i.NMI_Handler) for NMI_Handler
    startup_stm32f407xx.o(RESET) refers to stm32f4xx_it.o(i.HardFault_Handler) for HardFault_Handler
    startup_stm32f407xx.o(RESET) refers to stm32f4xx_it.o(i.MemManage_Handler) for MemManage_Handler
    startup_stm32f407xx.o(RESET) refers to stm32f4xx_it.o(i.BusFault_Handler) for BusFault_Handler
    startup_stm32f407xx.o(RESET) refers to stm32f4xx_it.o(i.UsageFault_Handler) for UsageFault_Handler
    startup_stm32f407xx.o(RESET) refers to port.o(.emb_text) for SVC_Handler
    startup_stm32f407xx.o(RESET) refers to stm32f4xx_it.o(i.DebugMon_Handler) for DebugMon_Handler
    startup_stm32f407xx.o(RESET) refers to port.o(i.SysTick_Handler) for SysTick_Handler
    startup_stm32f407xx.o(RESET) refers to stm32f4xx_it.o(i.EXTI3_IRQHandler) for EXTI3_IRQHandler
    startup_stm32f407xx.o(RESET) refers to stm32f4xx_it.o(i.EXTI4_IRQHandler) for EXTI4_IRQHandler
    startup_stm32f407xx.o(RESET) refers to stm32f4xx_it.o(i.DMA1_Stream1_IRQHandler) for DMA1_Stream1_IRQHandler
    startup_stm32f407xx.o(RESET) refers to stm32f4xx_it.o(i.EXTI9_5_IRQHandler) for EXTI9_5_IRQHandler
    startup_stm32f407xx.o(RESET) refers to stm32f4xx_it.o(i.TIM2_IRQHandler) for TIM2_IRQHandler
    startup_stm32f407xx.o(RESET) refers to stm32f4xx_it.o(i.USART3_IRQHandler) for USART3_IRQHandler
    startup_stm32f407xx.o(RESET) refers to stm32f4xx_it.o(i.DMA2_Stream0_IRQHandler) for DMA2_Stream0_IRQHandler
    startup_stm32f407xx.o(.text) refers (Special) to heapauxi.o(.text) for __use_two_region_memory
    startup_stm32f407xx.o(.text) refers to system_stm32f4xx.o(i.SystemInit) for SystemInit
    startup_stm32f407xx.o(.text) refers to __main.o(!!!main) for __main
    startup_stm32f407xx.o(.text) refers to startup_stm32f407xx.o(HEAP) for Heap_Mem
    startup_stm32f407xx.o(.text) refers to startup_stm32f407xx.o(STACK) for Stack_Mem
    main.o(i.HAL_TIM_PeriodElapsedCallback) refers to stm32f4xx_hal.o(i.HAL_IncTick) for HAL_IncTick
    main.o(i.SystemClock_Config) refers to rt_memclr_w.o(.text) for __aeabi_memclr4
    main.o(i.SystemClock_Config) refers to stm32f4xx_hal_rcc.o(i.HAL_RCC_OscConfig) for HAL_RCC_OscConfig
    main.o(i.SystemClock_Config) refers to stm32f4xx_hal_rcc.o(i.HAL_RCC_ClockConfig) for HAL_RCC_ClockConfig
    main.o(i.main) refers to stm32f4xx_hal.o(i.HAL_Init) for HAL_Init
    main.o(i.main) refers to main.o(i.SystemClock_Config) for SystemClock_Config
    main.o(i.main) refers to gpio.o(i.MX_GPIO_Init) for MX_GPIO_Init
    main.o(i.main) refers to dma.o(i.MX_DMA_Init) for MX_DMA_Init
    main.o(i.main) refers to spi.o(i.MX_SPI1_Init) for MX_SPI1_Init
    main.o(i.main) refers to tim.o(i.MX_TIM10_Init) for MX_TIM10_Init
    main.o(i.main) refers to usart.o(i.MX_USART1_UART_Init) for MX_USART1_UART_Init
    main.o(i.main) refers to usart.o(i.MX_USART3_UART_Init) for MX_USART3_UART_Init
    main.o(i.main) refers to tim.o(i.MX_TIM1_Init) for MX_TIM1_Init
    main.o(i.main) refers to stm32f4xx_hal_gpio.o(i.HAL_GPIO_WritePin) for HAL_GPIO_WritePin
    main.o(i.main) refers to command_task.o(i.Command_Task_Init) for Command_Task_Init
    main.o(i.main) refers to bsp_dwt.o(i.DWT_Init) for DWT_Init
    main.o(i.main) refers to bmi088driver.o(i.BMI088_init) for BMI088_init
    main.o(i.main) refers to receiver_task.o(i.sbus_init) for sbus_init
    main.o(i.main) refers to freertos.o(i.MX_FREERTOS_Init) for MX_FREERTOS_Init
    main.o(i.main) refers to cmsis_os.o(i.osKernelStart) for osKernelStart
    main.o(i.main) refers to spi.o(.bss) for hspi1
    gpio.o(i.MX_GPIO_Init) refers to rt_memclr_w.o(.text) for __aeabi_memclr4
    gpio.o(i.MX_GPIO_Init) refers to stm32f4xx_hal_gpio.o(i.HAL_GPIO_WritePin) for HAL_GPIO_WritePin
    gpio.o(i.MX_GPIO_Init) refers to stm32f4xx_hal_gpio.o(i.HAL_GPIO_Init) for HAL_GPIO_Init
    gpio.o(i.MX_GPIO_Init) refers to stm32f4xx_hal_cortex.o(i.HAL_NVIC_SetPriority) for HAL_NVIC_SetPriority
    gpio.o(i.MX_GPIO_Init) refers to stm32f4xx_hal_cortex.o(i.HAL_NVIC_EnableIRQ) for HAL_NVIC_EnableIRQ
    freertos.o(i.MX_FREERTOS_Init) refers to rt_memcpy_w.o(.text) for __aeabi_memcpy4
    freertos.o(i.MX_FREERTOS_Init) refers to cmsis_os.o(i.osThreadCreate) for osThreadCreate
    freertos.o(i.MX_FREERTOS_Init) refers to freertos.o(.constdata) for .constdata
[...]
    __heap$guard                             0x0800129b   Thumb Code     2  hguard.o(.text)
    _terminate_user_alloc                    0x0800129d   Thumb Code     2  init_alloc.o(.text)
    _init_user_alloc                         0x0800129f   Thumb Code     2  init_alloc.o(.text)
    __Heap_Full                              0x080012a1   Thumb Code    34  init_alloc.o(.text)
    __Heap_Broken                            0x080012c3   Thumb Code     6  init_alloc.o(.text)
    _init_alloc                              0x080012c9   Thumb Code    94  init_alloc.o(.text)
    __Heap_Initialize                        0x08001327   Thumb Code    10  h1_init.o(.text)
    __Heap_DescSize                          0x08001331   Thumb Code     4  h1_init.o(.text)
    free                                     0x08001335   Thumb Code    78  h1_free.o(.text)
    __read_errno                             0x08001383   Thumb Code    10  _rserrno.o(.text)
    __set_errno                              0x0800138d   Thumb Code    12  _rserrno.o(.text)
    __lib_sel_fp_printf                      0x08001399   Thumb Code     2  _printf_fp_dec.o(.text)
    _printf_fp_dec_real                      0x0800154b   Thumb Code   620  _printf_fp_dec.o(.text)
    _printf_char_common                      0x080017c3   Thumb Code    32  _printf_char_common.o(.text)
    _sputc                                   0x080017e9   Thumb Code    10  _sputc.o(.text)
    _snputc                                  0x080017f3   Thumb Code    16  _snputc.o(.text)
    __user_libspace                          0x08001805   Thumb Code     8  libspace.o(.text)
    __user_perproc_libspace                  0x08001805   Thumb Code     0  libspace.o(.text)
    __user_perthread_libspace                0x08001805   Thumb Code     0  libspace.o(.text)
    __rt_locale                              0x0800180d   Thumb Code     8  rt_locale_intlibspace.o(.text)
    __aeabi_errno_addr                       0x08001815   Thumb Code     8  rt_errno_addr_intlibspace.o(.text)
    __errno$intlibspace                      0x08001815   Thumb Code     0  rt_errno_addr_intlibspace.o(.text)
    __rt_errno_addr$intlibspace              0x08001815   Thumb Code     0  rt_errno_addr_intlibspace.o(.text)
    __Heap_ProvideMemory                     0x0800181d   Thumb Code    52  h1_extend.o(.text)
    _ll_udiv10                               0x08001851   Thumb Code   138  lludiv10.o(.text)
    _fp_trap                                 0x080018dd   Thumb Code    44  _fptrap.o(.text)
    _printf_fp_infnan                        0x0800190d   Thumb Code   112  _printf_fp_infnan.o(.text)
    _btod_etento                             0x0800198d   Thumb Code   224  bigflt0.o(.text)
    __rt_SIGRTMEM                            0x08001a71   Thumb Code    14  defsig_rtmem_outer.o(.text)
    __I$use$semihosting                      0x08001a7f   Thumb Code     0  use_no_semi.o(.text)
    __use_no_semihosting_swi                 0x08001a7f   Thumb Code     2  use_no_semi.o(.text)
    __semihosting_library_function           0x08001a81   Thumb Code     0  indicate_semi.o(.text)
    __user_setup_stackheap                   0x08001a81   Thumb Code    74  sys_stackheap_outer.o(.text)
    exit                                     0x08001acb   Thumb Code    18  exit.o(.text)
    __sig_exit                               0x08001add   Thumb Code    10  defsig_exit.o(.text)
    __rt_SIGFPE                              0x08001ae7   Thumb Code    14  defsig_fpe_outer.o(.text)
    __rt_SIGRTMEM_inner                      0x08001af5   Thumb Code    22  defsig_rtmem_inner.o(.text)
    strcmp                                   0x08001b45   Thumb Code   128  strcmpv7m.o(.text)
    _sys_exit                                0x08001bc5   Thumb Code     8  sys_exit.o(.text)
    __default_signal_display                 0x08001bd1   Thumb Code    50  defsig_general.o(.text)
    __rt_SIGFPE_inner                        0x08001c05   Thumb Code    62  defsig_fpe_inner.o(.text)
    _ttywrch                                 0x08001cb1   Thumb Code    14  sys_wrch.o(.text)
    _btod_d2e                                0x08001cbf   Thumb Code    62  btod.o(CL$$btod_d2e)
    _d2e_denorm_low                          0x08001cfd   Thumb Code    70  btod.o(CL$$btod_d2e_denorm_low)
    _d2e_norm_op1                            0x08001d43   Thumb Code    96  btod.o(CL$$btod_d2e_norm_op1)
    __btod_div_common                        0x08001da3   Thumb Code   696  btod.o(CL$$btod_div_common)
    _e2e                                     0x080020db   Thumb Code   220  btod.o(CL$$btod_e2e)
    _btod_ediv                               0x080021b7   Thumb Code    42  btod.o(CL$$btod_ediv)
    _btod_emul                               0x080021e1   Thumb Code    42  btod.o(CL$$btod_emul)
    __btod_mult_common                       0x0800220b   Thumb Code   580  btod.o(CL$$btod_mult_common)
    BMI088_ACCEL_NS_H                        0x08002451   Thumb Code    10  bmi088middleware.o(i.BMI088_ACCEL_NS_H)
    BMI088_ACCEL_NS_L                        0x08002461   Thumb Code    10  bmi088middleware.o(i.BMI088_ACCEL_NS_L)
    BMI088_GYRO_NS_H                         0x08002471   Thumb Code    10  bmi088middleware.o(i.BMI088_GYRO_NS_H)
    BMI088_GYRO_NS_L                         0x08002481   Thumb Code    10  bmi088middleware.o(i.BMI088_GYRO_NS_L)
    BMI088_Read                              0x08002491   Thumb Code   422  bmi088driver.o(i.BMI088_Read)
    BMI088_init                              0x0800263d   Thumb Code    94  bmi088driver.o(i.BMI088_init)
    BMI088_read_write_byte                   0x080026f9   Thumb Code    30  bmi088middleware.o(i.BMI088_read_write_byte)
    BodyFrameToEarthFrame                    0x0800272f   Thumb Code   234  ins_task.o(i.BodyFrameToEarthFrame)
    BusFault_Handler                         0x08002819   Thumb Code     2  stm32f4xx_it.o(i.BusFault_Handler)
    Command_Task_Init                        0x08002c21   Thumb Code   248  command_task.o(i.Command_Task_Init)
    Command_Task_Loop                        0x08002d41   Thumb Code   936  command_task.o(i.Command_Task_Loop)
    DMA1_Stream1_IRQHandler                  0x0800315d   Thumb Code     6  stm32f4xx_it.o(i.DMA1_Stream1_IRQHandler)
    DMA2_Stream0_IRQHandler                  0x08003169   Thumb Code     6  stm32f4xx_it.o(i.DMA2_Stream0_IRQHandler)
    DWT_Delay                                0x08003241   Thumb Code    42  bsp_dwt.o(i.DWT_Delay)
    DWT_GetDeltaT                            0x08003275   Thumb Code    60  bsp_dwt.o(i.DWT_GetDeltaT)
    DWT_GetTimeline_s                        0x080032b9   Thumb Code    54  bsp_dwt.o(i.DWT_GetTimeline_s)
    DWT_Init                                 0x080032fd   Thumb Code    54  bsp_dwt.o(i.DWT_Init)
    DWT_SysTimeUpdate                        0x08003345   Thumb Code   140  bsp_dwt.o(i.DWT_SysTimeUpdate)
    DebugMon_Handler                         0x080033d9   Thumb Code     2  stm32f4xx_it.o(i.DebugMon_Handler)
    EXTI3_IRQHandler                         0x080033db   Thumb Code     6  stm32f4xx_it.o(i.EXTI3_IRQHandler)
    EXTI4_IRQHandler                         0x080033e1   Thumb Code     6  stm32f4xx_it.o(i.EXTI4_IRQHandler)
    EXTI9_5_IRQHandler                       0x080033e7   Thumb Code    24  stm32f4xx_it.o(i.EXTI9_5_IRQHandler)
    EarthFrameToBodyFrame                    0x080033ff   Thumb Code   234  ins_task.o(i.EarthFrameToBodyFrame)
    Error_Handler                            0x080034e9   Thumb Code     2  main.o(i.Error_Handler)
    HAL_DMA_Abort                            0x080034eb   Thumb Code   146  stm32f4xx_hal_dma.o(i.HAL_DMA_Abort)
    HAL_DMA_Abort_IT                         0x0800357d   Thumb Code    36  stm32f4xx_hal_dma.o(i.HAL_DMA_Abort_IT)
    HAL_DMA_IRQHandler                       0x080035a1   Thumb Code   412  stm32f4xx_hal_dma.o(i.HAL_DMA_IRQHandler)
    HAL_DMA_Init                             0x08003741   Thumb Code   206  stm32f4xx_hal_dma.o(i.HAL_DMA_Init)
    HAL_DMA_Start_IT                         0x08003815   Thumb Code   110  stm32f4xx_hal_dma.o(i.HAL_DMA_Start_IT)
    HAL_Delay                                0x08003885   Thumb Code    32  stm32f4xx_hal.o(i.HAL_Delay)
    HAL_GPIO_EXTI_Callback                   0x080038a9   Thumb Code     2  stm32f4xx_hal_gpio.o(i.HAL_GPIO_EXTI_Callback)
    HAL_GPIO_EXTI_IRQHandler                 0x080038ad   Thumb Code    18  stm32f4xx_hal_gpio.o(i.HAL_GPIO_EXTI_IRQHandler)
    HAL_GPIO_Init                            0x080038c5   Thumb Code   450  stm32f4xx_hal_gpio.o(i.HAL_GPIO_Init)
    HAL_GPIO_WritePin                        0x08003ab5   Thumb Code    10  stm32f4xx_hal_gpio.o(i.HAL_GPIO_WritePin)
    HAL_GetTick                              0x08003ac1   Thumb Code     6  stm32f4xx_hal.o(i.HAL_GetTick)
    HAL_IncTick                              0x08003acd   Thumb Code    12  stm32f4xx_hal.o(i.HAL_IncTick)
    HAL_Init                                 0x08003add   Thumb Code    48  stm32f4xx_hal.o(i.HAL_Init)
    HAL_InitTick                             0x08003b11   Thumb Code   134  stm32f4xx_hal_timebase_tim.o(i.HAL_InitTick)
    HAL_MspInit                              0x08003ba9   Thumb Code    52  stm32f4xx_hal_msp.o(i.HAL_MspInit)
    HAL_NVIC_EnableIRQ                       0x08003be1   Thumb Code    26  stm32f4xx_hal_cortex.o(i.HAL_NVIC_EnableIRQ)
    HAL_NVIC_SetPriority                     0x08003bfd   Thumb Code    60  stm32f4xx_hal_cortex.o(i.HAL_NVIC_SetPriority)
    HAL_NVIC_SetPriorityGrouping             0x08003c3d   Thumb Code    26  stm32f4xx_hal_cortex.o(i.HAL_NVIC_SetPriorityGrouping)
    HAL_RCC_ClockConfig                      0x08003c61   Thumb Code   288  stm32f4xx_hal_rcc.o(i.HAL_RCC_ClockConfig)
    HAL_RCC_GetClockConfig                   0x08003d95   Thumb Code    54  stm32f4xx_hal_rcc.o(i.HAL_RCC_GetClockConfig)
    HAL_RCC_GetPCLK1Freq                     0x08003dd5   Thumb Code    20  stm32f4xx_hal_rcc.o(i.HAL_RCC_GetPCLK1Freq)
    HAL_RCC_GetPCLK2Freq                     0x08003df5   Thumb Code    20  stm32f4xx_hal_rcc.o(i.HAL_RCC_GetPCLK2Freq)
    HAL_RCC_GetSysClockFreq                  0x08003e15   Thumb Code    88  stm32f4xx_hal_rcc.o(i.HAL_RCC_GetSysClockFreq)
    HAL_RCC_OscConfig                        0x08003e79   Thumb Code   856  stm32f4xx_hal_rcc.o(i.HAL_RCC_OscConfig)
    HAL_SPI_Init                             0x080041e5   Thumb Code   188  stm32f4xx_hal_spi.o(i.HAL_SPI_Init)
    HAL_SPI_MspInit                          0x080042a1   Thumb Code   226  spi.o(i.HAL_SPI_MspInit)
    HAL_SPI_TransmitReceive                  0x0800439d   Thumb Code   496  stm32f4xx_hal_spi.o(i.HAL_SPI_TransmitReceive)
    HAL_TIMEx_BreakCallback                  0x0800458d   Thumb Code     2  stm32f4xx_hal_tim_ex.o(i.HAL_TIMEx_BreakCallback)
    HAL_TIMEx_CommutCallback                 0x0800458f   Thumb Code     2  stm32f4xx_hal_tim_ex.o(i.HAL_TIMEx_CommutCallback)
    HAL_TIMEx_ConfigBreakDeadTime            0x08004591   Thumb Code    84  stm32f4xx_hal_tim_ex.o(i.HAL_TIMEx_ConfigBreakDeadTime)
    HAL_TIMEx_MasterConfigSynchronization    0x080045e5   Thumb Code   116  stm32f4xx_hal_tim_ex.o(i.HAL_TIMEx_MasterConfigSynchronization)
    HAL_TIM_Base_Init                        0x08004675   Thumb Code    90  stm32f4xx_hal_tim.o(i.HAL_TIM_Base_Init)
    HAL_TIM_Base_MspInit                     0x080046d1   Thumb Code    30  tim.o(i.HAL_TIM_Base_MspInit)
    HAL_TIM_Base_Start_IT                    0x080046f9   Thumb Code   100  stm32f4xx_hal_tim.o(i.HAL_TIM_Base_Start_IT)
    HAL_TIM_IC_CaptureCallback               0x08004779   Thumb Code     2  stm32f4xx_hal_tim.o(i.HAL_TIM_IC_CaptureCallback)
    HAL_TIM_IRQHandler                       0x0800477b   Thumb Code   304  stm32f4xx_hal_tim.o(i.HAL_TIM_IRQHandler)
    HAL_TIM_MspPostInit                      0x080048ad   Thumb Code   110  tim.o(i.HAL_TIM_MspPostInit)
    HAL_TIM_OC_DelayElapsedCallback          0x08004931   Thumb Code     2  stm32f4xx_hal_tim.o(i.HAL_TIM_OC_DelayElapsedCallback)
    HAL_TIM_PWM_ConfigChannel                0x08004933   Thumb Code   204  stm32f4xx_hal_tim.o(i.HAL_TIM_PWM_ConfigChannel)
    HAL_TIM_PWM_Init                         0x080049ff   Thumb Code    90  stm32f4xx_hal_tim.o(i.HAL_TIM_PWM_Init)
    HAL_TIM_PWM_MspInit                      0x08004a59   Thumb Code    30  tim.o(i.HAL_TIM_PWM_MspInit)
    HAL_TIM_PWM_PulseFinishedCallback        0x08004a81   Thumb Code     2  stm32f4xx_hal_tim.o(i.HAL_TIM_PWM_PulseFinishedCallback)
    HAL_TIM_PWM_Start                        0x08004a85   Thumb Code   172  stm32f4xx_hal_tim.o(i.HAL_TIM_PWM_Start)
    HAL_TIM_PeriodElapsedCallback            0x08004b4d   Thumb Code    14  main.o(i.HAL_TIM_PeriodElapsedCallback)
    HAL_TIM_TriggerCallback                  0x08004b5b   Thumb Code     2  stm32f4xx_hal_tim.o(i.HAL_TIM_TriggerCallback)
    HAL_UARTEx_RxEventCallback               0x08004b5d   Thumb Code     2  stm32f4xx_hal_uart.o(i.HAL_UARTEx_RxEventCallback)
    HAL_UART_DMAStop                         0x08004b5f   Thumb Code   112  stm32f4xx_hal_uart.o(i.HAL_UART_DMAStop)
    HAL_UART_ErrorCallback                   0x08004bcf   Thumb Code     2  stm32f4xx_hal_uart.o(i.HAL_UART_ErrorCallback)
    HAL_UART_IRQHandler                      0x08004bd1   Thumb Code   618  stm32f4xx_hal_uart.o(i.HAL_UART_IRQHandler)
    HAL_UART_Init                            0x08004e41   Thumb Code   100  stm32f4xx_hal_uart.o(i.HAL_UART_Init)
    HAL_UART_MspInit                         0x08004ea5   Thumb Code   264  usart.o(i.HAL_UART_MspInit)
    HAL_UART_Receive_DMA                     0x08004fcd   Thumb Code    28  stm32f4xx_hal_uart.o(i.HAL_UART_Receive_DMA)
    HAL_UART_RxCpltCallback                  0x08004fe9   Thumb Code     2  stm32f4xx_hal_uart.o(i.HAL_UART_RxCpltCallback)
    HAL_UART_RxHalfCpltCallback              0x08004feb   Thumb Code     2  stm32f4xx_hal_uart.o(i.HAL_UART_RxHalfCpltCallback)
    HAL_UART_Transmit                        0x08004fed   Thumb Code   160  stm32f4xx_hal_uart.o(i.HAL_UART_Transmit)
    HAL_UART_TxCpltCallback                  0x0800508d   Thumb Code     2  stm32f4xx_hal_uart.o(i.HAL_UART_TxCpltCallback)
    HardFault_Handler                        0x0800518d   Thumb Code     2  stm32f4xx_it.o(i.HardFault_Handler)
    IMU_QuaternionEKF_Init                   0x0800552d   Thumb Code   178  quaternionekf.o(i.IMU_QuaternionEKF_Init)
    IMU_QuaternionEKF_Update                 0x08005701   Thumb Code   992  quaternionekf.o(i.IMU_QuaternionEKF_Update)
    IMU_Temperature_Ctrl                     0x08005ecd   Thumb Code    72  ins_task.o(i.IMU_Temperature_Ctrl)
    INS_Init                                 0x08005f2d   Thumb Code   144  ins_task.o(i.INS_Init)
    INS_Task                                 0x08005fe5   Thumb Code   400  ins_task.o(i.INS_Task)
    Kalman_Filter_Init                       0x08006199   Thumb Code   994  kalman_filter.o(i.Kalman_Filter_Init)
    Kalman_Filter_Measure                    0x08006581   Thumb Code    66  kalman_filter.o(i.Kalman_Filter_Measure)
    Kalman_Filter_P_Update                   0x080065c9   Thumb Code   106  kalman_filter.o(i.Kalman_Filter_P_Update)
    Kalman_Filter_PminusUpdate               0x08006633   Thumb Code   108  kalman_filter.o(i.Kalman_Filter_PminusUpdate)
    Kalman_Filter_SetK                       0x0800669f   Thumb Code   204  kalman_filter.o(i.Kalman_Filter_SetK)
    Kalman_Filter_Update                     0x0800676d   Thumb Code   228  kalman_filter.o(i.Kalman_Filter_Update)
    Kalman_Filter_xhatMinusUpdate            0x08006855   Thumb Code   116  kalman_filter.o(i.Kalman_Filter_xhatMinusUpdate)
    Kalman_Filter_xhatUpdate                 0x080068c9   Thumb Code   132  kalman_filter.o(i.Kalman_Filter_xhatUpdate)
    MX_DMA_Init                              0x0800694d   Thumb Code    88  dma.o(i.MX_DMA_Init)
    MX_FREERTOS_Init                         0x080069a9   Thumb Code    96  freertos.o(i.MX_FREERTOS_Init)
    MX_GPIO_Init                             0x08006a11   Thumb Code   454  gpio.o(i.MX_GPIO_Init)
    MX_SPI1_Init                             0x08006bf5   Thumb Code    64  spi.o(i.MX_SPI1_Init)
    MX_TIM10_Init                            0x08006c3d   Thumb Code    94  tim.o(i.MX_TIM10_Init)
    MX_TIM1_Init                             0x08006ca5   Thumb Code   200  tim.o(i.MX_TIM1_Init)
    MX_USART1_UART_Init                      0x08006d75   Thumb Code    48  usart.o(i.MX_USART1_UART_Init)
    MX_USART3_UART_Init                      0x08006dad   Thumb Code    60  usart.o(i.MX_USART3_UART_Init)
    MemManage_Handler                        0x08006df5   Thumb Code     2  stm32f4xx_it.o(i.MemManage_Handler)
    NMI_Handler                              0x08006df7   Thumb Code     2  stm32f4xx_it.o(i.NMI_Handler)
    OLS_Derivative                           0x08006df9   Thumb Code   496  user_lib.o(i.OLS_Derivative)
    OLS_Init                                 0x08006fed   Thumb Code    66  user_lib.o(i.OLS_Init)
    PID_Calculate                            0x08007031   Thumb Code  1100  controller.o(i.PID_Calculate)
    PID_Init                                 0x08007495   Thumb Code   110  controller.o(i.PID_Init)
    StartControlTask                         0x0800768d   Thumb Code    26  freertos.o(i.StartControlTask)
    StartINSTask                             0x080076a7   Thumb Code    16  freertos.o(i.StartINSTask)
    StartTReceiverTask                       0x080076b9   Thumb Code    24  freertos.o(i.StartTReceiverTask)
    StartUARTTask                            0x080076d9   Thumb Code    12  freertos.o(i.StartUARTTask)
    SysTick_Handler                          0x080076e5   Thumb Code    38  port.o(i.SysTick_Handler)
    SystemClock_Config                       0x08007711   Thumb Code   124  main.o(i.SystemClock_Config)
    SystemInit                               0x08007795   Thumb Code    22  system_stm32f4xx.o(i.SystemInit)
    TIM2_IRQHandler                          0x080077b1   Thumb Code     6  stm32f4xx_it.o(i.TIM2_IRQHandler)
    TIM_Base_SetConfig                       0x080077bd   Thumb Code   170  stm32f4xx_hal_tim.o(i.TIM_Base_SetConfig)
    TIM_CCxChannelCmd                        0x08007895   Thumb Code    26  stm32f4xx_hal_tim.o(i.TIM_CCxChannelCmd)
    TIM_OC2_SetConfig                        0x08007911   Thumb Code    98  stm32f4xx_hal_tim.o(i.TIM_OC2_SetConfig)
    TIM_Set_PWM                              0x08007a35   Thumb Code    42  bsp_pwm.o(i.TIM_Set_PWM)
    UART_Start_Receive_DMA                   0x08007d95   Thumb Code   130  stm32f4xx_hal_uart.o(i.UART_Start_Receive_DMA)
    UART_Task                                0x08007e25   Thumb Code   110  ins_task.o(i.UART_Task)
    USART3_IRQHandler                        0x08007f49   Thumb Code    68  stm32f4xx_it.o(i.USART3_IRQHandler)
    UsageFault_Handler                       0x08007f99   Thumb Code     2  stm32f4xx_it.o(i.UsageFault_Handler)
    __ARM_fpclassify                         0x08007f9b   Thumb Code    48  fpclassify.o(i.__ARM_fpclassify)
    __ARM_fpclassifyf                        0x08007fcb   Thumb Code    38  fpclassifyf.o(i.__ARM_fpclassifyf)
    __hardfp_acosf                           0x08008011   Thumb Code   234  acosf.o(i.__hardfp_acosf)
    __hardfp_asinf                           0x08008129   Thumb Code   258  asinf.o(i.__hardfp_asinf)
    __hardfp_atan2f                          0x08008255   Thumb Code   502  atan2f.o(i.__hardfp_atan2f)
    __hardfp_sqrtf                           0x080084a5   Thumb Code    58  sqrtf_full.o(i.__hardfp_sqrtf)
    __mathlib_flt_infnan                     0x080084df   Thumb Code     6  funder.o(i.__mathlib_flt_infnan)
    __mathlib_flt_infnan2                    0x080084e5   Thumb Code     6  funder.o(i.__mathlib_flt_infnan2)
    __mathlib_flt_invalid                    0x080084ed   Thumb Code    10  funder.o(i.__mathlib_flt_invalid)
    __mathlib_flt_underflow                  0x080084fd   Thumb Code    10  funder.o(i.__mathlib_flt_underflow)
    _is_digit                                0x0800850d   Thumb Code    14  __printf_wp.o(i._is_digit)
    bmi088_accel_init                        0x0800851d   Thumb Code   292  bmi088driver.o(i.bmi088_accel_init)
    bmi088_gyro_init                         0x08008645   Thumb Code   246  bmi088driver.o(i.bmi088_gyro_init)
    float_constrain                          0x08008949   Thumb Code    32  user_lib.o(i.float_constrain)
    float_rounding                           0x08008969   Thumb Code    34  user_lib.o(i.float_rounding)
    main                                     0x080089b9   Thumb Code   106  main.o(i.main)
    map_channel                              0x08008a39   Thumb Code    52  receiver_task.o(i.map_channel)
    map_channel_manual                       0x08008a6d   Thumb Code    36  receiver_task.o(i.map_channel_manual)
    osDelay                                  0x08008a91   Thumb Code    14  cmsis_os.o(i.osDelay)
    osKernelStart                            0x08008a9f   Thumb Code    10  cmsis_os.o(i.osKernelStart)
    osThreadCreate                           0x08008aa9   Thumb Code    84  cmsis_os.o(i.osThreadCreate)
    parse_sbus_frame                         0x08008afd   Thumb Code   374  receiver_task.o(i.parse_sbus_frame)
    pvPortMalloc                             0x08009425   Thumb Code   216  heap_4.o(i.pvPortMalloc)
    pxPortInitialiseStack                    0x08009501   Thumb Code    40  port.o(i.pxPortInitialiseStack)
    sbus_init                                0x0800952d   Thumb Code    26  receiver_task.o(i.sbus_init)
    sqrtf                                    0x08009551   Thumb Code    62  sqrtf_full.o(i.sqrtf)
    uxListRemove                             0x0800958f   Thumb Code    38  list.o(i.uxListRemove)
    vApplicationGetIdleTaskMemory            0x080095b5   Thumb Code    16  freertos.o(i.vApplicationGetIdleTaskMemory)
    vApplicationGetTimerTaskMemory           0x080095c9   Thumb Code    18  freertos.o(i.vApplicationGetTimerTaskMemory)
    vListInitialise                          0x080095e1   Thumb Code    22  list.o(i.vListInitialise)
    vListInitialiseItem                      0x080095f7   Thumb Code     6  list.o(i.vListInitialiseItem)
    vListInsert                              0x080095fd   Thumb Code    48  list.o(i.vListInsert)
    vListInsertEnd                           0x0800962d   Thumb Code    24  list.o(i.vListInsertEnd)
    vPortEnterCritical                       0x08009645   Thumb Code    54  port.o(i.vPortEnterCritical)
    vPortExitCritical                        0x08009685   Thumb Code    34  port.o(i.vPortExitCritical)
    vPortFree                                0x080096ad   Thumb Code    94  heap_4.o(i.vPortFree)
    vPortSetupTimerInterrupt                 0x08009711   Thumb Code    32  port.o(i.vPortSetupTimerInterrupt)
    vPortValidateInterruptPriority           0x08009735   Thumb Code    74  port.o(i.vPortValidateInterruptPriority)
    vQueueAddToRegistry                      0x08009789   Thumb Code    34  queue.o(i.vQueueAddToRegistry)
    vQueueWaitForMessageRestricted           0x080097b1   Thumb Code    68  queue.o(i.vQueueWaitForMessageRestricted)
    vTaskDelay                               0x080097f5   Thumb Code    66  tasks.o(i.vTaskDelay)
    vTaskDelayUntil                          0x08009841   Thumb Code   132  tasks.o(i.vTaskDelayUntil)
    vTaskInternalSetTimeOutState             0x080098cd   Thumb Code    12  tasks.o(i.vTaskInternalSetTimeOutState)
    vTaskMissedYield                         0x080098dd   Thumb Code     8  tasks.o(i.vTaskMissedYield)
    vTaskPlaceOnEventList                    0x080098e9   Thumb Code    44  tasks.o(i.vTaskPlaceOnEventList)
    vTaskPlaceOnEventListRestricted          0x08009919   Thumb Code    52  tasks.o(i.vTaskPlaceOnEventListRestricted)
    vTaskStartScheduler                      0x08009951   Thumb Code   118  tasks.o(i.vTaskStartScheduler)
    vTaskSuspendAll                          0x080099d9   Thumb Code    10  tasks.o(i.vTaskSuspendAll)
    vTaskSwitchContext                       0x080099e9   Thumb Code    82  tasks.o(i.vTaskSwitchContext)
    xPortStartScheduler                      0x08009a45   Thumb Code   222  port.o(i.xPortStartScheduler)
    xQueueGenericCreateStatic                0x08009b39   Thumb Code   102  queue.o(i.xQueueGenericCreateStatic)
    xQueueGenericReset                       0x08009ba1   Thumb Code   132  queue.o(i.xQueueGenericReset)
    xQueueGenericSend                        0x08009c29   Thumb Code   346  queue.o(i.xQueueGenericSend)
    xQueueGenericSendFromISR                 0x08009d89   Thumb Code   190  queue.o(i.xQueueGenericSendFromISR)
    xQueueReceive                            0x08009e49   Thumb Code   308  queue.o(i.xQueueReceive)
    xTaskCheckForTimeOut                     0x08009f81   Thumb Code   132  tasks.o(i.xTaskCheckForTimeOut)
    xTaskCreate                              0x0800a009   Thumb Code    90  tasks.o(i.xTaskCreate)
    xTaskCreateStatic                        0x0800a063   Thumb Code    86  tasks.o(i.xTaskCreateStatic)
    xTaskGetSchedulerState                   0x0800a0b9   Thumb Code    22  tasks.o(i.xTaskGetSchedulerState)
    xTaskGetTickCount                        0x0800a0d5   Thumb Code     6  tasks.o(i.xTaskGetTickCount)
    xTaskIncrementTick                       0x0800a0e1   Thumb Code   194  tasks.o(i.xTaskIncrementTick)
    xTaskPriorityDisinherit                  0x0800a1ad   Thumb Code   144  tasks.o(i.xTaskPriorityDisinherit)
    xTaskRemoveFromEventList                 0x0800a245   Thumb Code   108  tasks.o(i.xTaskRemoveFromEventList)
    xTaskResumeAll                           0x0800a2b9   Thumb Code   182  tasks.o(i.xTaskResumeAll)
    xTimerCreateTimerTask                    0x0800a37d   Thumb Code    78  timers.o(i.xTimerCreateTimerTask)
    xTimerGenericCommand                     0x0800a3dd   Thumb Code    98  timers.o(i.xTimerGenericCommand)
    _get_lc_numeric                          0x0800a445   Thumb Code    44  lc_numeric_c.o(locale$$code)
    __dflt_normalise                         0x0800a471   Thumb Code    26  dflt_clz.o(x$fpl$dfltn)
    __fpl_dretinf                            0x0800a48b   Thumb Code    12  dretinf.o(x$fpl$dretinf)
    __fpl_exception                          0x0800a499   Thumb Code   454  except.o(x$fpl$exception)
    __aeabi_f2d                              0x0800a685   Thumb Code     0  f2d.o(x$fpl$f2d)
    _f2d                                     0x0800a685   Thumb Code   122  f2d.o(x$fpl$f2d)
    __fpl_fnaninf                            0x0800a6ff   Thumb Code   242  fnaninf.o(x$fpl$fnaninf)
    _fp_init                                 0x0800a7f1   Thumb Code    10  fpinit.o(x$fpl$fpinit)
    __fplib_config_fpu_vfp                   0x0800a7f9   Thumb Code     0  fpinit.o(x$fpl$fpinit)
    __fplib_config_pureend_doubles           0x0800a7f9   Thumb Code     0  fpinit.o(x$fpl$fpinit)
    __funder                                 0x0800a7fb   Thumb Code   254  funder_clz.o(x$fpl$funder)
    __funder_d                               0x0800a8f9   Thumb Code    62  funder_clz.o(x$fpl$funder)
    __ieee_status                            0x0800a939   Thumb Code    28  istatus.o(x$fpl$ieeestatus)
    _printf_fp_dec                           0x0800a959   Thumb Code     4  printf1.o(x$fpl$printf1)
    __fpl_return_NaN                         0x0800a95d   Thumb Code   178  retnan.o(x$fpl$retnan)
    _fp_trapveneer                           0x0800aa0f   Thumb Code    36  trapv.o(x$fpl$trapveneer)
    __fpl_cmpreturn                          0x0800aa33   Thumb Code    90  trapv.o(x$fpl$trapveneer)
    __I$use$fp                               0x0800aa8c   Number         0  usenofp.o(x$fpl$usenofp)
    AHBPrescTable                            0x0800aafc   Data          16  system_stm32f4xx.o(.constdata)
    APBPrescTable                            0x0800ab0c   Data           8  system_stm32f4xx.o(.constdata)
    xb                                       0x0800ab14   Data          12  ins_task.o(.constdata)
    yb                                       0x0800ab20   Data          12  ins_task.o(.constdata)
    zb                                       0x0800ab2c   Data          12  ins_task.o(.constdata)
    IMU_QuaternionEKF_F                      0x0800ab44   Data         144  quaternionekf.o(.constdata)
    sinTable_f32                             0x0800abdc   Data        2052  arm_common_tables.o(.constdata)
    Region$$Table$$Base                      0x0800b4a4   Number         0  anon$$obj.o(Region$$Table)
    Region$$Table$$Limit                     0x0800b4c4   Number         0  anon$$obj.o(Region$$Table)
    INSTaskHandle                            0x20000000   Data           4  freertos.o(.data)
    UARTTaskHandle                           0x20000004   Data           4  freertos.o(.data)
    ReceiverTaskHandle                       0x20000008   Data           4  freertos.o(.data)
    ControlTaskHandle                        0x2000000c   Data           4  freertos.o(.data)
    SystemCoreClock                          0x20000010   Data           4  system_stm32f4xx.o(.data)
    INS_DWT_Count                            0x20000014   Data           4  ins_task.o(.data)
    RefTemp                                  0x20000020   Data           4  ins_task.o(.data)
    sbus_frame_ready                         0x20000058   Data           1  receiver_task.o(.data)
    RC_Throttle_Manual                       0x2000005c   Data           4  receiver_task.o(.data)
    RC_Throttle                              0x20000060   Data           4  receiver_task.o(.data)
    RC_Yaw                                   0x20000064   Data           4  receiver_task.o(.data)
    RC_Pitch                                 0x20000068   Data           4  receiver_task.o(.data)
    RC_Roll                                  0x2000006c   Data           4  receiver_task.o(.data)
    RC_Arm                                   0x20000070   Data           4  receiver_task.o(.data)
    RC_Kill                                  0x20000074   Data           4  receiver_task.o(.data)
    RC_Lost                                  0x20000078   Data           4  receiver_task.o(.data)
    SysTime                                  0x200000c8   Data           8  bsp_dwt.o(.data)
    CYCCNT64                                 0x200000d0   Data           8  bsp_dwt.o(.data)
    caliOffset                               0x200000db   Data           1  bmi088driver.o(.data)
    caliCount                                0x200000dc   Data           2  bmi088driver.o(.data)
    BMI088_ACCEL_SEN                         0x200000e4   Data           4  bmi088driver.o(.data)
    BMI088_GYRO_SEN                          0x200000e8   Data           4  bmi088driver.o(.data)
    gNormDiff                                0x200000f0   Data           4  bmi088driver.o(.data)
    BMI088_SPI                               0x20000120   Data           4  bmi088middleware.o(.data)
    sizeof_float                             0x20000124   Data           2  kalman_filter.o(.data)
    sizeof_double                            0x20000126   Data           2  kalman_filter.o(.data)
    IMU_QuaternionEKF_P                      0x20000180   Data         144  quaternionekf.o(.data)
    uwTickFreq                               0x20000210   Data           1  stm32f4xx_hal.o(.data)
    uwTickPrio                               0x20000214   Data           4  stm32f4xx_hal.o(.data)
    uwTick                                   0x20000218   Data           4  stm32f4xx_hal.o(.data)
    pxCurrentTCB                             0x2000021c   Data           4  tasks.o(.data)
    hspi1                                    0x20000940   Data          88  spi.o(.bss)
    hdma_spi1_rx                             0x20000998   Data          96  spi.o(.bss)
    hdma_spi1_tx                             0x200009f8   Data          96  spi.o(.bss)
    htim1                                    0x20000a58   Data          72  tim.o(.bss)
    htim10                                   0x20000aa0   Data          72  tim.o(.bss)
    huart1                                   0x20000ae8   Data          72  usart.o(.bss)
    huart3                                   0x20000b30   Data          72  usart.o(.bss)
    hdma_usart3_rx                           0x20000b78   Data          96  usart.o(.bss)
    htim2                                    0x20000bd8   Data          72  stm32f4xx_hal_timebase_tim.o(.bss)
    TempCtrl                                 0x20000c20   Data         170  ins_task.o(.bss)
    INS                                      0x20000ccc   Data         128  ins_task.o(.bss)
    IMU_Param                                0x20000d4c   Data          28  ins_task.o(.bss)
    sbus_dma_buf                             0x20000d68   Data          25  receiver_task.o(.bss)
    sbus_data                                0x20000d82   Data          34  receiver_task.o(.bss)
    gyroDiff                                 0x20000e1c   Data          12  bmi088driver.o(.bss)
    BMI088                                   0x20000e28   Data          52  bmi088driver.o(.bss)
    QEKF_INS                                 0x20000e60   Data         480  quaternionekf.o(.bss)
    IMU_QuaternionEKF_K                      0x20001040   Data          72  quaternionekf.o(.bss)
    IMU_QuaternionEKF_H                      0x20001088   Data          72  quaternionekf.o(.bss)
    xQueueRegistry                           0x200010d0   Data          64  queue.o(.bss)
    __libspace_start                         0x20007310   Data          96  libspace.o(.bss)
    __temporary_stack_top$libspace           0x20007370   Data           0  libspace.o(.bss)



==============================================================================

Memory Map of the image

  Image Entry point : 0x08000189

  Load Region LR_IROM1 (Base: 0x08000000, Size: 0x0000b778, Max: 0x00100000, ABSOLUTE, COMPRESSED[0x0000b540])

    Execution Region ER_IROM1 (Exec base: 0x08000000, Load base: 0x08000000, Size: 0x0000b4e0, Max: 0x00100000, ABSOLUTE)

    Exec Addr    Load Addr    Size         Type   Attr      Idx    E Section Name        Object

    0x08000000   0x08000000   0x00000188   Data   RO            3    RESET               startup_stm32f407xx.o
    0x08000188   0x08000188   0x00000008   Code   RO         6334  * !!!main             c_w.l(__main.o)
    0x08000190   0x08000190   0x00000034   Code   RO         6735    !!!scatter          c_w.l(__scatter.o)
    0x080001c4   0x080001c4   0x0000005a   Code   RO         6733    !!dczerorl2         c_w.l(__dczerorl2.o)
    0x0800021e   0x0800021e   0x00000002   PAD
    0x08000220   0x08000220   0x0000001c   Code   RO         6737    !!handler_zi        c_w.l(__scatter_zi.o)
    0x0800023c   0x0800023c   0x00000000   Code   RO         6317    .ARM.Collect$$_printf_percent$$00000000  c_w.l(_printf_percent.o)
    0x0800023c   0x0800023c   0x00000006   Code   RO         6316    .ARM.Collect$$_printf_percent$$00000003  c_w.l(_printf_f.o)
    0x08000242   0x08000242   0x00000004   Code   RO         6460    .ARM.Collect$$_printf_percent$$00000017  c_w.l(_printf_percent_end.o)
    0x08000246   0x08000246   0x00000002   Code   RO         6672    .ARM.Collect$$libinit$$00000000  c_w.l(libinit.o)
    0x08000248   0x08000248   0x00000004   Code   RO         6463    .ARM.Collect$$libinit$$00000001  c_w.l(libinit2.o)
    0x0800024c   0x0800024c   0x00000000   Code   RO         6466    .ARM.Collect$$libinit$$00000004  c_w.l(libinit2.o)
    0x0800024c   0x0800024c   0x00000008   Code   RO         6467    .ARM.Collect$$libinit$$00000005  c_w.l(libinit2.o)
    0x08000254   0x08000254   0x00000000   Code   RO         6469    .ARM.Collect$$libinit$$0000000A  c_w.l(libinit2.o)
    0x08000254   0x08000254   0x00000000   Code   RO         6471    .ARM.Collect$$libinit$$0000000C  c_w.l(libinit2.o)
    0x08000254   0x08000254   0x00000000   Code   RO         6473    .ARM.Collect$$libinit$$0000000E  c_w.l(libinit2.o)
    0x08000254   0x08000254   0x00000006   Code   RO         6474    .ARM.Collect$$libinit$$0000000F  c_w.l(libinit2.o)
    0x0800025a   0x0800025a   0x00000000   Code   RO         6476    .ARM.Collect$$libinit$$00000011  c_w.l(libinit2.o)
    0x0800025a   0x0800025a   0x00000000   Code   RO         6478    .ARM.Collect$$libinit$$00000013  c_w.l(libinit2.o)
    0x0800025a   0x0800025a   0x00000000   Code   RO         6480    .ARM.Collect$$libinit$$00000015  c_w.l(libinit2.o)
    0x0800025a   0x0800025a   0x0000000a   Code   RO         6481    .ARM.Collect$$libinit$$00000016  c_w.l(libinit2.o)
    0x08000264   0x08000264   0x00000000   Code   RO         6482    .ARM.Collect$$libinit$$00000017  c_w.l(libinit2.o)
    0x08000264   0x08000264   0x00000000   Code   RO         6484    .ARM.Collect$$libinit$$00000019  c_w.l(libinit2.o)
    0x08000264   0x08000264   0x00000000   Code   RO         6486    .ARM.Collect$$libinit$$0000001B  c_w.l(libinit2.o)
    0x08000264   0x08000264   0x00000000   Code   RO         6488    .ARM.Collect$$libinit$$0000001D  c_w.l(libinit2.o)
    0x08000264   0x08000264   0x00000000   Code   RO         6490    .ARM.Collect$$libinit$$0000001F  c_w.l(libinit2.o)
    0x08000264   0x08000264   0x00000000   Code   RO         6492    .ARM.Collect$$libinit$$00000021  c_w.l(libinit2.o)
    0x08000264   0x08000264   0x00000000   Code   RO         6494    .ARM.Collect$$libinit$$00000023  c_w.l(libinit2.o)
    0x08000264   0x08000264   0x00000000   Code   RO         6496    .ARM.Collect$$libinit$$00000025  c_w.l(libinit2.o)
    0x08000264   0x08000264   0x00000000   Code   RO         6500    .ARM.Collect$$libinit$$0000002C  c_w.l(libinit2.o)
    0x08000264   0x08000264   0x00000000   Code   RO         6502    .ARM.Collect$$libinit$$0000002E  c_w.l(libinit2.o)
    0x08000264   0x08000264   0x00000000   Code   RO         6504    .ARM.Collect$$libinit$$00000030  c_w.l(libinit2.o)
    0x08000264   0x08000264   0x00000000   Code   RO         6506    .ARM.Collect$$libinit$$00000032  c_w.l(libinit2.o)
    0x08000264   0x08000264   0x00000002   Code   RO         6507    .ARM.Collect$$libinit$$00000033  c_w.l(libinit2.o)
    0x08000266   0x08000266   0x00000002   Code   RO         6730    .ARM.Collect$$libshutdown$$00000000  c_w.l(libshutdown.o)
    0x08000268   0x08000268   0x00000000   Code   RO         6688    .ARM.Collect$$libshutdown$$00000002  c_w.l(libshutdown2.o)
    0x08000268   0x08000268   0x00000000   Code   RO         6690    .ARM.Collect$$libshutdown$$00000004  c_w.l(libshutdown2.o)
    0x08000268   0x08000268   0x00000000   Code   RO         6693    .ARM.Collect$$libshutdown$$00000007  c_w.l(libshutdown2.o)
    0x08000268   0x08000268   0x00000000   Code   RO         6696    .ARM.Collect$$libshutdown$$0000000A  c_w.l(libshutdown2.o)
    0x08000268   0x08000268   0x00000000   Code   RO         6698    .ARM.Collect$$libshutdown$$0000000C  c_w.l(libshutdown2.o)
    0x08000268   0x08000268   0x00000000   Code   RO         6701    .ARM.Collect$$libshutdown$$0000000F  c_w.l(libshutdown2.o)
    0x08000268   0x08000268   0x00000002   Code   RO         6702    .ARM.Collect$$libshutdown$$00000010  c_w.l(libshutdown2.o)
    0x0800026a   0x0800026a   0x00000000   Code   RO         6414    .ARM.Collect$$rtentry$$00000000  c_w.l(__rtentry.o)
    0x0800026a   0x0800026a   0x00000000   Code   RO         6553    .ARM.Collect$$rtentry$$00000002  c_w.l(__rtentry2.o)
    0x0800026a   0x0800026a   0x00000006   Code   RO         6565    .ARM.Collect$$rtentry$$00000004  c_w.l(__rtentry4.o)
    0x08000270   0x08000270   0x00000000   Code   RO         6555    .ARM.Collect$$rtentry$$00000009  c_w.l(__rtentry2.o)
    0x08000270   0x08000270   0x00000004   Code   RO         6556    .ARM.Collect$$rtentry$$0000000A  c_w.l(__rtentry2.o)
    0x08000274   0x08000274   0x00000000   Code   RO         6558    .ARM.Collect$$rtentry$$0000000C  c_w.l(__rtentry2.o)
    0x08000274   0x08000274   0x00000008   Code   RO         6559    .ARM.Collect$$rtentry$$0000000D  c_w.l(__rtentry2.o)
    0x0800027c   0x0800027c   0x00000002   Code   RO         6675    .ARM.Collect$$rtexit$$00000000  c_w.l(rtexit.o)
    0x0800027e   0x0800027e   0x00000000   Code   RO         6706    .ARM.Collect$$rtexit$$00000002  c_w.l(rtexit2.o)
    0x0800027e   0x0800027e   0x00000004   Code   RO         6707    .ARM.Collect$$rtexit$$00000003  c_w.l(rtexit2.o)
    0x08000282   0x08000282   0x00000006   Code   RO         6708    .ARM.Collect$$rtexit$$00000004  c_w.l(rtexit2.o)
    0x08000288   0x08000288   0x000000be   Code   RO         5853    .emb_text           port.o
    0x08000346   0x08000346   0x00000002   PAD
    0x08000348   0x08000348   0x00000000   Code   RO         6581    .emb_text           c_w.l(maybetermalloc1.o)
    0x08000348   0x08000348   0x00000040   Code   RO            4    .text               startup_stm32f407xx.o
    0x08000388   0x08000388   0x00000078   Code   RO         5933    .text               arm_cortexM4lf_math.lib(arm_cos_f32.o)
    0x08000400   0x08000400   0x00000094   Code   RO         5983    .text               arm_cortexM4lf_math.lib(arm_sin_f32.o)
    0x08000494   0x08000494   0x00000108   Code   RO         6007    .text               arm_cortexM4lf_math.lib(arm_mat_add_f32.o)
    0x0800059c   0x0800059c   0x00000008   Code   RO         6031    .text               arm_cortexM4lf_math.lib(arm_mat_init_f32.o)
    0x080005a4   0x080005a4   0x00000530   Code   RO         6055    .text               arm_cortexM4lf_math.lib(arm_mat_inverse_f32.o)
    0x08000ad4   0x08000ad4   0x0000013c   Code   RO         6079    .text               arm_cortexM4lf_math.lib(arm_mat_mult_f32.o)
    0x08000c10   0x08000c10   0x00000108   Code   RO         6103    .text               arm_cortexM4lf_math.lib(arm_mat_sub_f32.o)
    0x08000d18   0x08000d18   0x00000114   Code   RO         6127    .text               arm_cortexM4lf_math.lib(arm_mat_trans_f32.o)
    0x08000e2c   0x08000e2c   0x0000005e   Code   RO         6234    .text               c_w.l(h1_alloc.o)
    0x08000e8a   0x08000e8a   0x000000ee   Code   RO         6288    .text               c_w.l(lludivv7m.o)
    0x08000f78   0x08000f78   0x00000034   Code   RO         6292    .text               c_w.l(noretval__2snprintf.o)
    0x08000fac   0x08000fac   0x0000010e   Code   RO         6304    .text               c_w.l(__printf_wp.o)
    0x080010ba   0x080010ba   0x0000003e   Code   RO         6318    .text               c_w.l(strlen.o)
    0x080010f8   0x080010f8   0x0000008a   Code   RO         6320    .text               c_w.l(rt_memcpy_v6.o)
    0x08001182   0x08001182   0x00000064   Code   RO         6322    .text               c_w.l(rt_memcpy_w.o)
    0x080011e6   0x080011e6   0x00000010   Code   RO         6326    .text               c_w.l(aeabi_memset.o)
    0x080011f6   0x080011f6   0x00000044   Code   RO         6328    .text               c_w.l(rt_memclr.o)
    0x0800123a   0x0800123a   0x0000004e   Code   RO         6330    .text               c_w.l(rt_memclr_w.o)
    0x08001288   0x08001288   0x00000006   Code   RO         6332    .text               c_w.l(heapauxi.o)
    0x0800128e   0x0800128e   0x00000002   PAD
    0x08001290   0x08001290   0x00000008   Code   RO         6422    .text               c_w.l(rt_heap_descriptor_intlibspace.o)
    0x08001298   0x08001298   0x00000004   Code   RO         6424    .text               c_w.l(hguard.o)
    0x0800129c   0x0800129c   0x0000008a   Code   RO         6426    .text               c_w.l(init_alloc.o)
    0x08001326   0x08001326   0x0000000e   Code   RO         6432    .text               c_w.l(h1_init.o)
    0x08001334   0x08001334   0x0000004e   Code   RO         6434    .text               c_w.l(h1_free.o)
    0x08001382   0x08001382   0x00000016   Code   RO         6450    .text               c_w.l(_rserrno.o)
    0x08001398   0x08001398   0x0000041e   Code   RO         6452    .text               c_w.l(_printf_fp_dec.o)
    0x080017b6   0x080017b6   0x00000002   PAD
    0x080017b8   0x080017b8   0x00000030   Code   RO         6454    .text               c_w.l(_printf_char_common.o)
    0x080017e8   0x080017e8   0x0000000a   Code   RO         6456    .text               c_w.l(_sputc.o)
    0x080017f2   0x080017f2   0x00000010   Code   RO         6458    .text               c_w.l(_snputc.o)
    0x08001802   0x08001802   0x00000002   PAD
    0x08001804   0x08001804   0x00000008   Code   RO         6549    .text               c_w.l(libspace.o)
    0x0800180c   0x0800180c   0x00000008   Code   RO         6572    .text               c_w.l(rt_locale_intlibspace.o)
    0x08001814   0x08001814   0x00000008   Code   RO         6577    .text               c_w.l(rt_errno_addr_intlibspace.o)
    0x0800181c   0x0800181c   0x00000034   Code   RO         6583    .text               c_w.l(h1_extend.o)
    0x08001850   0x08001850   0x0000008a   Code   RO         6587    .text               c_w.l(lludiv10.o)
    0x080018da   0x080018da   0x00000002   PAD
    0x080018dc   0x080018dc   0x00000030   Code   RO         6589    .text               c_w.l(_fptrap.o)
    0x0800190c   0x0800190c   0x00000080   Code   RO         6591    .text               c_w.l(_printf_fp_infnan.o)
    0x0800198c   0x0800198c   0x000000e4   Code   RO         6595    .text               c_w.l(bigflt0.o)
    0x08001a70   0x08001a70   0x0000000e   Code   RO         6623    .text               c_w.l(defsig_rtmem_outer.o)
    0x08001a7e   0x08001a7e   0x00000002   Code   RO         6642    .text               c_w.l(use_no_semi.o)
    0x08001a80   0x08001a80   0x00000000   Code   RO         6644    .text               c_w.l(indicate_semi.o)
    0x08001a80   0x08001a80   0x0000004a   Code   RO         6645    .text               c_w.l(sys_stackheap_outer.o)
    0x08001aca   0x08001aca   0x00000012   Code   RO         6651    .text               c_w.l(exit.o)
    0x08001adc   0x08001adc   0x0000000a   Code   RO         6653    .text               c_w.l(defsig_exit.o)
    0x08001ae6   0x08001ae6   0x0000000e   Code   RO         6655    .text               c_w.l(defsig_fpe_outer.o)
    0x08001af4   0x08001af4   0x00000050   Code   RO         6659    .text               c_w.l(defsig_rtmem_inner.o)
    0x08001b44   0x08001b44   0x00000080   Code   RO         6661    .text               c_w.l(strcmpv7m.o)
    0x08001bc4   0x08001bc4   0x0000000c   Code   RO         6673    .text               c_w.l(sys_exit.o)
    0x08001bd0   0x08001bd0   0x00000032   Code   RO         6683    .text               c_w.l(defsig_general.o)
    0x08001c02   0x08001c02   0x00000002   PAD
    0x08001c04   0x08001c04   0x000000ac   Code   RO         6685    .text               c_w.l(defsig_fpe_inner.o)
    0x08001cb0   0x08001cb0   0x0000000e   Code   RO         6703    .text               c_w.l(sys_wrch.o)
    0x08001cbe   0x08001cbe   0x0000003e   Code   RO         6598    CL$$btod_d2e        c_w.l(btod.o)
    0x08001cfc   0x08001cfc   0x00000046   Code   RO         6600    CL$$btod_d2e_denorm_low  c_w.l(btod.o)
    0x08001d42   0x08001d42   0x00000060   Code   RO         6599    CL$$btod_d2e_norm_op1  c_w.l(btod.o)
    0x08001da2   0x08001da2   0x00000338   Code   RO         6608    CL$$btod_div_common  c_w.l(btod.o)
    0x080020da   0x080020da   0x000000dc   Code   RO         6605    CL$$btod_e2e        c_w.l(btod.o)
    0x080021b6   0x080021b6   0x0000002a   Code   RO         6602    CL$$btod_ediv       c_w.l(btod.o)
    0x080021e0   0x080021e0   0x0000002a   Code   RO         6601    CL$$btod_emul       c_w.l(btod.o)
    0x0800220a   0x0800220a   0x00000244   Code   RO         6607    CL$$btod_mult_common  c_w.l(btod.o)
    0x0800244e   0x0800244e   0x00000002   PAD
    0x08002450   0x08002450   0x00000010   Code   RO         1182    i.BMI088_ACCEL_NS_H  bmi088middleware.o
    0x08002460   0x08002460   0x00000010   Code   RO         1183    i.BMI088_ACCEL_NS_L  bmi088middleware.o
    0x08002470   0x08002470   0x00000010   Code   RO         1184    i.BMI088_GYRO_NS_H  bmi088middleware.o
    0x08002480   0x08002480   0x00000010   Code   RO         1185    i.BMI088_GYRO_NS_L  bmi088middleware.o
    0x08002490   0x08002490   0x000001ac   Code   RO         1101    i.BMI088_Read       bmi088driver.o
    0x0800263c   0x0800263c   0x00000080   Code   RO         1102    i.BMI088_init       bmi088driver.o
    0x080026bc   0x080026bc   0x00000024   Code   RO         1103    i.BMI088_read_muli_reg  bmi088driver.o
    0x080026e0   0x080026e0   0x00000016   Code   RO         1104    i.BMI088_read_single_reg  bmi088driver.o
    0x080026f6   0x080026f6   0x00000002   PAD
    0x080026f8   0x080026f8   0x00000024   Code   RO         1186    i.BMI088_read_write_byte  bmi088middleware.o
    0x0800271c   0x0800271c   0x00000012   Code   RO         1105    i.BMI088_write_single_reg  bmi088driver.o
    0x0800272e   0x0800272e   0x000000ea   Code   RO          741    i.BodyFrameToEarthFrame  ins_task.o
    0x08002818   0x08002818   0x00000002   Code   RO          540    i.BusFault_Handler  stm32f4xx_it.o
    0x0800281a   0x0800281a   0x00000002   PAD
    0x0800281c   0x0800281c   0x00000404   Code   RO         1106    i.Calibrate_MPU_Offset  bmi088driver.o
    0x08002c20   0x08002c20   0x00000120   Code   RO          950    i.Command_Task_Init  command_task.o
    0x08002d40   0x08002d40   0x0000041c   Code   RO          951    i.Command_Task_Loop  command_task.o
    0x0800315c   0x0800315c   0x0000000c   Code   RO          541    i.DMA1_Stream1_IRQHandler  stm32f4xx_it.o
    0x08003168   0x08003168   0x0000000c   Code   RO          542    i.DMA2_Stream0_IRQHandler  stm32f4xx_it.o
    0x08003174   0x08003174   0x00000028   Code   RO         3071    i.DMA_CalcBaseAndBitshift  stm32f4xx_hal_dma.o
    0x0800319c   0x0800319c   0x00000054   Code   RO         3072    i.DMA_CheckFifoParam  stm32f4xx_hal_dma.o
    0x080031f0   0x080031f0   0x00000028   Code   RO         3073    i.DMA_SetConfig     stm32f4xx_hal_dma.o
    0x08003218   0x08003218   0x00000028   Code   RO          996    i.DWT_CNT_Update    bsp_dwt.o
    0x08003240   0x08003240   0x00000034   Code   RO          997    i.DWT_Delay         bsp_dwt.o
    0x08003274   0x08003274   0x00000044   Code   RO          998    i.DWT_GetDeltaT     bsp_dwt.o
    0x080032b8   0x080032b8   0x00000044   Code   RO         1001    i.DWT_GetTimeline_s  bsp_dwt.o
    0x080032fc   0x080032fc   0x00000048   Code   RO         1003    i.DWT_Init          bsp_dwt.o
    0x08003344   0x08003344   0x00000094   Code   RO         1004    i.DWT_SysTimeUpdate  bsp_dwt.o
    0x080033d8   0x080033d8   0x00000002   Code   RO          543    i.DebugMon_Handler  stm32f4xx_it.o
    0x080033da   0x080033da   0x00000006   Code   RO          544    i.EXTI3_IRQHandler  stm32f4xx_it.o
    0x080033e0   0x080033e0   0x00000006   Code   RO          545    i.EXTI4_IRQHandler  stm32f4xx_it.o
    0x080033e6   0x080033e6   0x00000018   Code   RO          546    i.EXTI9_5_IRQHandler  stm32f4xx_it.o
    0x080033fe   0x080033fe   0x000000ea   Code   RO          742    i.EarthFrameToBodyFrame  ins_task.o
    0x080034e8   0x080034e8   0x00000002   Code   RO           13    i.Error_Handler     main.o
    0x080034ea   0x080034ea   0x00000092   Code   RO         3074    i.HAL_DMA_Abort     stm32f4xx_hal_dma.o
    0x0800357c   0x0800357c   0x00000024   Code   RO         3075    i.HAL_DMA_Abort_IT  stm32f4xx_hal_dma.o
    0x080035a0   0x080035a0   0x000001a0   Code   RO         3079    i.HAL_DMA_IRQHandler  stm32f4xx_hal_dma.o
    0x08003740   0x08003740   0x000000d4   Code   RO         3080    i.HAL_DMA_Init      stm32f4xx_hal_dma.o
    0x08003814   0x08003814   0x0000006e   Code   RO         3084    i.HAL_DMA_Start_IT  stm32f4xx_hal_dma.o
    0x08003882   0x08003882   0x00000002   PAD
    0x08003884   0x08003884   0x00000024   Code   RO         3511    i.HAL_Delay         stm32f4xx_hal.o
    0x080038a8   0x080038a8   0x00000002   Code   RO         2965    i.HAL_GPIO_EXTI_Callback  stm32f4xx_hal_gpio.o
    0x080038aa   0x080038aa   0x00000002   PAD
    0x080038ac   0x080038ac   0x00000018   Code   RO         2966    i.HAL_GPIO_EXTI_IRQHandler  stm32f4xx_hal_gpio.o
    0x080038c4   0x080038c4   0x000001f0   Code   RO         2967    i.HAL_GPIO_Init     stm32f4xx_hal_gpio.o
    0x08003ab4   0x08003ab4   0x0000000a   Code   RO         2971    i.HAL_GPIO_WritePin  stm32f4xx_hal_gpio.o
    0x08003abe   0x08003abe   0x00000002   PAD
    0x08003ac0   0x08003ac0   0x0000000c   Code   RO         3517    i.HAL_GetTick       stm32f4xx_hal.o
    0x08003acc   0x08003acc   0x00000010   Code   RO         3523    i.HAL_IncTick       stm32f4xx_hal.o
    0x08003adc   0x08003adc   0x00000034   Code   RO         3524    i.HAL_Init          stm32f4xx_hal.o
    0x08003b10   0x08003b10   0x00000098   Code   RO          664    i.HAL_InitTick      stm32f4xx_hal_timebase_tim.o
    0x08003ba8   0x08003ba8   0x00000038   Code   RO          640    i.HAL_MspInit       stm32f4xx_hal_msp.o
    0x08003be0   0x08003be0   0x0000001a   Code   RO         3359    i.HAL_NVIC_EnableIRQ  stm32f4xx_hal_cortex.o
    0x08003bfa   0x08003bfa   0x00000002   PAD
    0x08003bfc   0x08003bfc   0x00000040   Code   RO         3365    i.HAL_NVIC_SetPriority  stm32f4xx_hal_cortex.o
    0x08003c3c   0x08003c3c   0x00000024   Code   RO         3366    i.HAL_NVIC_SetPriorityGrouping  stm32f4xx_hal_cortex.o
    0x08003c60   0x08003c60   0x00000134   Code   RO         2613    i.HAL_RCC_ClockConfig  stm32f4xx_hal_rcc.o
    0x08003d94   0x08003d94   0x00000040   Code   RO         2617    i.HAL_RCC_GetClockConfig  stm32f4xx_hal_rcc.o
    0x08003dd4   0x08003dd4   0x00000020   Code   RO         2620    i.HAL_RCC_GetPCLK1Freq  stm32f4xx_hal_rcc.o
    0x08003df4   0x08003df4   0x00000020   Code   RO         2621    i.HAL_RCC_GetPCLK2Freq  stm32f4xx_hal_rcc.o
    0x08003e14   0x08003e14   0x00000064   Code   RO         2622    i.HAL_RCC_GetSysClockFreq  stm32f4xx_hal_rcc.o
    0x08003e78   0x08003e78   0x0000036c   Code   RO         2625    i.HAL_RCC_OscConfig  stm32f4xx_hal_rcc.o
    0x080041e4   0x080041e4   0x000000bc   Code   RO         3773    i.HAL_SPI_Init      stm32f4xx_hal_spi.o
    0x080042a0   0x080042a0   0x000000fc   Code   RO          385    i.HAL_SPI_MspInit   spi.o
    0x0800439c   0x0800439c   0x000001f0   Code   RO         3782    i.HAL_SPI_TransmitReceive  stm32f4xx_hal_spi.o
    0x0800458c   0x0800458c   0x00000002   Code   RO         2345    i.HAL_TIMEx_BreakCallback  stm32f4xx_hal_tim_ex.o
    0x0800458e   0x0800458e   0x00000002   Code   RO         2346    i.HAL_TIMEx_CommutCallback  stm32f4xx_hal_tim_ex.o
    0x08004590   0x08004590   0x00000054   Code   RO         2348    i.HAL_TIMEx_ConfigBreakDeadTime  stm32f4xx_hal_tim_ex.o
    0x080045e4   0x080045e4   0x00000090   Code   RO         2364    i.HAL_TIMEx_MasterConfigSynchronization  stm32f4xx_hal_tim_ex.o
    0x08004674   0x08004674   0x0000005a   Code   RO         1641    i.HAL_TIM_Base_Init  stm32f4xx_hal_tim.o
    0x080046ce   0x080046ce   0x00000002   PAD
    0x080046d0   0x080046d0   0x00000028   Code   RO          427    i.HAL_TIM_Base_MspInit  tim.o
    0x080046f8   0x080046f8   0x00000080   Code   RO         1646    i.HAL_TIM_Base_Start_IT  stm32f4xx_hal_tim.o
    0x08004778   0x08004778   0x00000002   Code   RO         1675    i.HAL_TIM_IC_CaptureCallback  stm32f4xx_hal_tim.o
    0x0800477a   0x0800477a   0x00000130   Code   RO         1689    i.HAL_TIM_IRQHandler  stm32f4xx_hal_tim.o
    0x080048aa   0x080048aa   0x00000002   PAD
    0x080048ac   0x080048ac   0x00000084   Code   RO          428    i.HAL_TIM_MspPostInit  tim.o
    0x08004930   0x08004930   0x00000002   Code   RO         1692    i.HAL_TIM_OC_DelayElapsedCallback  stm32f4xx_hal_tim.o
    0x08004932   0x08004932   0x000000cc   Code   RO         1713    i.HAL_TIM_PWM_ConfigChannel  stm32f4xx_hal_tim.o
    0x080049fe   0x080049fe   0x0000005a   Code   RO         1716    i.HAL_TIM_PWM_Init  stm32f4xx_hal_tim.o
    0x08004a58   0x08004a58   0x00000028   Code   RO          430    i.HAL_TIM_PWM_MspInit  tim.o
    0x08004a80   0x08004a80   0x00000002   Code   RO         1719    i.HAL_TIM_PWM_PulseFinishedCallback  stm32f4xx_hal_tim.o
    0x08004a82   0x08004a82   0x00000002   PAD
    0x08004a84   0x08004a84   0x000000c8   Code   RO         1721    i.HAL_TIM_PWM_Start  stm32f4xx_hal_tim.o
    0x08004b4c   0x08004b4c   0x0000000e   Code   RO           14    i.HAL_TIM_PeriodElapsedCallback  main.o
    0x08004b5a   0x08004b5a   0x00000002   Code   RO         1732    i.HAL_TIM_TriggerCallback  stm32f4xx_hal_tim.o
    0x08004b5c   0x08004b5c   0x00000002   Code   RO         4096    i.HAL_UARTEx_RxEventCallback  stm32f4xx_hal_uart.o
    0x08004b5e   0x08004b5e   0x00000070   Code   RO         4108    i.HAL_UART_DMAStop  stm32f4xx_hal_uart.o
    0x08004bce   0x08004bce   0x00000002   Code   RO         4110    i.HAL_UART_ErrorCallback  stm32f4xx_hal_uart.o
    0x08004bd0   0x08004bd0   0x00000270   Code   RO         4113    i.HAL_UART_IRQHandler  stm32f4xx_hal_uart.o
    0x08004e40   0x08004e40   0x00000064   Code   RO         4114    i.HAL_UART_Init     stm32f4xx_hal_uart.o
    0x08004ea4   0x08004ea4   0x00000128   Code   RO          493    i.HAL_UART_MspInit  usart.o
    0x08004fcc   0x08004fcc   0x0000001c   Code   RO         4118    i.HAL_UART_Receive_DMA  stm32f4xx_hal_uart.o
    0x08004fe8   0x08004fe8   0x00000002   Code   RO         4120    i.HAL_UART_RxCpltCallback  stm32f4xx_hal_uart.o
    0x08004fea   0x08004fea   0x00000002   Code   RO         4121    i.HAL_UART_RxHalfCpltCallback  stm32f4xx_hal_uart.o
    0x08004fec   0x08004fec   0x000000a0   Code   RO         4122    i.HAL_UART_Transmit  stm32f4xx_hal_uart.o
    0x0800508c   0x0800508c   0x00000002   Code   RO         4125    i.HAL_UART_TxCpltCallback  stm32f4xx_hal_uart.o
    0x0800508e   0x0800508e   0x00000002   PAD
    0x08005090   0x08005090   0x000000fc   Code   RO         1236    i.H_K_R_Adjustment  kalman_filter.o
    0x0800518c   0x0800518c   0x00000002   Code   RO          547    i.HardFault_Handler  stm32f4xx_it.o
    0x0800518e   0x0800518e   0x00000002   PAD
    0x08005190   0x08005190   0x00000244   Code   RO          744    i.IMU_Param_Correction  ins_task.o
    0x080053d4   0x080053d4   0x00000158   Code   RO         1575    i.IMU_QuaternionEKF_F_Linearization_P_Fading  quaternionekf.o
    0x0800552c   0x0800552c   0x000000dc   Code   RO         1576    i.IMU_QuaternionEKF_Init  quaternionekf.o
    0x08005608   0x08005608   0x00000034   Code   RO         1577    i.IMU_QuaternionEKF_Observe  quaternionekf.o
    0x0800563c   0x0800563c   0x000000c4   Code   RO         1578    i.IMU_QuaternionEKF_SetH  quaternionekf.o
    0x08005700   0x08005700   0x00000414   Code   RO         1579    i.IMU_QuaternionEKF_Update  quaternionekf.o
    0x08005b14   0x08005b14   0x000003b8   Code   RO         1580    i.IMU_QuaternionEKF_xhatUpdate  quaternionekf.o
    0x08005ecc   0x08005ecc   0x00000060   Code   RO          745    i.IMU_Temperature_Ctrl  ins_task.o
    0x08005f2c   0x08005f2c   0x000000b8   Code   RO          746    i.INS_Init          ins_task.o
    0x08005fe4   0x08005fe4   0x000001b4   Code   RO          747    i.INS_Task          ins_task.o
    0x08006198   0x08006198   0x000003e8   Code   RO         1237    i.Kalman_Filter_Init  kalman_filter.o
    0x08006580   0x08006580   0x00000048   Code   RO         1238    i.Kalman_Filter_Measure  kalman_filter.o
    0x080065c8   0x080065c8   0x0000006a   Code   RO         1239    i.Kalman_Filter_P_Update  kalman_filter.o
    0x08006632   0x08006632   0x0000006c   Code   RO         1240    i.Kalman_Filter_PminusUpdate  kalman_filter.o
    0x0800669e   0x0800669e   0x000000cc   Code   RO         1241    i.Kalman_Filter_SetK  kalman_filter.o
    0x0800676a   0x0800676a   0x00000002   PAD
    0x0800676c   0x0800676c   0x000000e8   Code   RO         1242    i.Kalman_Filter_Update  kalman_filter.o
    0x08006854   0x08006854   0x00000074   Code   RO         1243    i.Kalman_Filter_xhatMinusUpdate  kalman_filter.o
    0x080068c8   0x080068c8   0x00000084   Code   RO         1244    i.Kalman_Filter_xhatUpdate  kalman_filter.o
    0x0800694c   0x0800694c   0x0000005c   Code   RO          360    i.MX_DMA_Init       dma.o
    0x080069a8   0x080069a8   0x00000068   Code   RO          257    i.MX_FREERTOS_Init  freertos.o
    0x08006a10   0x08006a10   0x000001e4   Code   RO          233    i.MX_GPIO_Init      gpio.o
    0x08006bf4   0x08006bf4   0x00000048   Code   RO          386    i.MX_SPI1_Init      spi.o
    0x08006c3c   0x08006c3c   0x00000068   Code   RO          431    i.MX_TIM10_Init     tim.o
    0x08006ca4   0x08006ca4   0x000000d0   Code   RO          432    i.MX_TIM1_Init      tim.o
    0x08006d74   0x08006d74   0x00000038   Code   RO          494    i.MX_USART1_UART_Init  usart.o
    0x08006dac   0x08006dac   0x00000048   Code   RO          495    i.MX_USART3_UART_Init  usart.o
    0x08006df4   0x08006df4   0x00000002   Code   RO          548    i.MemManage_Handler  stm32f4xx_it.o
    0x08006df6   0x08006df6   0x00000002   Code   RO          549    i.NMI_Handler       stm32f4xx_it.o
    0x08006df8   0x08006df8   0x000001f4   Code   RO         1321    i.OLS_Derivative    user_lib.o
    0x08006fec   0x08006fec   0x00000042   Code   RO         1322    i.OLS_Init          user_lib.o
    0x0800702e   0x0800702e   0x00000002   PAD
    0x08007030   0x08007030   0x0000044c   Code   RO         1476    i.PID_Calculate     controller.o
    0x0800747c   0x0800747c   0x00000018   Code   RO          952    i.PID_Init          command_task.o
    0x08007494   0x08007494   0x0000006e   Code   RO         1477    i.PID_Init          controller.o
    0x08007502   0x08007502   0x00000002   PAD
    0x08007504   0x08007504   0x00000064   Code   RO          953    i.PID_Update        command_task.o
    0x08007568   0x08007568   0x0000006c   Code   RO         3811    i.SPI_EndRxTxTransaction  stm32f4xx_hal_spi.o
    0x080075d4   0x080075d4   0x000000b8   Code   RO         3816    i.SPI_WaitFlagStateUntilTimeout  stm32f4xx_hal_spi.o
    0x0800768c   0x0800768c   0x0000001a   Code   RO          258    i.StartControlTask  freertos.o
    0x080076a6   0x080076a6   0x00000010   Code   RO          259    i.StartINSTask      freertos.o
    0x080076b6   0x080076b6   0x00000002   PAD
    0x080076b8   0x080076b8   0x00000020   Code   RO          260    i.StartTReceiverTask  freertos.o
    0x080076d8   0x080076d8   0x0000000c   Code   RO          261    i.StartUARTTask     freertos.o
    0x080076e4   0x080076e4   0x0000002c   Code   RO         5854    i.SysTick_Handler   port.o
    0x08007710   0x08007710   0x00000084   Code   RO           15    i.SystemClock_Config  main.o
    0x08007794   0x08007794   0x0000001c   Code   RO          704    i.SystemInit        system_stm32f4xx.o
    0x080077b0   0x080077b0   0x0000000c   Code   RO          550    i.TIM2_IRQHandler   stm32f4xx_it.o
    0x080077bc   0x080077bc   0x000000d8   Code   RO         1734    i.TIM_Base_SetConfig  stm32f4xx_hal_tim.o
    0x08007894   0x08007894   0x0000001a   Code   RO         1735    i.TIM_CCxChannelCmd  stm32f4xx_hal_tim.o
    0x080078ae   0x080078ae   0x00000002   PAD
    0x080078b0   0x080078b0   0x00000060   Code   RO         1747    i.TIM_OC1_SetConfig  stm32f4xx_hal_tim.o
    0x08007910   0x08007910   0x0000006c   Code   RO         1748    i.TIM_OC2_SetConfig  stm32f4xx_hal_tim.o
    0x0800797c   0x0800797c   0x00000068   Code   RO         1749    i.TIM_OC3_SetConfig  stm32f4xx_hal_tim.o
    0x080079e4   0x080079e4   0x00000050   Code   RO         1750    i.TIM_OC4_SetConfig  stm32f4xx_hal_tim.o
    0x08007a34   0x08007a34   0x0000002a   Code   RO         1073    i.TIM_Set_PWM       bsp_pwm.o
    0x08007a5e   0x08007a5e   0x00000010   Code   RO         4127    i.UART_DMAAbortOnError  stm32f4xx_hal_uart.o
    0x08007a6e   0x08007a6e   0x0000004a   Code   RO         4128    i.UART_DMAError     stm32f4xx_hal_uart.o
    0x08007ab8   0x08007ab8   0x00000086   Code   RO         4129    i.UART_DMAReceiveCplt  stm32f4xx_hal_uart.o
    0x08007b3e   0x08007b3e   0x0000001e   Code   RO         4131    i.UART_DMARxHalfCplt  stm32f4xx_hal_uart.o
    0x08007b5c   0x08007b5c   0x0000004e   Code   RO         4137    i.UART_EndRxTransfer  stm32f4xx_hal_uart.o
    0x08007baa   0x08007baa   0x0000001c   Code   RO         4138    i.UART_EndTxTransfer  stm32f4xx_hal_uart.o
    0x08007bc6   0x08007bc6   0x000000c2   Code   RO         4139    i.UART_Receive_IT   stm32f4xx_hal_uart.o
    0x08007c88   0x08007c88   0x0000010c   Code   RO         4140    i.UART_SetConfig    stm32f4xx_hal_uart.o
    0x08007d94   0x08007d94   0x00000090   Code   RO         4141    i.UART_Start_Receive_DMA  stm32f4xx_hal_uart.o
    0x08007e24   0x08007e24   0x000000b0   Code   RO          750    i.UART_Task         ins_task.o
    0x08007ed4   0x08007ed4   0x00000072   Code   RO         4143    i.UART_WaitOnFlagUntilTimeout  stm32f4xx_hal_uart.o
    0x08007f46   0x08007f46   0x00000002   PAD
    0x08007f48   0x08007f48   0x00000050   Code   RO          551    i.USART3_IRQHandler  stm32f4xx_it.o
    0x08007f98   0x08007f98   0x00000002   Code   RO          552    i.UsageFault_Handler  stm32f4xx_it.o
    0x08007f9a   0x08007f9a   0x00000030   Code   RO         6640    i.__ARM_fpclassify  m_wm.l(fpclassify.o)
    0x08007fca   0x08007fca   0x00000026   Code   RO         6531    i.__ARM_fpclassifyf  m_wm.l(fpclassifyf.o)
    0x08007ff0   0x08007ff0   0x00000020   Code   RO         3372    i.__NVIC_SetPriority  stm32f4xx_hal_cortex.o
    0x08008010   0x08008010   0x00000118   Code   RO         6352    i.__hardfp_acosf    m_wm.l(acosf.o)
    0x08008128   0x08008128   0x0000012c   Code   RO         6364    i.__hardfp_asinf    m_wm.l(asinf.o)
    0x08008254   0x08008254   0x00000250   Code   RO         6376    i.__hardfp_atan2f   m_wm.l(atan2f.o)
    0x080084a4   0x080084a4   0x0000003a   Code   RO         6394    i.__hardfp_sqrtf    m_wm.l(sqrtf_full.o)
    0x080084de   0x080084de   0x00000006   Code   RO         6534    i.__mathlib_flt_infnan  m_wm.l(funder.o)
    0x080084e4   0x080084e4   0x00000006   Code   RO         6535    i.__mathlib_flt_infnan2  m_wm.l(funder.o)
    0x080084ea   0x080084ea   0x00000002   PAD
    0x080084ec   0x080084ec   0x00000010   Code   RO         6536    i.__mathlib_flt_invalid  m_wm.l(funder.o)
    0x080084fc   0x080084fc   0x00000010   Code   RO         6539    i.__mathlib_flt_underflow  m_wm.l(funder.o)
    0x0800850c   0x0800850c   0x0000000e   Code   RO         6306    i._is_digit         c_w.l(__printf_wp.o)
    0x0800851a   0x0800851a   0x00000002   PAD
    0x0800851c   0x0800851c   0x00000128   Code   RO         1107    i.bmi088_accel_init  bmi088driver.o
    0x08008644   0x08008644   0x000000fc   Code   RO         1108    i.bmi088_gyro_init  bmi088driver.o
    0x08008740   0x08008740   0x000000b2   Code   RO         1480    i.f_Changing_Integration_Rate  controller.o
    0x080087f2   0x080087f2   0x00000002   PAD
    0x080087f4   0x080087f4   0x000000ba   Code   RO         1481    i.f_Derivative_On_Measurement  controller.o
    0x080088ae   0x080088ae   0x0000009a   Code   RO         1482    i.f_Integral_Limit  controller.o
    0x08008948   0x08008948   0x00000020   Code   RO         1327    i.float_constrain   user_lib.o
    0x08008968   0x08008968   0x00000022   Code   RO         1329    i.float_rounding    user_lib.o
    0x0800898a   0x0800898a   0x00000002   PAD
    0x0800898c   0x0800898c   0x0000002c   Code   RO         1581    i.invSqrt           quaternionekf.o
    0x080089b8   0x080089b8   0x00000074   Code   RO           16    i.main              main.o
    0x08008a2c   0x08008a2c   0x0000000c   Code   RO         5419    i.makeFreeRtosPriority  cmsis_os.o
    0x08008a38   0x08008a38   0x00000034   Code   RO          856    i.map_channel       receiver_task.o
    0x08008a6c   0x08008a6c   0x00000024   Code   RO          857    i.map_channel_manual  receiver_task.o
    0x08008a90   0x08008a90   0x0000000e   Code   RO         5421    i.osDelay           cmsis_os.o
    0x08008a9e   0x08008a9e   0x0000000a   Code   RO         5424    i.osKernelStart     cmsis_os.o
    0x08008aa8   0x08008aa8   0x00000054   Code   RO         5458    i.osThreadCreate    cmsis_os.o
    0x08008afc   0x08008afc   0x00000180   Code   RO          858    i.parse_sbus_frame  receiver_task.o
    0x08008c7c   0x08008c7c   0x00000078   Code   RO         4913    i.prvAddCurrentTaskToDelayedList  tasks.o
    0x08008cf4   0x08008cf4   0x000000d0   Code   RO         4914    i.prvAddNewTaskToReadyList  tasks.o
    0x08008dc4   0x08008dc4   0x00000058   Code   RO         5261    i.prvCheckForValidListAndQueue  timers.o
    0x08008e1c   0x08008e1c   0x00000026   Code   RO         4576    i.prvCopyDataFromQueue  queue.o
    0x08008e42   0x08008e42   0x0000006c   Code   RO         4577    i.prvCopyDataToQueue  queue.o
    0x08008eae   0x08008eae   0x00000034   Code   RO         4915    i.prvDeleteTCB      tasks.o
    0x08008ee2   0x08008ee2   0x00000002   PAD
    0x08008ee4   0x08008ee4   0x0000004c   Code   RO         5798    i.prvHeapInit       heap_4.o
    0x08008f30   0x08008f30   0x00000060   Code   RO         4916    i.prvIdleTask       tasks.o
    0x08008f90   0x08008f90   0x00000016   Code   RO         4579    i.prvInitialiseNewQueue  queue.o
    0x08008fa6   0x08008fa6   0x00000002   PAD
    0x08008fa8   0x08008fa8   0x000000b4   Code   RO         4917    i.prvInitialiseNewTask  tasks.o
    0x0800905c   0x0800905c   0x0000004c   Code   RO         5799    i.prvInsertBlockIntoFreeList  heap_4.o
    0x080090a8   0x080090a8   0x00000038   Code   RO         5263    i.prvInsertTimerInActiveList  timers.o
    0x080090e0   0x080090e0   0x0000001c   Code   RO         4580    i.prvIsQueueEmpty   queue.o
    0x080090fc   0x080090fc   0x000000fc   Code   RO         5264    i.prvProcessReceivedCommands  timers.o
    0x080091f8   0x080091f8   0x000000c0   Code   RO         5265    i.prvProcessTimerOrBlockTask  timers.o
    0x080092b8   0x080092b8   0x00000020   Code   RO         4918    i.prvResetNextTaskUnblockTime  tasks.o
    0x080092d8   0x080092d8   0x00000028   Code   RO         5266    i.prvSampleTimeNow  timers.o
    0x08009300   0x08009300   0x0000006c   Code   RO         5267    i.prvSwitchTimerLists  timers.o
    0x0800936c   0x0800936c   0x00000028   Code   RO         5855    i.prvTaskExitError  port.o
    0x08009394   0x08009394   0x00000024   Code   RO         5268    i.prvTimerTask      timers.o
    0x080093b8   0x080093b8   0x0000006a   Code   RO         4581    i.prvUnlockQueue    queue.o
    0x08009422   0x08009422   0x00000002   PAD
    0x08009424   0x08009424   0x000000dc   Code   RO         5800    i.pvPortMalloc      heap_4.o
    0x08009500   0x08009500   0x0000002c   Code   RO         5856    i.pxPortInitialiseStack  port.o
    0x0800952c   0x0800952c   0x00000024   Code   RO          859    i.sbus_init         receiver_task.o
    0x08009550   0x08009550   0x0000003e   Code   RO         6396    i.sqrtf             m_wm.l(sqrtf_full.o)
    0x0800958e   0x0800958e   0x00000026   Code   RO         4539    i.uxListRemove      list.o
    0x080095b4   0x080095b4   0x00000014   Code   RO          262    i.vApplicationGetIdleTaskMemory  freertos.o
    0x080095c8   0x080095c8   0x00000018   Code   RO          263    i.vApplicationGetTimerTaskMemory  freertos.o
    0x080095e0   0x080095e0   0x00000016   Code   RO         4540    i.vListInitialise   list.o
    0x080095f6   0x080095f6   0x00000006   Code   RO         4541    i.vListInitialiseItem  list.o
    0x080095fc   0x080095fc   0x00000030   Code   RO         4542    i.vListInsert       list.o
    0x0800962c   0x0800962c   0x00000018   Code   RO         4543    i.vListInsertEnd    list.o
    0x08009644   0x08009644   0x00000040   Code   RO         5858    i.vPortEnterCritical  port.o
    0x08009684   0x08009684   0x00000028   Code   RO         5859    i.vPortExitCritical  port.o
    0x080096ac   0x080096ac   0x00000064   Code   RO         5801    i.vPortFree         heap_4.o
    0x08009710   0x08009710   0x00000024   Code   RO         5860    i.vPortSetupTimerInterrupt  port.o
    0x08009734   0x08009734   0x00000054   Code   RO         5861    i.vPortValidateInterruptPriority  port.o
    0x08009788   0x08009788   0x00000028   Code   RO         4585    i.vQueueAddToRegistry  queue.o
    0x080097b0   0x080097b0   0x00000044   Code   RO         4588    i.vQueueWaitForMessageRestricted  queue.o
    0x080097f4   0x080097f4   0x0000004c   Code   RO         4929    i.vTaskDelay        tasks.o
    0x08009840   0x08009840   0x0000008c   Code   RO         4930    i.vTaskDelayUntil   tasks.o
    0x080098cc   0x080098cc   0x00000010   Code   RO         4933    i.vTaskInternalSetTimeOutState  tasks.o
    0x080098dc   0x080098dc   0x0000000c   Code   RO         4934    i.vTaskMissedYield  tasks.o
    0x080098e8   0x080098e8   0x00000030   Code   RO         4936    i.vTaskPlaceOnEventList  tasks.o
    0x08009918   0x08009918   0x00000038   Code   RO         4937    i.vTaskPlaceOnEventListRestricted  tasks.o
    0x08009950   0x08009950   0x00000088   Code   RO         4944    i.vTaskStartScheduler  tasks.o
    0x080099d8   0x080099d8   0x00000010   Code   RO         4946    i.vTaskSuspendAll   tasks.o
    0x080099e8   0x080099e8   0x0000005c   Code   RO         4947    i.vTaskSwitchContext  tasks.o
    0x08009a44   0x08009a44   0x000000f4   Code   RO         5862    i.xPortStartScheduler  port.o
    0x08009b38   0x08009b38   0x00000066   Code   RO         4592    i.xQueueGenericCreateStatic  queue.o
    0x08009b9e   0x08009b9e   0x00000002   PAD
    0x08009ba0   0x08009ba0   0x00000088   Code   RO         4593    i.xQueueGenericReset  queue.o
    0x08009c28   0x08009c28   0x00000160   Code   RO         4594    i.xQueueGenericSend  queue.o
    0x08009d88   0x08009d88   0x000000be   Code   RO         4595    i.xQueueGenericSendFromISR  queue.o
    0x08009e46   0x08009e46   0x00000002   PAD
    0x08009e48   0x08009e48   0x00000138   Code   RO         4603    i.xQueueReceive     queue.o
    0x08009f80   0x08009f80   0x00000088   Code   RO         4950    i.xTaskCheckForTimeOut  tasks.o
    0x0800a008   0x0800a008   0x0000005a   Code   RO         4951    i.xTaskCreate       tasks.o
    0x0800a062   0x0800a062   0x00000056   Code   RO         4952    i.xTaskCreateStatic  tasks.o
    0x0800a0b8   0x0800a0b8   0x0000001c   Code   RO         4957    i.xTaskGetSchedulerState  tasks.o
    0x0800a0d4   0x0800a0d4   0x0000000c   Code   RO         4958    i.xTaskGetTickCount  tasks.o
    0x0800a0e0   0x0800a0e0   0x000000cc   Code   RO         4960    i.xTaskIncrementTick  tasks.o
    0x0800a1ac   0x0800a1ac   0x00000098   Code   RO         4963    i.xTaskPriorityDisinherit  tasks.o
    0x0800a244   0x0800a244   0x00000074   Code   RO         4965    i.xTaskRemoveFromEventList  tasks.o
    0x0800a2b8   0x0800a2b8   0x000000c4   Code   RO         4966    i.xTaskResumeAll    tasks.o
    0x0800a37c   0x0800a37c   0x00000060   Code   RO         5275    i.xTimerCreateTimerTask  timers.o
    0x0800a3dc   0x0800a3dc   0x00000068   Code   RO         5276    i.xTimerGenericCommand  timers.o
    0x0800a444   0x0800a444   0x0000002c   Code   RO         6621    locale$$code        c_w.l(lc_numeric_c.o)
    0x0800a470   0x0800a470   0x0000001a   Code   RO         6344    x$fpl$dfltn         g_wm.l(dflt_clz.o)
    0x0800a48a   0x0800a48a   0x0000000c   Code   RO         6514    x$fpl$dretinf       g_wm.l(dretinf.o)
    0x0800a496   0x0800a496   0x00000002   PAD
    0x0800a498   0x0800a498   0x000001ec   Code   RO         6520    x$fpl$exception     g_wm.l(except.o)
    0x0800a684   0x0800a684   0x0000007a   Code   RO         6348    x$fpl$f2d           g_wm.l(f2d.o)
    0x0800a6fe   0x0800a6fe   0x000000f2   Code   RO         6522    x$fpl$fnaninf       g_wm.l(fnaninf.o)
    0x0800a7f0   0x0800a7f0   0x0000000a   Code   RO         6634    x$fpl$fpinit        g_wm.l(fpinit.o)
    0x0800a7fa   0x0800a7fa   0x0000013c   Code   RO         6526    x$fpl$funder        g_wm.l(funder_clz.o)
    0x0800a936   0x0800a936   0x00000002   PAD
    0x0800a938   0x0800a938   0x00000020   Code   RO         6636    x$fpl$ieeestatus    g_wm.l(istatus.o)
    0x0800a958   0x0800a958   0x00000004   Code   RO         6350    x$fpl$printf1       g_wm.l(printf1.o)
    0x0800a95c   0x0800a95c   0x000000b2   Code   RO         6638    x$fpl$retnan        g_wm.l(retnan.o)
    0x0800aa0e   0x0800aa0e   0x0000007e   Code   RO         6528    x$fpl$trapveneer    g_wm.l(trapv.o)
    0x0800aa8c   0x0800aa8c   0x00000000   Code   RO         6530    x$fpl$usenofp       g_wm.l(usenofp.o)
    0x0800aa8c   0x0800aa8c   0x00000070   Data   RO          265    .constdata          freertos.o
    0x0800aafc   0x0800aafc   0x00000010   Data   RO          705    .constdata          system_stm32f4xx.o
    0x0800ab0c   0x0800ab0c   0x00000008   Data   RO          706    .constdata          system_stm32f4xx.o
    0x0800ab14   0x0800ab14   0x00000030   Data   RO          752    .constdata          ins_task.o
    0x0800ab44   0x0800ab44   0x00000090   Data   RO         1583    .constdata          quaternionekf.o
    0x0800abd4   0x0800abd4   0x00000008   Data   RO         3086    .constdata          stm32f4xx_hal_dma.o
    0x0800abdc   0x0800abdc   0x00000804   Data   RO         6207    .constdata          arm_cortexM4lf_math.lib(arm_common_tables.o)
    0x0800b3e0   0x0800b3e0   0x00000094   Data   RO         6596    .constdata          c_w.l(bigflt0.o)
    0x0800b474   0x0800b474   0x0000002d   Data   RO          266    .conststring        freertos.o
    0x0800b4a1   0x0800b4a1   0x00000003   PAD
    0x0800b4a4   0x0800b4a4   0x00000020   Data   RO         6731    Region$$Table       anon$$obj.o
    0x0800b4c4   0x0800b4c4   0x0000001c   Data   RO         6620    locale$$data        c_w.l(lc_numeric_c.o)


    Execution Region RW_IRAM2 (Exec base: 0x10000000, Load base: 0x0800b540, Size: 0x00000000, Max: 0x00010000, ABSOLUTE)

    **** No section assigned to this execution region ****


    Execution Region RW_IRAM1 (Exec base: 0x20000000, Load base: 0x0800b4e0, Size: 0x0000b370, Max: 0x00020000, ABSOLUTE, COMPRESSED[0x00000060])

    Exec Addr    Load Addr    Size         Type   Attr      Idx    E Section Name        Object

    0x20000000   COMPRESSED   0x00000010   Data   RW          267    .data               freertos.o
    0x20000010   COMPRESSED   0x00000004   Data   RW          707    .data               system_stm32f4xx.o
    0x20000014   COMPRESSED   0x00000044   Data   RW          753    .data               ins_task.o
    0x20000058   COMPRESSED   0x00000024   Data   RW          862    .data               receiver_task.o
    0x2000007c   COMPRESSED   0x0000001c   Data   RW          955    .data               command_task.o
    0x20000098   COMPRESSED   0x00000040   Data   RW         1005    .data               bsp_dwt.o
    0x200000d8   COMPRESSED   0x00000048   Data   RW         1110    .data               bmi088driver.o
    0x20000120   COMPRESSED   0x00000004   Data   RW         1187    .data               bmi088middleware.o
    0x20000124   COMPRESSED   0x00000004   Data   RW         1245    .data               kalman_filter.o
    0x20000128   COMPRESSED   0x00000014   Data   RW         1338    .data               user_lib.o
    0x2000013c   COMPRESSED   0x000000d4   Data   RW         1584    .data               quaternionekf.o
    0x20000210   COMPRESSED   0x0000000c   Data   RW         3531    .data               stm32f4xx_hal.o
    0x2000021c   COMPRESSED   0x0000003c   Data   RW         4969    .data               tasks.o
    0x20000258   COMPRESSED   0x00000014   Data   RW         5284    .data               timers.o
    0x2000026c   COMPRESSED   0x00000020   Data   RW         5807    .data               heap_4.o
    0x2000028c   COMPRESSED   0x0000000c   Data   RW         5863    .data               port.o
    0x20000298        -       0x000006a8   Zero   RW          264    .bss                freertos.o
    0x20000940        -       0x00000118   Zero   RW          387    .bss                spi.o
    0x20000a58        -       0x00000090   Zero   RW          433    .bss                tim.o
    0x20000ae8        -       0x000000f0   Zero   RW          496    .bss                usart.o
    0x20000bd8        -       0x00000048   Zero   RW          667    .bss                stm32f4xx_hal_timebase_tim.o
    0x20000c20        -       0x00000148   Zero   RW          751    .bss                ins_task.o
    0x20000d68        -       0x0000003c   Zero   RW          861    .bss                receiver_task.o
    0x20000da4        -       0x00000078   Zero   RW          954    .bss                command_task.o
    0x20000e1c        -       0x00000040   Zero   RW         1109    .bss                bmi088driver.o
    0x20000e5c   COMPRESSED   0x00000004   PAD
    0x20000e60        -       0x00000270   Zero   RW         1582    .bss                quaternionekf.o
    0x200010d0        -       0x00000040   Zero   RW         4606    .bss                queue.o
    0x20001110        -       0x000000f0   Zero   RW         4968    .bss                tasks.o
    0x20001200        -       0x00000110   Zero   RW         5283    .bss                timers.o
    0x20001310        -       0x00006000   Zero   RW         5806    .bss                heap_4.o
    0x20007310        -       0x00000060   Zero   RW         6550    .bss                c_w.l(libspace.o)
    0x20007370        -       0x00002000   Zero   RW            2    HEAP                startup_stm32f407xx.o
    0x20009370        -       0x00002000   Zero   RW            1    STACK               startup_stm32f407xx.o


==============================================================================

Image component sizes


      Code (inc. data)   RO Data    RW Data    ZI Data      Debug   Object Name

      2208        108          0         72         64      10561   bmi088driver.o
       100         30          0          4          0       3112   bmi088middleware.o
       448         68          0         64          0       4290   bsp_dwt.o
        42          0          0          0          0        846   bsp_pwm.o
       120          0          0          0          0      23057   cmsis_os.o
      1464        178          0         28        120       4756   command_task.o
      1728         12          0          0          0       8921   controller.o
        92          4          0          0          0        790   dma.o
         0          0          0          0          0      17196   event_groups.o
       234         26        157         16       1704      18295   freertos.o
       484         30          0          0          0       1183   gpio.o
       472         24          0         32      24576       4819   heap_4.o
      1940        178         48         68        328      13039   ins_task.o
      2222         20          0          4          0       9255   kalman_filter.o
       138          0          0          0          0       3498   list.o
       264         18          0          0          0     731948   main.o
       786         82          0         12          0      11757   port.o
      2852        168        144        212        624       8366   quaternionekf.o
      1502         20          0          0         64      17168   queue.o
       508         20          0         36         60       3792   receiver_task.o
       324         34          0          0        280       1843   spi.o
        64         26        392          0      16384        836   startup_stm32f407xx.o
       116         18          0         12          0       8654   stm32f4xx_hal.o
       158         14          0          0          0      32994   stm32f4xx_hal_cortex.o
      1084         16          8          0          0       7274   stm32f4xx_hal_dma.o
       532         52          0          0          0       3328   stm32f4xx_hal_gpio.o
        56          4          0          0          0        826   stm32f4xx_hal_msp.o
      1412         86          0          0          0       5841   stm32f4xx_hal_rcc.o
       976         14          0          0          0       4865   stm32f4xx_hal_spi.o
      1654        138          0          0          0      13012   stm32f4xx_hal_tim.o
       232         28          0          0          0       3265   stm32f4xx_hal_tim_ex.o
       152         18          0          0         72       1431   stm32f4xx_hal_timebase_tim.o
      2114         30          0          0          0      15897   stm32f4xx_hal_uart.o
       164         30          0          0          0       6509   stm32f4xx_it.o
        28          6         24          4          0       1107   system_stm32f4xx.o
      2300        168          0         60        240      27790   tasks.o
       524         60          0          0        144       3537   tim.o
       972         80          0         20        272      29703   timers.o
       424         52          0          0        240       2462   usart.o
       632          4          0         20          0       8877   user_lib.o

    ----------------------------------------------------------------------
     31572       1864        808        664      45176    1076700   Object Totals
         0          0         32          0          0          0   (incl. Generated)
        50          0          3          0          4          0   (incl. Padding)

    ----------------------------------------------------------------------

      Code (inc. data)   RO Data    RW Data    ZI Data      Debug   Library Member Name

         0          0       2052          0          0       4704   arm_common_tables.o
       120         12          0          0          0      17170   arm_cos_f32.o
       264          0          0          0          0       1826   arm_mat_add_f32.o
         8          0          0          0          0        999   arm_mat_init_f32.o
      1328          4          0          0          0       4782   arm_mat_inverse_f32.o
       316          4          0          0          0       2375   arm_mat_mult_f32.o
       264          0          0          0          0       1826   arm_mat_sub_f32.o
       276          0          0          0          0       2240   arm_mat_trans_f32.o
       148         18          0          0          0        814   arm_sin_f32.o
        90          0          0          0          0          0   __dczerorl2.o
         8          0          0          0          0         68   __main.o
       284          0          0          0          0        156   __printf_wp.o
         0          0          0          0          0          0   __rtentry.o
        12          0          0          0          0          0   __rtentry2.o
         6          0          0          0          0          0   __rtentry4.o
        52          8          0          0          0          0   __scatter.o
        28          0          0          0          0          0   __scatter_zi.o
        48          4          0          0          0         84   _fptrap.o
        48          6          0          0          0         96   _printf_char_common.o
         6          0          0          0          0          0   _printf_f.o
      1054          0          0          0          0        216   _printf_fp_dec.o
       128         16          0          0          0         84   _printf_fp_infnan.o
         0          0          0          0          0          0   _printf_percent.o
         4          0          0          0          0          0   _printf_percent_end.o
        22          0          0          0          0        100   _rserrno.o
        16          0          0          0          0         68   _snputc.o
        10          0          0          0          0         68   _sputc.o
        16          0          0          0          0         68   aeabi_memset.o
       228          4        148          0          0         96   bigflt0.o
      1936        128          0          0          0        672   btod.o
        10          0          0          0          0         68   defsig_exit.o
       172        110          0          0          0         76   defsig_fpe_inner.o
        14          0          0          0          0         80   defsig_fpe_outer.o
        50          0          0          0          0         88   defsig_general.o
        80         58          0          0          0         76   defsig_rtmem_inner.o
        14          0          0          0          0         80   defsig_rtmem_outer.o
        18          0          0          0          0         80   exit.o
        94          0          0          0          0         80   h1_alloc.o
        52          0          0          0          0         68   h1_extend.o
        78          0          0          0          0         80   h1_free.o
        14          0          0          0          0         84   h1_init.o
         6          0          0          0          0        152   heapauxi.o
         4          0          0          0          0        136   hguard.o
         0          0          0          0          0          0   indicate_semi.o
       138          0          0          0          0        168   init_alloc.o
        44         10         28          0          0         76   lc_numeric_c.o
         2          0          0          0          0          0   libinit.o
        30          0          0          0          0          0   libinit2.o
         2          0          0          0          0          0   libshutdown.o
         2          0          0          0          0          0   libshutdown2.o
         8          4          0          0         96         68   libspace.o
       138          0          0          0          0         80   lludiv10.o
       238          0          0          0          0        100   lludivv7m.o
         0          0          0          0          0          0   maybetermalloc1.o
        52          4          0          0          0         84   noretval__2snprintf.o
         8          4          0          0          0         68   rt_errno_addr_intlibspace.o
         8          4          0          0          0         68   rt_heap_descriptor_intlibspace.o
         8          4          0          0          0         68   rt_locale_intlibspace.o
        68          0          0          0          0         68   rt_memclr.o
        78          0          0          0          0         80   rt_memclr_w.o
       138          0          0          0          0         68   rt_memcpy_v6.o
       100          0          0          0          0         80   rt_memcpy_w.o
         2          0          0          0          0          0   rtexit.o
        10          0          0          0          0          0   rtexit2.o
       128          0          0          0          0         68   strcmpv7m.o
        62          0          0          0          0         76   strlen.o
        12          4          0          0          0         68   sys_exit.o
        74          0          0          0          0         80   sys_stackheap_outer.o
        14          0          0          0          0         76   sys_wrch.o
         2          0          0          0          0         68   use_no_semi.o
        26          0          0          0          0        116   dflt_clz.o
        12          0          0          0          0        116   dretinf.o
       492         36          0          0          0        148   except.o
       122          8          0          0          0        132   f2d.o
       242          4          0          0          0        144   fnaninf.o
        10          0          0          0          0        116   fpinit.o
       316          0          0          0          0        132   funder_clz.o
        32          4          0          0          0        116   istatus.o
         4          0          0          0          0        116   printf1.o
       178          0          0          0          0        116   retnan.o
       126          0          0          0          0        148   trapv.o
         0          0          0          0          0          0   usenofp.o
       280         46          0          0          0        176   acosf.o
       300         42          0          0          0        176   asinf.o
       592         90          0          0          0        184   atan2f.o
        48          0          0          0          0        124   fpclassify.o
        38          0          0          0          0        116   fpclassifyf.o
        44         12          0          0          0        464   funder.o
       120          0          0          0          0        272   sqrtf_full.o

    ----------------------------------------------------------------------
     11696        648       2228          0         96      44084   Library Totals
        22          0          0          0          0          0   (incl. Padding)

    ----------------------------------------------------------------------

      Code (inc. data)   RO Data    RW Data    ZI Data      Debug   Library Name

      2724         38       2052          0          0      36736   arm_cortexM4lf_math.lib
      5968        368        176          0         96       4436   c_w.l
      1560         52          0          0          0       1400   g_wm.l
      1422        190          0          0          0       1512   m_wm.l

    ----------------------------------------------------------------------
     11696        648       2228          0         96      44084   Library Totals

    ----------------------------------------------------------------------

==============================================================================


      Code (inc. data)   RO Data    RW Data    ZI Data      Debug   

     43268       2512       3036        664      45272    1093284   Grand Totals
     43268       2512       3036         96      45272    1093284   ELF Image Totals (compressed)
     43268       2512       3036         96          0          0   ROM Totals

==============================================================================

    Total RO  Size (Code + RO Data)                46304 (  45.22kB)
    Total RW  Size (RW Data + ZI Data)             45936 (  44.86kB)
    Total ROM Size (Code + RO Data + RW Data)      46400 (  45.31kB)

==============================================================================

