Component: ARM Compiler 5.06 update 7 (build 960) Tool: armlink [4d3601]

==============================================================================

Section Cross References

    startup_stm32f407xx.o(RESET) refers to startup_stm32f407xx.o(STACK) for __initial_sp
    startup_stm32f407xx.o(RESET) refers to startup_stm32f407xx.o(.text) for Reset_Handler
    startup_stm32f407xx.o(RESET) refers to stm32f4xx_it.o(i.NMI_Handler) for NMI_Handler
    startup_stm32f407xx.o(RESET) refers to stm32f4xx_it.o(i.HardFault_Handler) for HardFault_Handler
    startup_stm32f407xx.o(RESET) refers to stm32f4xx_it.o(i.MemManage_Handler) for MemManage_Handler
    startup_stm32f407xx.o(RESET) refers to stm32f4xx_it.o(i.BusFault_Handler) for BusFault_Handler
    startup_stm32f407xx.o(RESET) refers to stm32f4xx_it.o(i.UsageFault_Handler) for UsageFault_Handler
    startup_stm32f407xx.o(RESET) refers to port.o(.emb_text) for SVC_Handler
    startup_stm32f407xx.o(RESET) refers to stm32f4xx_it.o(i.DebugMon_Handler) for DebugMon_Handler
    startup_stm32f407xx.o(RESET) refers to port.o(i.SysTick_Handler) for SysTick_Handler
    startup_stm32f407xx.o(RESET) refers to stm32f4xx_it.o(i.EXTI3_IRQHandler) for EXTI3_IRQHandler
    startup_stm32f407xx.o(RESET) refers to stm32f4xx_it.o(i.EXTI4_IRQHandler) for EXTI4_IRQHandler
    startup_stm32f407xx.o(RESET) refers to stm32f4xx_it.o(i.DMA1_Stream1_IRQHandler) for DMA1_Stream1_IRQHandler
    startup_stm32f407xx.o(RESET) refers to stm32f4xx_it.o(i.EXTI9_5_IRQHandler) for EXTI9_5_IRQHandler
    startup_stm32f407xx.o(RESET) refers to stm32f4xx_it.o(i.TIM2_IRQHandler) for TIM2_IRQHandler
    startup_stm32f407xx.o(RESET) refers to stm32f4xx_it.o(i.USART3_IRQHandler) for USART3_IRQHandler
    startup_stm32f407xx.o(RESET) refers to stm32f4xx_it.o(i.DMA2_Stream0_IRQHandler) for DMA2_Stream0_IRQHandler
    startup_stm32f407xx.o(.text) refers to system_stm32f4xx.o(i.SystemInit) for SystemInit
    startup_stm32f407xx.o(.text) refers to entry.o(.ARM.Collect$$$$00000000) for __main
    main.o(i.HAL_TIM_PeriodElapsedCallback) refers to stm32f4xx_hal.o(i.HAL_IncTick) for HAL_IncTick
    main.o(i.SystemClock_Config) refers to memseta.o(.text) for __aeabi_memclr4
    main.o(i.SystemClock_Config) refers to stm32f4xx_hal_rcc.o(i.HAL_RCC_OscConfig) for HAL_RCC_OscConfig
    main.o(i.SystemClock_Config) refers to stm32f4xx_hal_rcc.o(i.HAL_RCC_ClockConfig) for HAL_RCC_ClockConfig
    main.o(i.main) refers to stm32f4xx_hal.o(i.HAL_Init) for HAL_Init
    main.o(i.main) refers to main.o(i.SystemClock_Config) for SystemClock_Config
    main.o(i.main) refers to gpio.o(i.MX_GPIO_Init) for MX_GPIO_Init
    main.o(i.main) refers to dma.o(i.MX_DMA_Init) for MX_DMA_Init
    main.o(i.main) refers to spi.o(i.MX_SPI1_Init) for MX_SPI1_Init
    main.o(i.main) refers to tim.o(i.MX_TIM10_Init) for MX_TIM10_Init
    main.o(i.main) refers to usart.o(i.MX_USART1_UART_Init) for MX_USART1_UART_Init
    main.o(i.main) refers to usart.o(i.MX_USART3_UART_Init) for MX_USART3_UART_Init
    main.o(i.main) refers to tim.o(i.MX_TIM1_Init) for MX_TIM1_Init
    main.o(i.main) refers to control_task.o(i.Motor_init) for Motor_init
    main.o(i.main) refers to bsp_dwt.o(i.DWT_Init) for DWT_Init
    main.o(i.main) refers to bmi088driver.o(i.BMI088_init) for BMI088_init
    main.o(i.main) refers to receiver_task.o(i.sbus_init) for sbus_init
    main.o(i.main) refers to freertos.o(i.MX_FREERTOS_Init) for MX_FREERTOS_Init
    main.o(i.main) refers to cmsis_os.o(i.osKernelStart) for osKernelStart
    main.o(i.main) refers to spi.o(.bss) for hspi1
    gpio.o(i.MX_GPIO_Init) refers to memseta.o(.text) for __aeabi_memclr4
    gpio.o(i.MX_GPIO_Init) refers to stm32f4xx_hal_gpio.o(i.HAL_GPIO_WritePin) for HAL_GPIO_WritePin
    gpio.o(i.MX_GPIO_Init) refers to stm32f4xx_hal_gpio.o(i.HAL_GPIO_Init) for HAL_GPIO_Init
    gpio.o(i.MX_GPIO_Init) refers to stm32f4xx_hal_cortex.o(i.HAL_NVIC_SetPriority) for HAL_NVIC_SetPriority
    gpio.o(i.MX_GPIO_Init) refers to stm32f4xx_hal_cortex.o(i.HAL_NVIC_EnableIRQ) for HAL_NVIC_EnableIRQ
    freertos.o(i.MX_FREERTOS_Init) refers to memcpya.o(.text) for __aeabi_memcpy4
    freertos.o(i.MX_FREERTOS_Init) refers to cmsis_os.o(i.osThreadCreate) for osThreadCreate
    freertos.o(i.MX_FREERTOS_Init) refers to freertos.o(.constdata) for .constdata
    freertos.o(i.MX_FREERTOS_Init) refers to freertos.o(.data) for .data
    freertos.o(i.StartControlTask) refers to cmsis_os.o(i.osDelay) for osDelay
    freertos.o(i.StartINSTask) refers to ins_task.o(i.INS_Init) for INS_Init
    freertos.o(i.StartINSTask) refers to ins_task.o(i.INS_Task) for INS_Task
    freertos.o(i.StartINSTask) refers to cmsis_os.o(i.osDelay) for osDelay
    freertos.o(i.StartTReceiverTask) refers to receiver_task.o(i.parse_sbus_frame) for parse_sbus_frame
    freertos.o(i.StartTReceiverTask) refers to cmsis_os.o(i.osDelay) for osDelay
    freertos.o(i.StartTReceiverTask) refers to receiver_task.o(.data) for sbus_frame_ready
[...]
    xMinimumEverFreeBytesRemaining           0x2000025c   Data           4  heap_4.o(.data)
    xNumberOfSuccessfulAllocations           0x20000260   Data           4  heap_4.o(.data)
    xNumberOfSuccessfulFrees                 0x20000264   Data           4  heap_4.o(.data)
    xBlockAllocatedBit                       0x20000268   Data           4  heap_4.o(.data)
    xStart                                   0x2000026c   Data           8  heap_4.o(.data)
    .data                                    0x20000274   Section       12  port.o(.data)
    ucMaxSysCallPriority                     0x20000274   Data           1  port.o(.data)
    uxCriticalNesting                        0x20000278   Data           4  port.o(.data)
    ulMaxPRIGROUPValue                       0x2000027c   Data           4  port.o(.data)
    .data                                    0x20000280   Section        4  mvars.o(.data)
    .data                                    0x20000284   Section        4  mvars.o(.data)
    .data                                    0x20000288   Section        4  errno.o(.data)
    _errno                                   0x20000288   Data           4  errno.o(.data)
    .bss                                     0x2000028c   Section     1704  freertos.o(.bss)
    xIdleTaskTCBBuffer                       0x2000028c   Data          84  freertos.o(.bss)
    xIdleStack                               0x200002e0   Data         512  freertos.o(.bss)
    xTimerTaskTCBBuffer                      0x200004e0   Data          84  freertos.o(.bss)
    xTimerStack                              0x20000534   Data        1024  freertos.o(.bss)
    .bss                                     0x20000934   Section      280  spi.o(.bss)
    .bss                                     0x20000a4c   Section      144  tim.o(.bss)
    .bss                                     0x20000adc   Section      240  usart.o(.bss)
    .bss                                     0x20000bcc   Section       72  stm32f4xx_hal_timebase_tim.o(.bss)
    .bss                                     0x20000c14   Section      328  ins_task.o(.bss)
    .bss                                     0x20000d5c   Section       60  receiver_task.o(.bss)
    .bss                                     0x20000d98   Section       64  bmi088driver.o(.bss)
    .bss                                     0x20000dd8   Section      624  quaternionekf.o(.bss)
    .bss                                     0x20001048   Section       64  queue.o(.bss)
    .bss                                     0x20001088   Section      240  tasks.o(.bss)
    pxReadyTasksLists                        0x20001088   Data         140  tasks.o(.bss)
    xDelayedTaskList1                        0x20001114   Data          20  tasks.o(.bss)
    xDelayedTaskList2                        0x20001128   Data          20  tasks.o(.bss)
    xPendingReadyList                        0x2000113c   Data          20  tasks.o(.bss)
    xTasksWaitingTermination                 0x20001150   Data          20  tasks.o(.bss)
    xSuspendedTaskList                       0x20001164   Data          20  tasks.o(.bss)
    .bss                                     0x20001178   Section      272  timers.o(.bss)
    xStaticTimerQueue                        0x20001178   Data          72  timers.o(.bss)
    ucStaticTimerQueueStorage                0x200011c0   Data         160  timers.o(.bss)
    xActiveTimerList1                        0x20001260   Data          20  timers.o(.bss)
    xActiveTimerList2                        0x20001274   Data          20  timers.o(.bss)
    .bss                                     0x20001288   Section    24576  heap_4.o(.bss)
    ucHeap                                   0x20001288   Data       24576  heap_4.o(.bss)
    HEAP                                     0x20007288   Section     8192  startup_stm32f407xx.o(HEAP)
    STACK                                    0x20009288   Section     8192  startup_stm32f407xx.o(STACK)

    Global Symbols

    Symbol Name                              Value     Ov Type        Size  Object(Section)

    BuildAttributes$$THM_ISAv4$E$P$D$K$B$S$7EM$VFPi3$EXTD16$VFPS$VFMA$PE$A:L22UL41UL21$X:L11$S22US41US21$IEEE1$IW$USESV6$~STKCKD$USESV7$~SHL$OTIME$ROPI$IEEEX$EBA8$MICROLIB$REQ8$PRES8$EABIv2 0x00000000   Number         0  anon$$obj.o ABSOLUTE
    __ARM_use_no_argv                        0x00000000   Number         0  main.o ABSOLUTE
    _printf_a                                0x00000000   Number         0  stubs.o ABSOLUTE
    _printf_c                                0x00000000   Number         0  stubs.o ABSOLUTE
    _printf_charcount                        0x00000000   Number         0  stubs.o ABSOLUTE
    _printf_d                                0x00000000   Number         0  stubs.o ABSOLUTE
    _printf_e                                0x00000000   Number         0  stubs.o ABSOLUTE
    _printf_f                                0x00000000   Number         0  stubs.o ABSOLUTE
    _printf_flags                            0x00000000   Number         0  stubs.o ABSOLUTE
    _printf_fp_dec                           0x00000000   Number         0  stubs.o ABSOLUTE
    _printf_fp_hex                           0x00000000   Number         0  stubs.o ABSOLUTE
    _printf_g                                0x00000000   Number         0  stubs.o ABSOLUTE
    _printf_i                                0x00000000   Number         0  stubs.o ABSOLUTE
    _printf_int_dec                          0x00000000   Number         0  stubs.o ABSOLUTE
    _printf_l                                0x00000000   Number         0  stubs.o ABSOLUTE
    _printf_lc                               0x00000000   Number         0  stubs.o ABSOLUTE
    _printf_ll                               0x00000000   Number         0  stubs.o ABSOLUTE
    _printf_lld                              0x00000000   Number         0  stubs.o ABSOLUTE
    _printf_lli                              0x00000000   Number         0  stubs.o ABSOLUTE
    _printf_llo                              0x00000000   Number         0  stubs.o ABSOLUTE
    _printf_llu                              0x00000000   Number         0  stubs.o ABSOLUTE
    _printf_llx                              0x00000000   Number         0  stubs.o ABSOLUTE
    _printf_longlong_dec                     0x00000000   Number         0  stubs.o ABSOLUTE
    _printf_longlong_hex                     0x00000000   Number         0  stubs.o ABSOLUTE
    _printf_longlong_oct                     0x00000000   Number         0  stubs.o ABSOLUTE
    _printf_ls                               0x00000000   Number         0  stubs.o ABSOLUTE
    _printf_mbtowc                           0x00000000   Number         0  stubs.o ABSOLUTE
    _printf_n                                0x00000000   Number         0  stubs.o ABSOLUTE
    _printf_o                                0x00000000   Number         0  stubs.o ABSOLUTE
    _printf_p                                0x00000000   Number         0  stubs.o ABSOLUTE
    _printf_percent                          0x00000000   Number         0  stubs.o ABSOLUTE
    _printf_pre_padding                      0x00000000   Number         0  stubs.o ABSOLUTE
    _printf_return_value                     0x00000000   Number         0  stubs.o ABSOLUTE
    _printf_s                                0x00000000   Number         0  stubs.o ABSOLUTE
    _printf_sizespec                         0x00000000   Number         0  stubs.o ABSOLUTE
    _printf_str                              0x00000000   Number         0  stubs.o ABSOLUTE
    _printf_truncate_signed                  0x00000000   Number         0  stubs.o ABSOLUTE
    _printf_truncate_unsigned                0x00000000   Number         0  stubs.o ABSOLUTE
    _printf_u                                0x00000000   Number         0  stubs.o ABSOLUTE
    _printf_wc                               0x00000000   Number         0  stubs.o ABSOLUTE
    _printf_wctomb                           0x00000000   Number         0  stubs.o ABSOLUTE
    _printf_widthprec                        0x00000000   Number         0  stubs.o ABSOLUTE
    _printf_x                                0x00000000   Number         0  stubs.o ABSOLUTE
    __arm_fini_                               - Undefined Weak Reference
    __cpp_initialize__aeabi_                  - Undefined Weak Reference
    __cxa_finalize                            - Undefined Weak Reference
    _clock_init                               - Undefined Weak Reference
    _microlib_exit                            - Undefined Weak Reference
    __Vectors_Size                           0x00000188   Number         0  startup_stm32f407xx.o ABSOLUTE
    __Vectors                                0x08000000   Data           4  startup_stm32f407xx.o(RESET)
    __Vectors_End                            0x08000188   Data           0  startup_stm32f407xx.o(RESET)
    __main                                   0x08000189   Thumb Code     0  entry.o(.ARM.Collect$$$$00000000)
    _main_stk                                0x08000189   Thumb Code     0  entry2.o(.ARM.Collect$$$$00000001)
    _main_scatterload                        0x0800018d   Thumb Code     0  entry5.o(.ARM.Collect$$$$00000004)
    __main_after_scatterload                 0x08000191   Thumb Code     0  entry5.o(.ARM.Collect$$$$00000004)
    _main_clock                              0x08000191   Thumb Code     0  entry7b.o(.ARM.Collect$$$$00000008)
    _main_cpp_init                           0x08000191   Thumb Code     0  entry8b.o(.ARM.Collect$$$$0000000A)
    _main_init                               0x08000191   Thumb Code     0  entry9a.o(.ARM.Collect$$$$0000000B)
    __rt_lib_shutdown_fini                   0x08000199   Thumb Code     0  entry12b.o(.ARM.Collect$$$$0000000E)
    __rt_final_cpp                           0x0800019d   Thumb Code     0  entry10a.o(.ARM.Collect$$$$0000000F)
    __rt_final_exit                          0x0800019d   Thumb Code     0  entry11a.o(.ARM.Collect$$$$00000011)
    SVC_Handler                              0x080001a1   Thumb Code    28  port.o(.emb_text)
    __asm___6_port_c_39a90d8d__prvStartFirstTask 0x080001c1   Thumb Code    36  port.o(.emb_text)
    __asm___6_port_c_39a90d8d__prvEnableVFP  0x080001e9   Thumb Code    16  port.o(.emb_text)
    PendSV_Handler                           0x080001fd   Thumb Code    88  port.o(.emb_text)
    vPortGetIPSR                             0x08000259   Thumb Code     6  port.o(.emb_text)
    Reset_Handler                            0x08000261   Thumb Code     8  startup_stm32f407xx.o(.text)
    ADC_IRQHandler                           0x0800027b   Thumb Code     0  startup_stm32f407xx.o(.text)
    CAN1_RX0_IRQHandler                      0x0800027b   Thumb Code     0  startup_stm32f407xx.o(.text)
    CAN1_RX1_IRQHandler                      0x0800027b   Thumb Code     0  startup_stm32f407xx.o(.text)
    CAN1_SCE_IRQHandler                      0x0800027b   Thumb Code     0  startup_stm32f407xx.o(.text)
    CAN1_TX_IRQHandler                       0x0800027b   Thumb Code     0  startup_stm32f407xx.o(.text)
    CAN2_RX0_IRQHandler                      0x0800027b   Thumb Code     0  startup_stm32f407xx.o(.text)
    CAN2_RX1_IRQHandler                      0x0800027b   Thumb Code     0  startup_stm32f407xx.o(.text)
    CAN2_SCE_IRQHandler                      0x0800027b   Thumb Code     0  startup_stm32f407xx.o(.text)
    CAN2_TX_IRQHandler                       0x0800027b   Thumb Code     0  startup_stm32f407xx.o(.text)
    DCMI_IRQHandler                          0x0800027b   Thumb Code     0  startup_stm32f407xx.o(.text)
    DMA1_Stream0_IRQHandler                  0x0800027b   Thumb Code     0  startup_stm32f407xx.o(.text)
    DMA1_Stream2_IRQHandler                  0x0800027b   Thumb Code     0  startup_stm32f407xx.o(.text)
    DMA1_Stream3_IRQHandler                  0x0800027b   Thumb Code     0  startup_stm32f407xx.o(.text)
    DMA1_Stream4_IRQHandler                  0x0800027b   Thumb Code     0  startup_stm32f407xx.o(.text)
    DMA1_Stream5_IRQHandler                  0x0800027b   Thumb Code     0  startup_stm32f407xx.o(.text)
    DMA1_Stream6_IRQHandler                  0x0800027b   Thumb Code     0  startup_stm32f407xx.o(.text)
    DMA1_Stream7_IRQHandler                  0x0800027b   Thumb Code     0  startup_stm32f407xx.o(.text)
    DMA2_Stream1_IRQHandler                  0x0800027b   Thumb Code     0  startup_stm32f407xx.o(.text)
    DMA2_Stream2_IRQHandler                  0x0800027b   Thumb Code     0  startup_stm32f407xx.o(.text)
    DMA2_Stream3_IRQHandler                  0x0800027b   Thumb Code     0  startup_stm32f407xx.o(.text)
    DMA2_Stream4_IRQHandler                  0x0800027b   Thumb Code     0  startup_stm32f407xx.o(.text)
    DMA2_Stream5_IRQHandler                  0x0800027b   Thumb Code     0  startup_stm32f407xx.o(.text)
    DMA2_Stream6_IRQHandler                  0x0800027b   Thumb Code     0  startup_stm32f407xx.o(.text)
    DMA2_Stream7_IRQHandler                  0x0800027b   Thumb Code     0  startup_stm32f407xx.o(.text)
    ETH_IRQHandler                           0x0800027b   Thumb Code     0  startup_stm32f407xx.o(.text)
    ETH_WKUP_IRQHandler                      0x0800027b   Thumb Code     0  startup_stm32f407xx.o(.text)
    EXTI0_IRQHandler                         0x0800027b   Thumb Code     0  startup_stm32f407xx.o(.text)
    EXTI15_10_IRQHandler                     0x0800027b   Thumb Code     0  startup_stm32f407xx.o(.text)
    EXTI1_IRQHandler                         0x0800027b   Thumb Code     0  startup_stm32f407xx.o(.text)
    EXTI2_IRQHandler                         0x0800027b   Thumb Code     0  startup_stm32f407xx.o(.text)
    FLASH_IRQHandler                         0x0800027b   Thumb Code     0  startup_stm32f407xx.o(.text)
    FMC_IRQHandler                           0x0800027b   Thumb Code     0  startup_stm32f407xx.o(.text)
    FPU_IRQHandler                           0x0800027b   Thumb Code     0  startup_stm32f407xx.o(.text)
    HASH_RNG_IRQHandler                      0x0800027b   Thumb Code     0  startup_stm32f407xx.o(.text)
    I2C1_ER_IRQHandler                       0x0800027b   Thumb Code     0  startup_stm32f407xx.o(.text)
    I2C1_EV_IRQHandler                       0x0800027b   Thumb Code     0  startup_stm32f407xx.o(.text)
    I2C2_ER_IRQHandler                       0x0800027b   Thumb Code     0  startup_stm32f407xx.o(.text)
    I2C2_EV_IRQHandler                       0x0800027b   Thumb Code     0  startup_stm32f407xx.o(.text)
    I2C3_ER_IRQHandler                       0x0800027b   Thumb Code     0  startup_stm32f407xx.o(.text)
    I2C3_EV_IRQHandler                       0x0800027b   Thumb Code     0  startup_stm32f407xx.o(.text)
    OTG_FS_IRQHandler                        0x0800027b   Thumb Code     0  startup_stm32f407xx.o(.text)
    OTG_FS_WKUP_IRQHandler                   0x0800027b   Thumb Code     0  startup_stm32f407xx.o(.text)
    OTG_HS_EP1_IN_IRQHandler                 0x0800027b   Thumb Code     0  startup_stm32f407xx.o(.text)
    OTG_HS_EP1_OUT_IRQHandler                0x0800027b   Thumb Code     0  startup_stm32f407xx.o(.text)
    OTG_HS_IRQHandler                        0x0800027b   Thumb Code     0  startup_stm32f407xx.o(.text)
    OTG_HS_WKUP_IRQHandler                   0x0800027b   Thumb Code     0  startup_stm32f407xx.o(.text)
    PVD_IRQHandler                           0x0800027b   Thumb Code     0  startup_stm32f407xx.o(.text)
    RCC_IRQHandler                           0x0800027b   Thumb Code     0  startup_stm32f407xx.o(.text)
    RTC_Alarm_IRQHandler                     0x0800027b   Thumb Code     0  startup_stm32f407xx.o(.text)
    RTC_WKUP_IRQHandler                      0x0800027b   Thumb Code     0  startup_stm32f407xx.o(.text)
    SDIO_IRQHandler                          0x0800027b   Thumb Code     0  startup_stm32f407xx.o(.text)
    SPI1_IRQHandler                          0x0800027b   Thumb Code     0  startup_stm32f407xx.o(.text)
    SPI2_IRQHandler                          0x0800027b   Thumb Code     0  startup_stm32f407xx.o(.text)
    SPI3_IRQHandler                          0x0800027b   Thumb Code     0  startup_stm32f407xx.o(.text)
    TAMP_STAMP_IRQHandler                    0x0800027b   Thumb Code     0  startup_stm32f407xx.o(.text)
    TIM1_BRK_TIM9_IRQHandler                 0x0800027b   Thumb Code     0  startup_stm32f407xx.o(.text)
    TIM1_CC_IRQHandler                       0x0800027b   Thumb Code     0  startup_stm32f407xx.o(.text)
    TIM1_TRG_COM_TIM11_IRQHandler            0x0800027b   Thumb Code     0  startup_stm32f407xx.o(.text)
    TIM1_UP_TIM10_IRQHandler                 0x0800027b   Thumb Code     0  startup_stm32f407xx.o(.text)
    TIM3_IRQHandler                          0x0800027b   Thumb Code     0  startup_stm32f407xx.o(.text)
    TIM4_IRQHandler                          0x0800027b   Thumb Code     0  startup_stm32f407xx.o(.text)
    TIM5_IRQHandler                          0x0800027b   Thumb Code     0  startup_stm32f407xx.o(.text)
    TIM6_DAC_IRQHandler                      0x0800027b   Thumb Code     0  startup_stm32f407xx.o(.text)
    TIM7_IRQHandler                          0x0800027b   Thumb Code     0  startup_stm32f407xx.o(.text)
    TIM8_BRK_TIM12_IRQHandler                0x0800027b   Thumb Code     0  startup_stm32f407xx.o(.text)
    TIM8_CC_IRQHandler                       0x0800027b   Thumb Code     0  startup_stm32f407xx.o(.text)
    TIM8_TRG_COM_TIM14_IRQHandler            0x0800027b   Thumb Code     0  startup_stm32f407xx.o(.text)
    TIM8_UP_TIM13_IRQHandler                 0x0800027b   Thumb Code     0  startup_stm32f407xx.o(.text)
    UART4_IRQHandler                         0x0800027b   Thumb Code     0  startup_stm32f407xx.o(.text)
    UART5_IRQHandler                         0x0800027b   Thumb Code     0  startup_stm32f407xx.o(.text)
    USART1_IRQHandler                        0x0800027b   Thumb Code     0  startup_stm32f407xx.o(.text)
    USART2_IRQHandler                        0x0800027b   Thumb Code     0  startup_stm32f407xx.o(.text)
    USART6_IRQHandler                        0x0800027b   Thumb Code     0  startup_stm32f407xx.o(.text)
    WWDG_IRQHandler                          0x0800027b   Thumb Code     0  startup_stm32f407xx.o(.text)
    arm_cos_f32                              0x08000285   Thumb Code   108  arm_cos_f32.o(.text)
    arm_sin_f32                              0x080002fd   Thumb Code   130  arm_sin_f32.o(.text)
    arm_mat_add_f32                          0x08000391   Thumb Code   264  arm_mat_add_f32.o(.text)
    arm_mat_init_f32                         0x08000499   Thumb Code     8  arm_mat_init_f32.o(.text)
    arm_mat_inverse_f32                      0x080004a1   Thumb Code  1328  arm_mat_inverse_f32.o(.text)
    arm_mat_mult_f32                         0x080009d1   Thumb Code   312  arm_mat_mult_f32.o(.text)
    arm_mat_sub_f32                          0x08000b0d   Thumb Code   264  arm_mat_sub_f32.o(.text)
    arm_mat_trans_f32                        0x08000c15   Thumb Code   276  arm_mat_trans_f32.o(.text)
    __aeabi_uldivmod                         0x08000d29   Thumb Code    98  uldiv.o(.text)
    __aeabi_memcpy                           0x08000d8b   Thumb Code    36  memcpya.o(.text)
    __aeabi_memcpy4                          0x08000d8b   Thumb Code     0  memcpya.o(.text)
    __aeabi_memcpy8                          0x08000d8b   Thumb Code     0  memcpya.o(.text)
    __aeabi_memset                           0x08000daf   Thumb Code    14  memseta.o(.text)
    __aeabi_memset4                          0x08000daf   Thumb Code     0  memseta.o(.text)
    __aeabi_memset8                          0x08000daf   Thumb Code     0  memseta.o(.text)
    __aeabi_memclr                           0x08000dbd   Thumb Code     4  memseta.o(.text)
    __aeabi_memclr4                          0x08000dbd   Thumb Code     0  memseta.o(.text)
    __aeabi_memclr8                          0x08000dbd   Thumb Code     0  memseta.o(.text)
    memset                                   0x08000dc1   Thumb Code    18  memseta.o(.text)
    strlen                                   0x08000dd3   Thumb Code    14  strlen.o(.text)
    __aeabi_uidiv                            0x08000de1   Thumb Code     0  uidiv.o(.text)
    __aeabi_uidivmod                         0x08000de1   Thumb Code    44  uidiv.o(.text)
    __aeabi_llsl                             0x08000e0d   Thumb Code    30  llshl.o(.text)
    _ll_shift_l                              0x08000e0d   Thumb Code     0  llshl.o(.text)
    __aeabi_llsr                             0x08000e2b   Thumb Code    32  llushr.o(.text)
    _ll_ushift_r                             0x08000e2b   Thumb Code     0  llushr.o(.text)
    __I$use$fp                               0x08000e4b   Thumb Code     0  iusefp.o(.text)
    __scatterload                            0x08000e4d   Thumb Code    28  init.o(.text)
    __scatterload_rt2                        0x08000e4d   Thumb Code     0  init.o(.text)
    __decompress                             0x08000e71   Thumb Code     0  __dczerorl2.o(.text)
    __decompress1                            0x08000e71   Thumb Code    86  __dczerorl2.o(.text)
    BMI088_ACCEL_NS_H                        0x08000ec9   Thumb Code    10  bmi088middleware.o(i.BMI088_ACCEL_NS_H)
    BMI088_ACCEL_NS_L                        0x08000ed9   Thumb Code    10  bmi088middleware.o(i.BMI088_ACCEL_NS_L)
    BMI088_GYRO_NS_H                         0x08000ee9   Thumb Code    10  bmi088middleware.o(i.BMI088_GYRO_NS_H)
    BMI088_GYRO_NS_L                         0x08000ef9   Thumb Code    10  bmi088middleware.o(i.BMI088_GYRO_NS_L)
    BMI088_Read                              0x08000f09   Thumb Code   422  bmi088driver.o(i.BMI088_Read)
    BMI088_init                              0x080010b5   Thumb Code    94  bmi088driver.o(i.BMI088_init)
    BMI088_read_write_byte                   0x08001171   Thumb Code    30  bmi088middleware.o(i.BMI088_read_write_byte)
    BodyFrameToEarthFrame                    0x080011a7   Thumb Code   234  ins_task.o(i.BodyFrameToEarthFrame)
    BusFault_Handler                         0x08001291   Thumb Code     2  stm32f4xx_it.o(i.BusFault_Handler)
    DMA1_Stream1_IRQHandler                  0x08001699   Thumb Code     6  stm32f4xx_it.o(i.DMA1_Stream1_IRQHandler)
    DMA2_Stream0_IRQHandler                  0x080016a5   Thumb Code     6  stm32f4xx_it.o(i.DMA2_Stream0_IRQHandler)
    DWT_Delay                                0x0800177d   Thumb Code    42  bsp_dwt.o(i.DWT_Delay)
    DWT_GetDeltaT                            0x080017b1   Thumb Code    60  bsp_dwt.o(i.DWT_GetDeltaT)
    DWT_GetTimeline_s                        0x080017f5   Thumb Code    54  bsp_dwt.o(i.DWT_GetTimeline_s)
    DWT_Init                                 0x08001839   Thumb Code    54  bsp_dwt.o(i.DWT_Init)
    DWT_SysTimeUpdate                        0x08001881   Thumb Code   140  bsp_dwt.o(i.DWT_SysTimeUpdate)
    DebugMon_Handler                         0x08001915   Thumb Code     2  stm32f4xx_it.o(i.DebugMon_Handler)
    EXTI3_IRQHandler                         0x08001917   Thumb Code     6  stm32f4xx_it.o(i.EXTI3_IRQHandler)
    EXTI4_IRQHandler                         0x0800191d   Thumb Code     6  stm32f4xx_it.o(i.EXTI4_IRQHandler)
    EXTI9_5_IRQHandler                       0x08001923   Thumb Code    24  stm32f4xx_it.o(i.EXTI9_5_IRQHandler)
    EarthFrameToBodyFrame                    0x0800193b   Thumb Code   234  ins_task.o(i.EarthFrameToBodyFrame)
    Error_Handler                            0x08001a25   Thumb Code     2  main.o(i.Error_Handler)
    HAL_DMA_Abort                            0x08001a27   Thumb Code   146  stm32f4xx_hal_dma.o(i.HAL_DMA_Abort)
    HAL_DMA_Abort_IT                         0x08001ab9   Thumb Code    36  stm32f4xx_hal_dma.o(i.HAL_DMA_Abort_IT)
    HAL_DMA_IRQHandler                       0x08001add   Thumb Code   412  stm32f4xx_hal_dma.o(i.HAL_DMA_IRQHandler)
    HAL_DMA_Init                             0x08001c7d   Thumb Code   206  stm32f4xx_hal_dma.o(i.HAL_DMA_Init)
    HAL_DMA_Start_IT                         0x08001d51   Thumb Code   110  stm32f4xx_hal_dma.o(i.HAL_DMA_Start_IT)
    HAL_Delay                                0x08001dc1   Thumb Code    32  stm32f4xx_hal.o(i.HAL_Delay)
    HAL_GPIO_EXTI_Callback                   0x08001de5   Thumb Code     2  stm32f4xx_hal_gpio.o(i.HAL_GPIO_EXTI_Callback)
    HAL_GPIO_EXTI_IRQHandler                 0x08001de9   Thumb Code    18  stm32f4xx_hal_gpio.o(i.HAL_GPIO_EXTI_IRQHandler)
    HAL_GPIO_Init                            0x08001e01   Thumb Code   450  stm32f4xx_hal_gpio.o(i.HAL_GPIO_Init)
    HAL_GPIO_WritePin                        0x08001ff1   Thumb Code    10  stm32f4xx_hal_gpio.o(i.HAL_GPIO_WritePin)
    HAL_GetTick                              0x08001ffd   Thumb Code     6  stm32f4xx_hal.o(i.HAL_GetTick)
    HAL_IncTick                              0x08002009   Thumb Code    12  stm32f4xx_hal.o(i.HAL_IncTick)
    HAL_Init                                 0x08002019   Thumb Code    48  stm32f4xx_hal.o(i.HAL_Init)
    HAL_InitTick                             0x0800204d   Thumb Code   134  stm32f4xx_hal_timebase_tim.o(i.HAL_InitTick)
    HAL_MspInit                              0x080020e5   Thumb Code    52  stm32f4xx_hal_msp.o(i.HAL_MspInit)
    HAL_NVIC_EnableIRQ                       0x0800211d   Thumb Code    26  stm32f4xx_hal_cortex.o(i.HAL_NVIC_EnableIRQ)
    HAL_NVIC_SetPriority                     0x08002139   Thumb Code    60  stm32f4xx_hal_cortex.o(i.HAL_NVIC_SetPriority)
    HAL_NVIC_SetPriorityGrouping             0x08002179   Thumb Code    26  stm32f4xx_hal_cortex.o(i.HAL_NVIC_SetPriorityGrouping)
    HAL_RCC_ClockConfig                      0x0800219d   Thumb Code   288  stm32f4xx_hal_rcc.o(i.HAL_RCC_ClockConfig)
    HAL_RCC_GetClockConfig                   0x080022d1   Thumb Code    54  stm32f4xx_hal_rcc.o(i.HAL_RCC_GetClockConfig)
    HAL_RCC_GetPCLK1Freq                     0x08002311   Thumb Code    20  stm32f4xx_hal_rcc.o(i.HAL_RCC_GetPCLK1Freq)
    HAL_RCC_GetPCLK2Freq                     0x08002331   Thumb Code    20  stm32f4xx_hal_rcc.o(i.HAL_RCC_GetPCLK2Freq)
    HAL_RCC_GetSysClockFreq                  0x08002351   Thumb Code    88  stm32f4xx_hal_rcc.o(i.HAL_RCC_GetSysClockFreq)
    HAL_RCC_OscConfig                        0x080023b5   Thumb Code   856  stm32f4xx_hal_rcc.o(i.HAL_RCC_OscConfig)
    HAL_SPI_Init                             0x08002721   Thumb Code   188  stm32f4xx_hal_spi.o(i.HAL_SPI_Init)
    HAL_SPI_MspInit                          0x080027dd   Thumb Code   226  spi.o(i.HAL_SPI_MspInit)
    HAL_SPI_TransmitReceive                  0x080028d9   Thumb Code   496  stm32f4xx_hal_spi.o(i.HAL_SPI_TransmitReceive)
    HAL_TIMEx_BreakCallback                  0x08002ac9   Thumb Code     2  stm32f4xx_hal_tim_ex.o(i.HAL_TIMEx_BreakCallback)
    HAL_TIMEx_CommutCallback                 0x08002acb   Thumb Code     2  stm32f4xx_hal_tim_ex.o(i.HAL_TIMEx_CommutCallback)
    HAL_TIMEx_ConfigBreakDeadTime            0x08002acd   Thumb Code    84  stm32f4xx_hal_tim_ex.o(i.HAL_TIMEx_ConfigBreakDeadTime)
    HAL_TIMEx_MasterConfigSynchronization    0x08002b21   Thumb Code   116  stm32f4xx_hal_tim_ex.o(i.HAL_TIMEx_MasterConfigSynchronization)
    HAL_TIM_Base_Init                        0x08002bb1   Thumb Code    90  stm32f4xx_hal_tim.o(i.HAL_TIM_Base_Init)
    HAL_TIM_Base_MspInit                     0x08002c0d   Thumb Code    30  tim.o(i.HAL_TIM_Base_MspInit)
    HAL_TIM_Base_Start_IT                    0x08002c35   Thumb Code   100  stm32f4xx_hal_tim.o(i.HAL_TIM_Base_Start_IT)
    HAL_TIM_IC_CaptureCallback               0x08002cb5   Thumb Code     2  stm32f4xx_hal_tim.o(i.HAL_TIM_IC_CaptureCallback)
    HAL_TIM_IRQHandler                       0x08002cb7   Thumb Code   304  stm32f4xx_hal_tim.o(i.HAL_TIM_IRQHandler)
    HAL_TIM_MspPostInit                      0x08002de9   Thumb Code   110  tim.o(i.HAL_TIM_MspPostInit)
    HAL_TIM_OC_DelayElapsedCallback          0x08002e6d   Thumb Code     2  stm32f4xx_hal_tim.o(i.HAL_TIM_OC_DelayElapsedCallback)
    HAL_TIM_PWM_ConfigChannel                0x08002e6f   Thumb Code   204  stm32f4xx_hal_tim.o(i.HAL_TIM_PWM_ConfigChannel)
    HAL_TIM_PWM_Init                         0x08002f3b   Thumb Code    90  stm32f4xx_hal_tim.o(i.HAL_TIM_PWM_Init)
    HAL_TIM_PWM_MspInit                      0x08002f95   Thumb Code    30  tim.o(i.HAL_TIM_PWM_MspInit)
    HAL_TIM_PWM_PulseFinishedCallback        0x08002fbd   Thumb Code     2  stm32f4xx_hal_tim.o(i.HAL_TIM_PWM_PulseFinishedCallback)
    HAL_TIM_PWM_Start                        0x08002fc1   Thumb Code   172  stm32f4xx_hal_tim.o(i.HAL_TIM_PWM_Start)
    HAL_TIM_PeriodElapsedCallback            0x08003089   Thumb Code    14  main.o(i.HAL_TIM_PeriodElapsedCallback)
    HAL_TIM_TriggerCallback                  0x08003097   Thumb Code     2  stm32f4xx_hal_tim.o(i.HAL_TIM_TriggerCallback)
    HAL_UARTEx_RxEventCallback               0x08003099   Thumb Code     2  stm32f4xx_hal_uart.o(i.HAL_UARTEx_RxEventCallback)
    HAL_UART_DMAStop                         0x0800309b   Thumb Code   112  stm32f4xx_hal_uart.o(i.HAL_UART_DMAStop)
    HAL_UART_ErrorCallback                   0x0800310b   Thumb Code     2  stm32f4xx_hal_uart.o(i.HAL_UART_ErrorCallback)
    HAL_UART_IRQHandler                      0x0800310d   Thumb Code   618  stm32f4xx_hal_uart.o(i.HAL_UART_IRQHandler)
    HAL_UART_Init                            0x0800337d   Thumb Code   100  stm32f4xx_hal_uart.o(i.HAL_UART_Init)
    HAL_UART_MspInit                         0x080033e1   Thumb Code   264  usart.o(i.HAL_UART_MspInit)
    HAL_UART_Receive_DMA                     0x08003509   Thumb Code    28  stm32f4xx_hal_uart.o(i.HAL_UART_Receive_DMA)
    HAL_UART_RxCpltCallback                  0x08003525   Thumb Code     2  stm32f4xx_hal_uart.o(i.HAL_UART_RxCpltCallback)
    HAL_UART_RxHalfCpltCallback              0x08003527   Thumb Code     2  stm32f4xx_hal_uart.o(i.HAL_UART_RxHalfCpltCallback)
    HAL_UART_Transmit                        0x08003529   Thumb Code   160  stm32f4xx_hal_uart.o(i.HAL_UART_Transmit)
    HAL_UART_TxCpltCallback                  0x080035c9   Thumb Code     2  stm32f4xx_hal_uart.o(i.HAL_UART_TxCpltCallback)
    HardFault_Handler                        0x080036c9   Thumb Code     2  stm32f4xx_it.o(i.HardFault_Handler)
    IMU_QuaternionEKF_Init                   0x08003a69   Thumb Code   178  quaternionekf.o(i.IMU_QuaternionEKF_Init)
    IMU_QuaternionEKF_Update                 0x08003c3d   Thumb Code   992  quaternionekf.o(i.IMU_QuaternionEKF_Update)
    IMU_Temperature_Ctrl                     0x08004409   Thumb Code    72  ins_task.o(i.IMU_Temperature_Ctrl)
    INS_Init                                 0x08004469   Thumb Code   144  ins_task.o(i.INS_Init)
    INS_Task                                 0x08004521   Thumb Code   400  ins_task.o(i.INS_Task)
    Kalman_Filter_Init                       0x080046d5   Thumb Code   994  kalman_filter.o(i.Kalman_Filter_Init)
    Kalman_Filter_Measure                    0x08004abd   Thumb Code    66  kalman_filter.o(i.Kalman_Filter_Measure)
    Kalman_Filter_P_Update                   0x08004b05   Thumb Code   106  kalman_filter.o(i.Kalman_Filter_P_Update)
    Kalman_Filter_PminusUpdate               0x08004b6f   Thumb Code   108  kalman_filter.o(i.Kalman_Filter_PminusUpdate)
    Kalman_Filter_SetK                       0x08004bdb   Thumb Code   204  kalman_filter.o(i.Kalman_Filter_SetK)
    Kalman_Filter_Update                     0x08004ca9   Thumb Code   228  kalman_filter.o(i.Kalman_Filter_Update)
    Kalman_Filter_xhatMinusUpdate            0x08004d91   Thumb Code   116  kalman_filter.o(i.Kalman_Filter_xhatMinusUpdate)
    Kalman_Filter_xhatUpdate                 0x08004e05   Thumb Code   132  kalman_filter.o(i.Kalman_Filter_xhatUpdate)
    MX_DMA_Init                              0x08004e89   Thumb Code    88  dma.o(i.MX_DMA_Init)
    MX_FREERTOS_Init                         0x08004ee5   Thumb Code    96  freertos.o(i.MX_FREERTOS_Init)
    MX_GPIO_Init                             0x08004f4d   Thumb Code   420  gpio.o(i.MX_GPIO_Init)
    MX_SPI1_Init                             0x08005109   Thumb Code    64  spi.o(i.MX_SPI1_Init)
    MX_TIM10_Init                            0x08005151   Thumb Code    94  tim.o(i.MX_TIM10_Init)
    MX_TIM1_Init                             0x080051b9   Thumb Code   200  tim.o(i.MX_TIM1_Init)
    MX_USART1_UART_Init                      0x08005289   Thumb Code    48  usart.o(i.MX_USART1_UART_Init)
    MX_USART3_UART_Init                      0x080052c1   Thumb Code    60  usart.o(i.MX_USART3_UART_Init)
    MemManage_Handler                        0x08005309   Thumb Code     2  stm32f4xx_it.o(i.MemManage_Handler)
    Motor_init                               0x0800530d   Thumb Code    58  control_task.o(i.Motor_init)
    NMI_Handler                              0x0800534d   Thumb Code     2  stm32f4xx_it.o(i.NMI_Handler)
    OLS_Derivative                           0x08005351   Thumb Code   496  user_lib.o(i.OLS_Derivative)
    OLS_Init                                 0x08005545   Thumb Code    66  user_lib.o(i.OLS_Init)
    PID_Calculate                            0x08005589   Thumb Code  1100  controller.o(i.PID_Calculate)
    PID_Init                                 0x080059d5   Thumb Code   110  controller.o(i.PID_Init)
    StartControlTask                         0x08005b69   Thumb Code     8  freertos.o(i.StartControlTask)
    StartINSTask                             0x08005b71   Thumb Code    16  freertos.o(i.StartINSTask)
    StartTReceiverTask                       0x08005b81   Thumb Code    24  freertos.o(i.StartTReceiverTask)
    StartUARTTask                            0x08005ba1   Thumb Code    12  freertos.o(i.StartUARTTask)
    SysTick_Handler                          0x08005bad   Thumb Code    38  port.o(i.SysTick_Handler)
    SystemClock_Config                       0x08005bd9   Thumb Code   124  main.o(i.SystemClock_Config)
    SystemInit                               0x08005c5d   Thumb Code    22  system_stm32f4xx.o(i.SystemInit)
    TIM2_IRQHandler                          0x08005c79   Thumb Code     6  stm32f4xx_it.o(i.TIM2_IRQHandler)
    TIM_Base_SetConfig                       0x08005c85   Thumb Code   170  stm32f4xx_hal_tim.o(i.TIM_Base_SetConfig)
    TIM_CCxChannelCmd                        0x08005d5d   Thumb Code    26  stm32f4xx_hal_tim.o(i.TIM_CCxChannelCmd)
    TIM_OC2_SetConfig                        0x08005dd9   Thumb Code    98  stm32f4xx_hal_tim.o(i.TIM_OC2_SetConfig)
    TIM_Set_PWM                              0x08005efd   Thumb Code    42  bsp_pwm.o(i.TIM_Set_PWM)
    UART_Start_Receive_DMA                   0x0800625d   Thumb Code   130  stm32f4xx_hal_uart.o(i.UART_Start_Receive_DMA)
    UART_Task                                0x080062ed   Thumb Code    82  ins_task.o(i.UART_Task)
    USART3_IRQHandler                        0x080063fd   Thumb Code    68  stm32f4xx_it.o(i.USART3_IRQHandler)
    UsageFault_Handler                       0x0800644d   Thumb Code     2  stm32f4xx_it.o(i.UsageFault_Handler)
    __0snprintf$1                            0x08006451   Thumb Code    48  printf1.o(i.__0snprintf$1)
    __1snprintf$1                            0x08006451   Thumb Code     0  printf1.o(i.__0snprintf$1)
    __2snprintf                              0x08006451   Thumb Code     0  printf1.o(i.__0snprintf$1)
    __ARM_fpclassifyf                        0x08006485   Thumb Code    38  fpclassifyf.o(i.__ARM_fpclassifyf)
    __hardfp_acosf                           0x080064cd   Thumb Code   234  acosf.o(i.__hardfp_acosf)
    __hardfp_asinf                           0x080065e5   Thumb Code   258  asinf.o(i.__hardfp_asinf)
    __hardfp_atan2f                          0x08006711   Thumb Code   594  atan2f.o(i.__hardfp_atan2f)
    __hardfp_sqrtf                           0x080069bd   Thumb Code    58  sqrtf_full.o(i.__hardfp_sqrtf)
    __mathlib_flt_infnan                     0x080069f7   Thumb Code     6  funder.o(i.__mathlib_flt_infnan)
    __mathlib_flt_infnan2                    0x080069fd   Thumb Code     6  funder.o(i.__mathlib_flt_infnan2)
    __mathlib_flt_invalid                    0x08006a05   Thumb Code    10  funder.o(i.__mathlib_flt_invalid)
    __mathlib_flt_underflow                  0x08006a15   Thumb Code    10  funder.o(i.__mathlib_flt_underflow)
    __scatterload_copy                       0x08006a25   Thumb Code    14  handlers.o(i.__scatterload_copy)
    __scatterload_null                       0x08006a33   Thumb Code     2  handlers.o(i.__scatterload_null)
    __scatterload_zeroinit                   0x08006a35   Thumb Code    14  handlers.o(i.__scatterload_zeroinit)
    __set_errno                              0x08006a45   Thumb Code     6  errno.o(i.__set_errno)
    bmi088_accel_init                        0x08006bbd   Thumb Code   292  bmi088driver.o(i.bmi088_accel_init)
    bmi088_gyro_init                         0x08006ce5   Thumb Code   246  bmi088driver.o(i.bmi088_gyro_init)
    float_constrain                          0x08006fe9   Thumb Code    32  user_lib.o(i.float_constrain)
    float_rounding                           0x08007009   Thumb Code    34  user_lib.o(i.float_rounding)
    main                                     0x08007059   Thumb Code    72  main.o(i.main)
    malloc                                   0x080070b1   Thumb Code    92  malloc.o(i.malloc)
    map_channel                              0x0800711d   Thumb Code    52  receiver_task.o(i.map_channel)
    map_channel_manual                       0x08007151   Thumb Code    36  receiver_task.o(i.map_channel_manual)
    osDelay                                  0x08007175   Thumb Code    14  cmsis_os.o(i.osDelay)
    osKernelStart                            0x08007183   Thumb Code    10  cmsis_os.o(i.osKernelStart)
    osThreadCreate                           0x0800718d   Thumb Code    84  cmsis_os.o(i.osThreadCreate)
    parse_sbus_frame                         0x080071e1   Thumb Code   374  receiver_task.o(i.parse_sbus_frame)
    pvPortMalloc                             0x08007b09   Thumb Code   216  heap_4.o(i.pvPortMalloc)
    pxPortInitialiseStack                    0x08007be5   Thumb Code    40  port.o(i.pxPortInitialiseStack)
    sbus_init                                0x08007c11   Thumb Code    26  receiver_task.o(i.sbus_init)
    sqrtf                                    0x08007c35   Thumb Code    62  sqrtf_full.o(i.sqrtf)
    uxListRemove                             0x08007c73   Thumb Code    38  list.o(i.uxListRemove)
    vApplicationGetIdleTaskMemory            0x08007c99   Thumb Code    16  freertos.o(i.vApplicationGetIdleTaskMemory)
    vApplicationGetTimerTaskMemory           0x08007cad   Thumb Code    18  freertos.o(i.vApplicationGetTimerTaskMemory)
    vListInitialise                          0x08007cc5   Thumb Code    22  list.o(i.vListInitialise)
    vListInitialiseItem                      0x08007cdb   Thumb Code     6  list.o(i.vListInitialiseItem)
    vListInsert                              0x08007ce1   Thumb Code    48  list.o(i.vListInsert)
    vListInsertEnd                           0x08007d11   Thumb Code    24  list.o(i.vListInsertEnd)
    vPortEnterCritical                       0x08007d29   Thumb Code    54  port.o(i.vPortEnterCritical)
    vPortExitCritical                        0x08007d69   Thumb Code    34  port.o(i.vPortExitCritical)
    vPortFree                                0x08007d91   Thumb Code    94  heap_4.o(i.vPortFree)
    vPortSetupTimerInterrupt                 0x08007df5   Thumb Code    32  port.o(i.vPortSetupTimerInterrupt)
    vPortValidateInterruptPriority           0x08007e19   Thumb Code    74  port.o(i.vPortValidateInterruptPriority)
    vQueueAddToRegistry                      0x08007e6d   Thumb Code    34  queue.o(i.vQueueAddToRegistry)
    vQueueWaitForMessageRestricted           0x08007e95   Thumb Code    68  queue.o(i.vQueueWaitForMessageRestricted)
    vTaskDelay                               0x08007ed9   Thumb Code    66  tasks.o(i.vTaskDelay)
    vTaskInternalSetTimeOutState             0x08007f25   Thumb Code    12  tasks.o(i.vTaskInternalSetTimeOutState)
    vTaskMissedYield                         0x08007f35   Thumb Code     8  tasks.o(i.vTaskMissedYield)
    vTaskPlaceOnEventList                    0x08007f41   Thumb Code    44  tasks.o(i.vTaskPlaceOnEventList)
    vTaskPlaceOnEventListRestricted          0x08007f71   Thumb Code    52  tasks.o(i.vTaskPlaceOnEventListRestricted)
    vTaskStartScheduler                      0x08007fa9   Thumb Code   118  tasks.o(i.vTaskStartScheduler)
    vTaskSuspendAll                          0x08008031   Thumb Code    10  tasks.o(i.vTaskSuspendAll)
    vTaskSwitchContext                       0x08008041   Thumb Code    82  tasks.o(i.vTaskSwitchContext)
    xPortStartScheduler                      0x0800809d   Thumb Code   222  port.o(i.xPortStartScheduler)
    xQueueGenericCreateStatic                0x08008191   Thumb Code   102  queue.o(i.xQueueGenericCreateStatic)
    xQueueGenericReset                       0x080081f9   Thumb Code   132  queue.o(i.xQueueGenericReset)
    xQueueGenericSend                        0x08008281   Thumb Code   346  queue.o(i.xQueueGenericSend)
    xQueueGenericSendFromISR                 0x080083e1   Thumb Code   190  queue.o(i.xQueueGenericSendFromISR)
    xQueueReceive                            0x080084a1   Thumb Code   308  queue.o(i.xQueueReceive)
    xTaskCheckForTimeOut                     0x080085d9   Thumb Code   132  tasks.o(i.xTaskCheckForTimeOut)
    xTaskCreate                              0x08008661   Thumb Code    90  tasks.o(i.xTaskCreate)
    xTaskCreateStatic                        0x080086bb   Thumb Code    86  tasks.o(i.xTaskCreateStatic)
    xTaskGetSchedulerState                   0x08008711   Thumb Code    22  tasks.o(i.xTaskGetSchedulerState)
    xTaskGetTickCount                        0x0800872d   Thumb Code     6  tasks.o(i.xTaskGetTickCount)
    xTaskIncrementTick                       0x08008739   Thumb Code   194  tasks.o(i.xTaskIncrementTick)
    xTaskPriorityDisinherit                  0x08008805   Thumb Code   144  tasks.o(i.xTaskPriorityDisinherit)
    xTaskRemoveFromEventList                 0x0800889d   Thumb Code   108  tasks.o(i.xTaskRemoveFromEventList)
    xTaskResumeAll                           0x08008911   Thumb Code   182  tasks.o(i.xTaskResumeAll)
    xTimerCreateTimerTask                    0x080089d5   Thumb Code    78  timers.o(i.xTimerCreateTimerTask)
    xTimerGenericCommand                     0x08008a35   Thumb Code    98  timers.o(i.xTimerGenericCommand)
    AHBPrescTable                            0x08008b0c   Data          16  system_stm32f4xx.o(.constdata)
    APBPrescTable                            0x08008b1c   Data           8  system_stm32f4xx.o(.constdata)
    xb                                       0x08008b24   Data          12  ins_task.o(.constdata)
    yb                                       0x08008b30   Data          12  ins_task.o(.constdata)
    zb                                       0x08008b3c   Data          12  ins_task.o(.constdata)
    IMU_QuaternionEKF_F                      0x08008b54   Data         144  quaternionekf.o(.constdata)
    sinTable_f32                             0x08008bec   Data        2052  arm_common_tables.o(.constdata)
    Region$$Table$$Base                      0x08009420   Number         0  anon$$obj.o(Region$$Table)
    Region$$Table$$Limit                     0x08009440   Number         0  anon$$obj.o(Region$$Table)
    INSTaskHandle                            0x20000000   Data           4  freertos.o(.data)
    UARTTaskHandle                           0x20000004   Data           4  freertos.o(.data)
    ReceiverTaskHandle                       0x20000008   Data           4  freertos.o(.data)
    ControlTaskHandle                        0x2000000c   Data           4  freertos.o(.data)
    SystemCoreClock                          0x20000010   Data           4  system_stm32f4xx.o(.data)
    INS_DWT_Count                            0x20000014   Data           4  ins_task.o(.data)
    RefTemp                                  0x20000020   Data           4  ins_task.o(.data)
    sbus_frame_ready                         0x20000058   Data           1  receiver_task.o(.data)
    RC_Throttle_Manual                       0x2000005c   Data           4  receiver_task.o(.data)
    RC_Throttle                              0x20000060   Data           4  receiver_task.o(.data)
    RC_Yaw                                   0x20000064   Data           4  receiver_task.o(.data)
    RC_Pitch                                 0x20000068   Data           4  receiver_task.o(.data)
    RC_Roll                                  0x2000006c   Data           4  receiver_task.o(.data)
    RC_Arm                                   0x20000070   Data           4  receiver_task.o(.data)
    RC_Kill                                  0x20000074   Data           4  receiver_task.o(.data)
    RC_Lost                                  0x20000078   Data           4  receiver_task.o(.data)
    SysTime                                  0x200000b0   Data           8  bsp_dwt.o(.data)
    CYCCNT64                                 0x200000b8   Data           8  bsp_dwt.o(.data)
    caliOffset                               0x200000c3   Data           1  bmi088driver.o(.data)
    caliCount                                0x200000c4   Data           2  bmi088driver.o(.data)
    BMI088_ACCEL_SEN                         0x200000cc   Data           4  bmi088driver.o(.data)
    BMI088_GYRO_SEN                          0x200000d0   Data           4  bmi088driver.o(.data)
    gNormDiff                                0x200000d8   Data           4  bmi088driver.o(.data)
    BMI088_SPI                               0x20000108   Data           4  bmi088middleware.o(.data)
    sizeof_float                             0x2000010c   Data           2  kalman_filter.o(.data)
    sizeof_double                            0x2000010e   Data           2  kalman_filter.o(.data)
    IMU_QuaternionEKF_P                      0x20000168   Data         144  quaternionekf.o(.data)
    uwTickFreq                               0x200001f8   Data           1  stm32f4xx_hal.o(.data)
    uwTickPrio                               0x200001fc   Data           4  stm32f4xx_hal.o(.data)
    uwTick                                   0x20000200   Data           4  stm32f4xx_hal.o(.data)
    pxCurrentTCB                             0x20000204   Data           4  tasks.o(.data)
    __microlib_freelist                      0x20000280   Data           4  mvars.o(.data)
    __microlib_freelist_initialised          0x20000284   Data           4  mvars.o(.data)
    hspi1                                    0x20000934   Data          88  spi.o(.bss)
    hdma_spi1_rx                             0x2000098c   Data          96  spi.o(.bss)
    hdma_spi1_tx                             0x200009ec   Data          96  spi.o(.bss)
    htim1                                    0x20000a4c   Data          72  tim.o(.bss)
    htim10                                   0x20000a94   Data          72  tim.o(.bss)
    huart1                                   0x20000adc   Data          72  usart.o(.bss)
    huart3                                   0x20000b24   Data          72  usart.o(.bss)
    hdma_usart3_rx                           0x20000b6c   Data          96  usart.o(.bss)
    htim2                                    0x20000bcc   Data          72  stm32f4xx_hal_timebase_tim.o(.bss)
    TempCtrl                                 0x20000c14   Data         170  ins_task.o(.bss)
    INS                                      0x20000cc0   Data         128  ins_task.o(.bss)
    IMU_Param                                0x20000d40   Data          28  ins_task.o(.bss)
    sbus_dma_buf                             0x20000d5c   Data          25  receiver_task.o(.bss)
    sbus_data                                0x20000d76   Data          34  receiver_task.o(.bss)
    gyroDiff                                 0x20000d98   Data          12  bmi088driver.o(.bss)
    BMI088                                   0x20000da4   Data          52  bmi088driver.o(.bss)
    QEKF_INS                                 0x20000dd8   Data         480  quaternionekf.o(.bss)
    IMU_QuaternionEKF_K                      0x20000fb8   Data          72  quaternionekf.o(.bss)
    IMU_QuaternionEKF_H                      0x20001000   Data          72  quaternionekf.o(.bss)
    xQueueRegistry                           0x20001048   Data          64  queue.o(.bss)
    __heap_base                              0x20007288   Data           0  startup_stm32f407xx.o(HEAP)
    __heap_limit                             0x20009288   Data           0  startup_stm32f407xx.o(HEAP)
    __initial_sp                             0x2000b288   Data           0  startup_stm32f407xx.o(STACK)



==============================================================================

Memory Map of the image

  Image Entry point : 0x08000189

  Load Region LR_IROM1 (Base: 0x08000000, Size: 0x000096cc, Max: 0x00100000, ABSOLUTE, COMPRESSED[0x000094a0])

    Execution Region ER_IROM1 (Exec base: 0x08000000, Load base: 0x08000000, Size: 0x00009440, Max: 0x00100000, ABSOLUTE)

    Exec Addr    Load Addr    Size         Type   Attr      Idx    E Section Name        Object

    0x08000000   0x08000000   0x00000188   Data   RO            3    RESET               startup_stm32f407xx.o
    0x08000188   0x08000188   0x00000000   Code   RO         6241  * .ARM.Collect$$$$00000000  mc_w.l(entry.o)
    0x08000188   0x08000188   0x00000004   Code   RO         6569    .ARM.Collect$$$$00000001  mc_w.l(entry2.o)
    0x0800018c   0x0800018c   0x00000004   Code   RO         6572    .ARM.Collect$$$$00000004  mc_w.l(entry5.o)
    0x08000190   0x08000190   0x00000000   Code   RO         6574    .ARM.Collect$$$$00000008  mc_w.l(entry7b.o)
    0x08000190   0x08000190   0x00000000   Code   RO         6576    .ARM.Collect$$$$0000000A  mc_w.l(entry8b.o)
    0x08000190   0x08000190   0x00000008   Code   RO         6577    .ARM.Collect$$$$0000000B  mc_w.l(entry9a.o)
    0x08000198   0x08000198   0x00000004   Code   RO         6584    .ARM.Collect$$$$0000000E  mc_w.l(entry12b.o)
    0x0800019c   0x0800019c   0x00000000   Code   RO         6579    .ARM.Collect$$$$0000000F  mc_w.l(entry10a.o)
    0x0800019c   0x0800019c   0x00000000   Code   RO         6581    .ARM.Collect$$$$00000011  mc_w.l(entry11a.o)
    0x0800019c   0x0800019c   0x00000004   Code   RO         6570    .ARM.Collect$$$$00002712  mc_w.l(entry2.o)
    0x080001a0   0x080001a0   0x000000be   Code   RO         5804    .emb_text           port.o
    0x0800025e   0x0800025e   0x00000002   PAD
    0x08000260   0x08000260   0x00000024   Code   RO            4    .text               startup_stm32f407xx.o
    0x08000284   0x08000284   0x00000078   Code   RO         5884    .text               arm_cortexM4lf_math.lib(arm_cos_f32.o)
    0x080002fc   0x080002fc   0x00000094   Code   RO         5934    .text               arm_cortexM4lf_math.lib(arm_sin_f32.o)
    0x08000390   0x08000390   0x00000108   Code   RO         5958    .text               arm_cortexM4lf_math.lib(arm_mat_add_f32.o)
    0x08000498   0x08000498   0x00000008   Code   RO         5982    .text               arm_cortexM4lf_math.lib(arm_mat_init_f32.o)
    0x080004a0   0x080004a0   0x00000530   Code   RO         6006    .text               arm_cortexM4lf_math.lib(arm_mat_inverse_f32.o)
    0x080009d0   0x080009d0   0x0000013c   Code   RO         6030    .text               arm_cortexM4lf_math.lib(arm_mat_mult_f32.o)
    0x08000b0c   0x08000b0c   0x00000108   Code   RO         6054    .text               arm_cortexM4lf_math.lib(arm_mat_sub_f32.o)
    0x08000c14   0x08000c14   0x00000114   Code   RO         6078    .text               arm_cortexM4lf_math.lib(arm_mat_trans_f32.o)
    0x08000d28   0x08000d28   0x00000062   Code   RO         6244    .text               mc_w.l(uldiv.o)
    0x08000d8a   0x08000d8a   0x00000024   Code   RO         6246    .text               mc_w.l(memcpya.o)
    0x08000dae   0x08000dae   0x00000024   Code   RO         6250    .text               mc_w.l(memseta.o)
    0x08000dd2   0x08000dd2   0x0000000e   Code   RO         6252    .text               mc_w.l(strlen.o)
    0x08000de0   0x08000de0   0x0000002c   Code   RO         6588    .text               mc_w.l(uidiv.o)
    0x08000e0c   0x08000e0c   0x0000001e   Code   RO         6590    .text               mc_w.l(llshl.o)
    0x08000e2a   0x08000e2a   0x00000020   Code   RO         6592    .text               mc_w.l(llushr.o)
    0x08000e4a   0x08000e4a   0x00000000   Code   RO         6603    .text               mc_w.l(iusefp.o)
    0x08000e4a   0x08000e4a   0x00000002   PAD
    0x08000e4c   0x08000e4c   0x00000024   Code   RO         6620    .text               mc_w.l(init.o)
    0x08000e70   0x08000e70   0x00000056   Code   RO         6634    .text               mc_w.l(__dczerorl2.o)
    0x08000ec6   0x08000ec6   0x00000002   PAD
    0x08000ec8   0x08000ec8   0x00000010   Code   RO         1133    i.BMI088_ACCEL_NS_H  bmi088middleware.o
    0x08000ed8   0x08000ed8   0x00000010   Code   RO         1134    i.BMI088_ACCEL_NS_L  bmi088middleware.o
    0x08000ee8   0x08000ee8   0x00000010   Code   RO         1135    i.BMI088_GYRO_NS_H  bmi088middleware.o
    0x08000ef8   0x08000ef8   0x00000010   Code   RO         1136    i.BMI088_GYRO_NS_L  bmi088middleware.o
    0x08000f08   0x08000f08   0x000001ac   Code   RO         1052    i.BMI088_Read       bmi088driver.o
    0x080010b4   0x080010b4   0x00000080   Code   RO         1053    i.BMI088_init       bmi088driver.o
    0x08001134   0x08001134   0x00000024   Code   RO         1054    i.BMI088_read_muli_reg  bmi088driver.o
    0x08001158   0x08001158   0x00000016   Code   RO         1055    i.BMI088_read_single_reg  bmi088driver.o
    0x0800116e   0x0800116e   0x00000002   PAD
    0x08001170   0x08001170   0x00000024   Code   RO         1137    i.BMI088_read_write_byte  bmi088middleware.o
    0x08001194   0x08001194   0x00000012   Code   RO         1056    i.BMI088_write_single_reg  bmi088driver.o
    0x080011a6   0x080011a6   0x000000ea   Code   RO          738    i.BodyFrameToEarthFrame  ins_task.o
    0x08001290   0x08001290   0x00000002   Code   RO          537    i.BusFault_Handler  stm32f4xx_it.o
    0x08001292   0x08001292   0x00000002   PAD
    0x08001294   0x08001294   0x00000404   Code   RO         1057    i.Calibrate_MPU_Offset  bmi088driver.o
    0x08001698   0x08001698   0x0000000c   Code   RO          538    i.DMA1_Stream1_IRQHandler  stm32f4xx_it.o
    0x080016a4   0x080016a4   0x0000000c   Code   RO          539    i.DMA2_Stream0_IRQHandler  stm32f4xx_it.o
    0x080016b0   0x080016b0   0x00000028   Code   RO         3022    i.DMA_CalcBaseAndBitshift  stm32f4xx_hal_dma.o
    0x080016d8   0x080016d8   0x00000054   Code   RO         3023    i.DMA_CheckFifoParam  stm32f4xx_hal_dma.o
    0x0800172c   0x0800172c   0x00000028   Code   RO         3024    i.DMA_SetConfig     stm32f4xx_hal_dma.o
    0x08001754   0x08001754   0x00000028   Code   RO          947    i.DWT_CNT_Update    bsp_dwt.o
    0x0800177c   0x0800177c   0x00000034   Code   RO          948    i.DWT_Delay         bsp_dwt.o
    0x080017b0   0x080017b0   0x00000044   Code   RO          949    i.DWT_GetDeltaT     bsp_dwt.o
    0x080017f4   0x080017f4   0x00000044   Code   RO          952    i.DWT_GetTimeline_s  bsp_dwt.o
    0x08001838   0x08001838   0x00000048   Code   RO          954    i.DWT_Init          bsp_dwt.o
    0x08001880   0x08001880   0x00000094   Code   RO          955    i.DWT_SysTimeUpdate  bsp_dwt.o
    0x08001914   0x08001914   0x00000002   Code   RO          540    i.DebugMon_Handler  stm32f4xx_it.o
    0x08001916   0x08001916   0x00000006   Code   RO          541    i.EXTI3_IRQHandler  stm32f4xx_it.o
    0x0800191c   0x0800191c   0x00000006   Code   RO          542    i.EXTI4_IRQHandler  stm32f4xx_it.o
    0x08001922   0x08001922   0x00000018   Code   RO          543    i.EXTI9_5_IRQHandler  stm32f4xx_it.o
    0x0800193a   0x0800193a   0x000000ea   Code   RO          739    i.EarthFrameToBodyFrame  ins_task.o
    0x08001a24   0x08001a24   0x00000002   Code   RO           13    i.Error_Handler     main.o
    0x08001a26   0x08001a26   0x00000092   Code   RO         3025    i.HAL_DMA_Abort     stm32f4xx_hal_dma.o
    0x08001ab8   0x08001ab8   0x00000024   Code   RO         3026    i.HAL_DMA_Abort_IT  stm32f4xx_hal_dma.o
    0x08001adc   0x08001adc   0x000001a0   Code   RO         3030    i.HAL_DMA_IRQHandler  stm32f4xx_hal_dma.o
    0x08001c7c   0x08001c7c   0x000000d4   Code   RO         3031    i.HAL_DMA_Init      stm32f4xx_hal_dma.o
    0x08001d50   0x08001d50   0x0000006e   Code   RO         3035    i.HAL_DMA_Start_IT  stm32f4xx_hal_dma.o
    0x08001dbe   0x08001dbe   0x00000002   PAD
    0x08001dc0   0x08001dc0   0x00000024   Code   RO         3462    i.HAL_Delay         stm32f4xx_hal.o
    0x08001de4   0x08001de4   0x00000002   Code   RO         2916    i.HAL_GPIO_EXTI_Callback  stm32f4xx_hal_gpio.o
    0x08001de6   0x08001de6   0x00000002   PAD
    0x08001de8   0x08001de8   0x00000018   Code   RO         2917    i.HAL_GPIO_EXTI_IRQHandler  stm32f4xx_hal_gpio.o
    0x08001e00   0x08001e00   0x000001f0   Code   RO         2918    i.HAL_GPIO_Init     stm32f4xx_hal_gpio.o
    0x08001ff0   0x08001ff0   0x0000000a   Code   RO         2922    i.HAL_GPIO_WritePin  stm32f4xx_hal_gpio.o
    0x08001ffa   0x08001ffa   0x00000002   PAD
    0x08001ffc   0x08001ffc   0x0000000c   Code   RO         3468    i.HAL_GetTick       stm32f4xx_hal.o
    0x08002008   0x08002008   0x00000010   Code   RO         3474    i.HAL_IncTick       stm32f4xx_hal.o
    0x08002018   0x08002018   0x00000034   Code   RO         3475    i.HAL_Init          stm32f4xx_hal.o
    0x0800204c   0x0800204c   0x00000098   Code   RO          661    i.HAL_InitTick      stm32f4xx_hal_timebase_tim.o
    0x080020e4   0x080020e4   0x00000038   Code   RO          637    i.HAL_MspInit       stm32f4xx_hal_msp.o
    0x0800211c   0x0800211c   0x0000001a   Code   RO         3310    i.HAL_NVIC_EnableIRQ  stm32f4xx_hal_cortex.o
    0x08002136   0x08002136   0x00000002   PAD
    0x08002138   0x08002138   0x00000040   Code   RO         3316    i.HAL_NVIC_SetPriority  stm32f4xx_hal_cortex.o
    0x08002178   0x08002178   0x00000024   Code   RO         3317    i.HAL_NVIC_SetPriorityGrouping  stm32f4xx_hal_cortex.o
    0x0800219c   0x0800219c   0x00000134   Code   RO         2564    i.HAL_RCC_ClockConfig  stm32f4xx_hal_rcc.o
    0x080022d0   0x080022d0   0x00000040   Code   RO         2568    i.HAL_RCC_GetClockConfig  stm32f4xx_hal_rcc.o
    0x08002310   0x08002310   0x00000020   Code   RO         2571    i.HAL_RCC_GetPCLK1Freq  stm32f4xx_hal_rcc.o
    0x08002330   0x08002330   0x00000020   Code   RO         2572    i.HAL_RCC_GetPCLK2Freq  stm32f4xx_hal_rcc.o
    0x08002350   0x08002350   0x00000064   Code   RO         2573    i.HAL_RCC_GetSysClockFreq  stm32f4xx_hal_rcc.o
    0x080023b4   0x080023b4   0x0000036c   Code   RO         2576    i.HAL_RCC_OscConfig  stm32f4xx_hal_rcc.o
    0x08002720   0x08002720   0x000000bc   Code   RO         3724    i.HAL_SPI_Init      stm32f4xx_hal_spi.o
    0x080027dc   0x080027dc   0x000000fc   Code   RO          382    i.HAL_SPI_MspInit   spi.o
    0x080028d8   0x080028d8   0x000001f0   Code   RO         3733    i.HAL_SPI_TransmitReceive  stm32f4xx_hal_spi.o
    0x08002ac8   0x08002ac8   0x00000002   Code   RO         2296    i.HAL_TIMEx_BreakCallback  stm32f4xx_hal_tim_ex.o
    0x08002aca   0x08002aca   0x00000002   Code   RO         2297    i.HAL_TIMEx_CommutCallback  stm32f4xx_hal_tim_ex.o
    0x08002acc   0x08002acc   0x00000054   Code   RO         2299    i.HAL_TIMEx_ConfigBreakDeadTime  stm32f4xx_hal_tim_ex.o
    0x08002b20   0x08002b20   0x00000090   Code   RO         2315    i.HAL_TIMEx_MasterConfigSynchronization  stm32f4xx_hal_tim_ex.o
    0x08002bb0   0x08002bb0   0x0000005a   Code   RO         1592    i.HAL_TIM_Base_Init  stm32f4xx_hal_tim.o
    0x08002c0a   0x08002c0a   0x00000002   PAD
    0x08002c0c   0x08002c0c   0x00000028   Code   RO          424    i.HAL_TIM_Base_MspInit  tim.o
    0x08002c34   0x08002c34   0x00000080   Code   RO         1597    i.HAL_TIM_Base_Start_IT  stm32f4xx_hal_tim.o
    0x08002cb4   0x08002cb4   0x00000002   Code   RO         1626    i.HAL_TIM_IC_CaptureCallback  stm32f4xx_hal_tim.o
    0x08002cb6   0x08002cb6   0x00000130   Code   RO         1640    i.HAL_TIM_IRQHandler  stm32f4xx_hal_tim.o
    0x08002de6   0x08002de6   0x00000002   PAD
    0x08002de8   0x08002de8   0x00000084   Code   RO          425    i.HAL_TIM_MspPostInit  tim.o
    0x08002e6c   0x08002e6c   0x00000002   Code   RO         1643    i.HAL_TIM_OC_DelayElapsedCallback  stm32f4xx_hal_tim.o
    0x08002e6e   0x08002e6e   0x000000cc   Code   RO         1664    i.HAL_TIM_PWM_ConfigChannel  stm32f4xx_hal_tim.o
    0x08002f3a   0x08002f3a   0x0000005a   Code   RO         1667    i.HAL_TIM_PWM_Init  stm32f4xx_hal_tim.o
    0x08002f94   0x08002f94   0x00000028   Code   RO          427    i.HAL_TIM_PWM_MspInit  tim.o
    0x08002fbc   0x08002fbc   0x00000002   Code   RO         1670    i.HAL_TIM_PWM_PulseFinishedCallback  stm32f4xx_hal_tim.o
    0x08002fbe   0x08002fbe   0x00000002   PAD
    0x08002fc0   0x08002fc0   0x000000c8   Code   RO         1672    i.HAL_TIM_PWM_Start  stm32f4xx_hal_tim.o
    0x08003088   0x08003088   0x0000000e   Code   RO           14    i.HAL_TIM_PeriodElapsedCallback  main.o
    0x08003096   0x08003096   0x00000002   Code   RO         1683    i.HAL_TIM_TriggerCallback  stm32f4xx_hal_tim.o
    0x08003098   0x08003098   0x00000002   Code   RO         4047    i.HAL_UARTEx_RxEventCallback  stm32f4xx_hal_uart.o
    0x0800309a   0x0800309a   0x00000070   Code   RO         4059    i.HAL_UART_DMAStop  stm32f4xx_hal_uart.o
    0x0800310a   0x0800310a   0x00000002   Code   RO         4061    i.HAL_UART_ErrorCallback  stm32f4xx_hal_uart.o
    0x0800310c   0x0800310c   0x00000270   Code   RO         4064    i.HAL_UART_IRQHandler  stm32f4xx_hal_uart.o
    0x0800337c   0x0800337c   0x00000064   Code   RO         4065    i.HAL_UART_Init     stm32f4xx_hal_uart.o
    0x080033e0   0x080033e0   0x00000128   Code   RO          490    i.HAL_UART_MspInit  usart.o
    0x08003508   0x08003508   0x0000001c   Code   RO         4069    i.HAL_UART_Receive_DMA  stm32f4xx_hal_uart.o
    0x08003524   0x08003524   0x00000002   Code   RO         4071    i.HAL_UART_RxCpltCallback  stm32f4xx_hal_uart.o
    0x08003526   0x08003526   0x00000002   Code   RO         4072    i.HAL_UART_RxHalfCpltCallback  stm32f4xx_hal_uart.o
    0x08003528   0x08003528   0x000000a0   Code   RO         4073    i.HAL_UART_Transmit  stm32f4xx_hal_uart.o
    0x080035c8   0x080035c8   0x00000002   Code   RO         4076    i.HAL_UART_TxCpltCallback  stm32f4xx_hal_uart.o
    0x080035ca   0x080035ca   0x00000002   PAD
    0x080035cc   0x080035cc   0x000000fc   Code   RO         1187    i.H_K_R_Adjustment  kalman_filter.o
    0x080036c8   0x080036c8   0x00000002   Code   RO          544    i.HardFault_Handler  stm32f4xx_it.o
    0x080036ca   0x080036ca   0x00000002   PAD
    0x080036cc   0x080036cc   0x00000244   Code   RO          741    i.IMU_Param_Correction  ins_task.o
    0x08003910   0x08003910   0x00000158   Code   RO         1526    i.IMU_QuaternionEKF_F_Linearization_P_Fading  quaternionekf.o
    0x08003a68   0x08003a68   0x000000dc   Code   RO         1527    i.IMU_QuaternionEKF_Init  quaternionekf.o
    0x08003b44   0x08003b44   0x00000034   Code   RO         1528    i.IMU_QuaternionEKF_Observe  quaternionekf.o
    0x08003b78   0x08003b78   0x000000c4   Code   RO         1529    i.IMU_QuaternionEKF_SetH  quaternionekf.o
    0x08003c3c   0x08003c3c   0x00000414   Code   RO         1530    i.IMU_QuaternionEKF_Update  quaternionekf.o
    0x08004050   0x08004050   0x000003b8   Code   RO         1531    i.IMU_QuaternionEKF_xhatUpdate  quaternionekf.o
    0x08004408   0x08004408   0x00000060   Code   RO          742    i.IMU_Temperature_Ctrl  ins_task.o
    0x08004468   0x08004468   0x000000b8   Code   RO          743    i.INS_Init          ins_task.o
    0x08004520   0x08004520   0x000001b4   Code   RO          744    i.INS_Task          ins_task.o
    0x080046d4   0x080046d4   0x000003e8   Code   RO         1188    i.Kalman_Filter_Init  kalman_filter.o
    0x08004abc   0x08004abc   0x00000048   Code   RO         1189    i.Kalman_Filter_Measure  kalman_filter.o
    0x08004b04   0x08004b04   0x0000006a   Code   RO         1190    i.Kalman_Filter_P_Update  kalman_filter.o
    0x08004b6e   0x08004b6e   0x0000006c   Code   RO         1191    i.Kalman_Filter_PminusUpdate  kalman_filter.o
    0x08004bda   0x08004bda   0x000000cc   Code   RO         1192    i.Kalman_Filter_SetK  kalman_filter.o
    0x08004ca6   0x08004ca6   0x00000002   PAD
    0x08004ca8   0x08004ca8   0x000000e8   Code   RO         1193    i.Kalman_Filter_Update  kalman_filter.o
    0x08004d90   0x08004d90   0x00000074   Code   RO         1194    i.Kalman_Filter_xhatMinusUpdate  kalman_filter.o
    0x08004e04   0x08004e04   0x00000084   Code   RO         1195    i.Kalman_Filter_xhatUpdate  kalman_filter.o
    0x08004e88   0x08004e88   0x0000005c   Code   RO          357    i.MX_DMA_Init       dma.o
    0x08004ee4   0x08004ee4   0x00000068   Code   RO          254    i.MX_FREERTOS_Init  freertos.o
    0x08004f4c   0x08004f4c   0x000001bc   Code   RO          230    i.MX_GPIO_Init      gpio.o
    0x08005108   0x08005108   0x00000048   Code   RO          383    i.MX_SPI1_Init      spi.o
    0x08005150   0x08005150   0x00000068   Code   RO          428    i.MX_TIM10_Init     tim.o
    0x080051b8   0x080051b8   0x000000d0   Code   RO          429    i.MX_TIM1_Init      tim.o
    0x08005288   0x08005288   0x00000038   Code   RO          491    i.MX_USART1_UART_Init  usart.o
    0x080052c0   0x080052c0   0x00000048   Code   RO          492    i.MX_USART3_UART_Init  usart.o
    0x08005308   0x08005308   0x00000002   Code   RO          545    i.MemManage_Handler  stm32f4xx_it.o
    0x0800530a   0x0800530a   0x00000002   PAD
    0x0800530c   0x0800530c   0x00000040   Code   RO          909    i.Motor_init        control_task.o
    0x0800534c   0x0800534c   0x00000002   Code   RO          546    i.NMI_Handler       stm32f4xx_it.o
    0x0800534e   0x0800534e   0x00000002   PAD
    0x08005350   0x08005350   0x000001f4   Code   RO         1272    i.OLS_Derivative    user_lib.o
    0x08005544   0x08005544   0x00000042   Code   RO         1273    i.OLS_Init          user_lib.o
    0x08005586   0x08005586   0x00000002   PAD
    0x08005588   0x08005588   0x0000044c   Code   RO         1427    i.PID_Calculate     controller.o
    0x080059d4   0x080059d4   0x0000006e   Code   RO         1428    i.PID_Init          controller.o
    0x08005a42   0x08005a42   0x00000002   PAD
    0x08005a44   0x08005a44   0x0000006c   Code   RO         3762    i.SPI_EndRxTxTransaction  stm32f4xx_hal_spi.o
    0x08005ab0   0x08005ab0   0x000000b8   Code   RO         3767    i.SPI_WaitFlagStateUntilTimeout  stm32f4xx_hal_spi.o
    0x08005b68   0x08005b68   0x00000008   Code   RO          255    i.StartControlTask  freertos.o
    0x08005b70   0x08005b70   0x00000010   Code   RO          256    i.StartINSTask      freertos.o
    0x08005b80   0x08005b80   0x00000020   Code   RO          257    i.StartTReceiverTask  freertos.o
    0x08005ba0   0x08005ba0   0x0000000c   Code   RO          258    i.StartUARTTask     freertos.o
    0x08005bac   0x08005bac   0x0000002c   Code   RO         5805    i.SysTick_Handler   port.o
    0x08005bd8   0x08005bd8   0x00000084   Code   RO           15    i.SystemClock_Config  main.o
    0x08005c5c   0x08005c5c   0x0000001c   Code   RO          701    i.SystemInit        system_stm32f4xx.o
    0x08005c78   0x08005c78   0x0000000c   Code   RO          547    i.TIM2_IRQHandler   stm32f4xx_it.o
    0x08005c84   0x08005c84   0x000000d8   Code   RO         1685    i.TIM_Base_SetConfig  stm32f4xx_hal_tim.o
    0x08005d5c   0x08005d5c   0x0000001a   Code   RO         1686    i.TIM_CCxChannelCmd  stm32f4xx_hal_tim.o
    0x08005d76   0x08005d76   0x00000002   PAD
    0x08005d78   0x08005d78   0x00000060   Code   RO         1698    i.TIM_OC1_SetConfig  stm32f4xx_hal_tim.o
    0x08005dd8   0x08005dd8   0x0000006c   Code   RO         1699    i.TIM_OC2_SetConfig  stm32f4xx_hal_tim.o
    0x08005e44   0x08005e44   0x00000068   Code   RO         1700    i.TIM_OC3_SetConfig  stm32f4xx_hal_tim.o
    0x08005eac   0x08005eac   0x00000050   Code   RO         1701    i.TIM_OC4_SetConfig  stm32f4xx_hal_tim.o
    0x08005efc   0x08005efc   0x0000002a   Code   RO         1024    i.TIM_Set_PWM       bsp_pwm.o
    0x08005f26   0x08005f26   0x00000010   Code   RO         4078    i.UART_DMAAbortOnError  stm32f4xx_hal_uart.o
    0x08005f36   0x08005f36   0x0000004a   Code   RO         4079    i.UART_DMAError     stm32f4xx_hal_uart.o
    0x08005f80   0x08005f80   0x00000086   Code   RO         4080    i.UART_DMAReceiveCplt  stm32f4xx_hal_uart.o
    0x08006006   0x08006006   0x0000001e   Code   RO         4082    i.UART_DMARxHalfCplt  stm32f4xx_hal_uart.o
    0x08006024   0x08006024   0x0000004e   Code   RO         4088    i.UART_EndRxTransfer  stm32f4xx_hal_uart.o
    0x08006072   0x08006072   0x0000001c   Code   RO         4089    i.UART_EndTxTransfer  stm32f4xx_hal_uart.o
    0x0800608e   0x0800608e   0x000000c2   Code   RO         4090    i.UART_Receive_IT   stm32f4xx_hal_uart.o
    0x08006150   0x08006150   0x0000010c   Code   RO         4091    i.UART_SetConfig    stm32f4xx_hal_uart.o
    0x0800625c   0x0800625c   0x00000090   Code   RO         4092    i.UART_Start_Receive_DMA  stm32f4xx_hal_uart.o
    0x080062ec   0x080062ec   0x0000009c   Code   RO          747    i.UART_Task         ins_task.o
    0x08006388   0x08006388   0x00000072   Code   RO         4094    i.UART_WaitOnFlagUntilTimeout  stm32f4xx_hal_uart.o
    0x080063fa   0x080063fa   0x00000002   PAD
    0x080063fc   0x080063fc   0x00000050   Code   RO          548    i.USART3_IRQHandler  stm32f4xx_it.o
    0x0800644c   0x0800644c   0x00000002   Code   RO          549    i.UsageFault_Handler  stm32f4xx_it.o
    0x0800644e   0x0800644e   0x00000002   PAD
    0x08006450   0x08006450   0x00000034   Code   RO         6302    i.__0snprintf$1     mc_w.l(printf1.o)
    0x08006484   0x08006484   0x00000026   Code   RO         6553    i.__ARM_fpclassifyf  m_wm.l(fpclassifyf.o)
    0x080064aa   0x080064aa   0x00000020   Code   RO         3323    i.__NVIC_SetPriority  stm32f4xx_hal_cortex.o
    0x080064ca   0x080064ca   0x00000002   PAD
    0x080064cc   0x080064cc   0x00000118   Code   RO         6181    i.__hardfp_acosf    m_wm.l(acosf.o)
    0x080065e4   0x080065e4   0x0000012c   Code   RO         6193    i.__hardfp_asinf    m_wm.l(asinf.o)
    0x08006710   0x08006710   0x000002ac   Code   RO         6205    i.__hardfp_atan2f   m_wm.l(atan2f.o)
    0x080069bc   0x080069bc   0x0000003a   Code   RO         6223    i.__hardfp_sqrtf    m_wm.l(sqrtf_full.o)
    0x080069f6   0x080069f6   0x00000006   Code   RO         6556    i.__mathlib_flt_infnan  m_wm.l(funder.o)
    0x080069fc   0x080069fc   0x00000006   Code   RO         6557    i.__mathlib_flt_infnan2  m_wm.l(funder.o)
    0x08006a02   0x08006a02   0x00000002   PAD
    0x08006a04   0x08006a04   0x00000010   Code   RO         6558    i.__mathlib_flt_invalid  m_wm.l(funder.o)
    0x08006a14   0x08006a14   0x00000010   Code   RO         6561    i.__mathlib_flt_underflow  m_wm.l(funder.o)
    0x08006a24   0x08006a24   0x0000000e   Code   RO         6628    i.__scatterload_copy  mc_w.l(handlers.o)
    0x08006a32   0x08006a32   0x00000002   Code   RO         6629    i.__scatterload_null  mc_w.l(handlers.o)
    0x08006a34   0x08006a34   0x0000000e   Code   RO         6630    i.__scatterload_zeroinit  mc_w.l(handlers.o)
    0x08006a42   0x08006a42   0x00000002   PAD
    0x08006a44   0x08006a44   0x0000000c   Code   RO         6598    i.__set_errno       mc_w.l(errno.o)
    0x08006a50   0x08006a50   0x00000154   Code   RO         6308    i._printf_core      mc_w.l(printf1.o)
    0x08006ba4   0x08006ba4   0x00000016   Code   RO         6309    i._snputc           mc_w.l(printf1.o)
    0x08006bba   0x08006bba   0x00000002   PAD
    0x08006bbc   0x08006bbc   0x00000128   Code   RO         1058    i.bmi088_accel_init  bmi088driver.o
    0x08006ce4   0x08006ce4   0x000000fc   Code   RO         1059    i.bmi088_gyro_init  bmi088driver.o
    0x08006de0   0x08006de0   0x000000b2   Code   RO         1431    i.f_Changing_Integration_Rate  controller.o
    0x08006e92   0x08006e92   0x00000002   PAD
    0x08006e94   0x08006e94   0x000000ba   Code   RO         1432    i.f_Derivative_On_Measurement  controller.o
    0x08006f4e   0x08006f4e   0x0000009a   Code   RO         1433    i.f_Integral_Limit  controller.o
    0x08006fe8   0x08006fe8   0x00000020   Code   RO         1278    i.float_constrain   user_lib.o
    0x08007008   0x08007008   0x00000022   Code   RO         1280    i.float_rounding    user_lib.o
    0x0800702a   0x0800702a   0x00000002   PAD
    0x0800702c   0x0800702c   0x0000002c   Code   RO         1532    i.invSqrt           quaternionekf.o
    0x08007058   0x08007058   0x0000004c   Code   RO           16    i.main              main.o
    0x080070a4   0x080070a4   0x0000000c   Code   RO         5370    i.makeFreeRtosPriority  cmsis_os.o
    0x080070b0   0x080070b0   0x0000006c   Code   RO         6518    i.malloc            mc_w.l(malloc.o)
    0x0800711c   0x0800711c   0x00000034   Code   RO          853    i.map_channel       receiver_task.o
    0x08007150   0x08007150   0x00000024   Code   RO          854    i.map_channel_manual  receiver_task.o
    0x08007174   0x08007174   0x0000000e   Code   RO         5372    i.osDelay           cmsis_os.o
    0x08007182   0x08007182   0x0000000a   Code   RO         5375    i.osKernelStart     cmsis_os.o
    0x0800718c   0x0800718c   0x00000054   Code   RO         5409    i.osThreadCreate    cmsis_os.o
    0x080071e0   0x080071e0   0x00000180   Code   RO          855    i.parse_sbus_frame  receiver_task.o
    0x08007360   0x08007360   0x00000078   Code   RO         4864    i.prvAddCurrentTaskToDelayedList  tasks.o
    0x080073d8   0x080073d8   0x000000d0   Code   RO         4865    i.prvAddNewTaskToReadyList  tasks.o
    0x080074a8   0x080074a8   0x00000058   Code   RO         5212    i.prvCheckForValidListAndQueue  timers.o
    0x08007500   0x08007500   0x00000026   Code   RO         4527    i.prvCopyDataFromQueue  queue.o
    0x08007526   0x08007526   0x0000006c   Code   RO         4528    i.prvCopyDataToQueue  queue.o
    0x08007592   0x08007592   0x00000034   Code   RO         4866    i.prvDeleteTCB      tasks.o
    0x080075c6   0x080075c6   0x00000002   PAD
    0x080075c8   0x080075c8   0x0000004c   Code   RO         5749    i.prvHeapInit       heap_4.o
    0x08007614   0x08007614   0x00000060   Code   RO         4867    i.prvIdleTask       tasks.o
    0x08007674   0x08007674   0x00000016   Code   RO         4530    i.prvInitialiseNewQueue  queue.o
    0x0800768a   0x0800768a   0x00000002   PAD
    0x0800768c   0x0800768c   0x000000b4   Code   RO         4868    i.prvInitialiseNewTask  tasks.o
    0x08007740   0x08007740   0x0000004c   Code   RO         5750    i.prvInsertBlockIntoFreeList  heap_4.o
    0x0800778c   0x0800778c   0x00000038   Code   RO         5214    i.prvInsertTimerInActiveList  timers.o
    0x080077c4   0x080077c4   0x0000001c   Code   RO         4531    i.prvIsQueueEmpty   queue.o
    0x080077e0   0x080077e0   0x000000fc   Code   RO         5215    i.prvProcessReceivedCommands  timers.o
    0x080078dc   0x080078dc   0x000000c0   Code   RO         5216    i.prvProcessTimerOrBlockTask  timers.o
    0x0800799c   0x0800799c   0x00000020   Code   RO         4869    i.prvResetNextTaskUnblockTime  tasks.o
    0x080079bc   0x080079bc   0x00000028   Code   RO         5217    i.prvSampleTimeNow  timers.o
    0x080079e4   0x080079e4   0x0000006c   Code   RO         5218    i.prvSwitchTimerLists  timers.o
    0x08007a50   0x08007a50   0x00000028   Code   RO         5806    i.prvTaskExitError  port.o
    0x08007a78   0x08007a78   0x00000024   Code   RO         5219    i.prvTimerTask      timers.o
    0x08007a9c   0x08007a9c   0x0000006a   Code   RO         4532    i.prvUnlockQueue    queue.o
    0x08007b06   0x08007b06   0x00000002   PAD
    0x08007b08   0x08007b08   0x000000dc   Code   RO         5751    i.pvPortMalloc      heap_4.o
    0x08007be4   0x08007be4   0x0000002c   Code   RO         5807    i.pxPortInitialiseStack  port.o
    0x08007c10   0x08007c10   0x00000024   Code   RO          856    i.sbus_init         receiver_task.o
    0x08007c34   0x08007c34   0x0000003e   Code   RO         6225    i.sqrtf             m_wm.l(sqrtf_full.o)
    0x08007c72   0x08007c72   0x00000026   Code   RO         4490    i.uxListRemove      list.o
    0x08007c98   0x08007c98   0x00000014   Code   RO          259    i.vApplicationGetIdleTaskMemory  freertos.o
    0x08007cac   0x08007cac   0x00000018   Code   RO          260    i.vApplicationGetTimerTaskMemory  freertos.o
    0x08007cc4   0x08007cc4   0x00000016   Code   RO         4491    i.vListInitialise   list.o
    0x08007cda   0x08007cda   0x00000006   Code   RO         4492    i.vListInitialiseItem  list.o
    0x08007ce0   0x08007ce0   0x00000030   Code   RO         4493    i.vListInsert       list.o
    0x08007d10   0x08007d10   0x00000018   Code   RO         4494    i.vListInsertEnd    list.o
    0x08007d28   0x08007d28   0x00000040   Code   RO         5809    i.vPortEnterCritical  port.o
    0x08007d68   0x08007d68   0x00000028   Code   RO         5810    i.vPortExitCritical  port.o
    0x08007d90   0x08007d90   0x00000064   Code   RO         5752    i.vPortFree         heap_4.o
    0x08007df4   0x08007df4   0x00000024   Code   RO         5811    i.vPortSetupTimerInterrupt  port.o
    0x08007e18   0x08007e18   0x00000054   Code   RO         5812    i.vPortValidateInterruptPriority  port.o
    0x08007e6c   0x08007e6c   0x00000028   Code   RO         4536    i.vQueueAddToRegistry  queue.o
    0x08007e94   0x08007e94   0x00000044   Code   RO         4539    i.vQueueWaitForMessageRestricted  queue.o
    0x08007ed8   0x08007ed8   0x0000004c   Code   RO         4880    i.vTaskDelay        tasks.o
    0x08007f24   0x08007f24   0x00000010   Code   RO         4884    i.vTaskInternalSetTimeOutState  tasks.o
    0x08007f34   0x08007f34   0x0000000c   Code   RO         4885    i.vTaskMissedYield  tasks.o
    0x08007f40   0x08007f40   0x00000030   Code   RO         4887    i.vTaskPlaceOnEventList  tasks.o
    0x08007f70   0x08007f70   0x00000038   Code   RO         4888    i.vTaskPlaceOnEventListRestricted  tasks.o
    0x08007fa8   0x08007fa8   0x00000088   Code   RO         4895    i.vTaskStartScheduler  tasks.o
    0x08008030   0x08008030   0x00000010   Code   RO         4897    i.vTaskSuspendAll   tasks.o
    0x08008040   0x08008040   0x0000005c   Code   RO         4898    i.vTaskSwitchContext  tasks.o
    0x0800809c   0x0800809c   0x000000f4   Code   RO         5813    i.xPortStartScheduler  port.o
    0x08008190   0x08008190   0x00000066   Code   RO         4543    i.xQueueGenericCreateStatic  queue.o
    0x080081f6   0x080081f6   0x00000002   PAD
    0x080081f8   0x080081f8   0x00000088   Code   RO         4544    i.xQueueGenericReset  queue.o
    0x08008280   0x08008280   0x00000160   Code   RO         4545    i.xQueueGenericSend  queue.o
    0x080083e0   0x080083e0   0x000000be   Code   RO         4546    i.xQueueGenericSendFromISR  queue.o
    0x0800849e   0x0800849e   0x00000002   PAD
    0x080084a0   0x080084a0   0x00000138   Code   RO         4554    i.xQueueReceive     queue.o
    0x080085d8   0x080085d8   0x00000088   Code   RO         4901    i.xTaskCheckForTimeOut  tasks.o
    0x08008660   0x08008660   0x0000005a   Code   RO         4902    i.xTaskCreate       tasks.o
    0x080086ba   0x080086ba   0x00000056   Code   RO         4903    i.xTaskCreateStatic  tasks.o
    0x08008710   0x08008710   0x0000001c   Code   RO         4908    i.xTaskGetSchedulerState  tasks.o
    0x0800872c   0x0800872c   0x0000000c   Code   RO         4909    i.xTaskGetTickCount  tasks.o
    0x08008738   0x08008738   0x000000cc   Code   RO         4911    i.xTaskIncrementTick  tasks.o
    0x08008804   0x08008804   0x00000098   Code   RO         4914    i.xTaskPriorityDisinherit  tasks.o
    0x0800889c   0x0800889c   0x00000074   Code   RO         4916    i.xTaskRemoveFromEventList  tasks.o
    0x08008910   0x08008910   0x000000c4   Code   RO         4917    i.xTaskResumeAll    tasks.o
    0x080089d4   0x080089d4   0x00000060   Code   RO         5226    i.xTimerCreateTimerTask  timers.o
    0x08008a34   0x08008a34   0x00000068   Code   RO         5227    i.xTimerGenericCommand  timers.o
    0x08008a9c   0x08008a9c   0x00000070   Data   RO          262    .constdata          freertos.o
    0x08008b0c   0x08008b0c   0x00000010   Data   RO          702    .constdata          system_stm32f4xx.o
    0x08008b1c   0x08008b1c   0x00000008   Data   RO          703    .constdata          system_stm32f4xx.o
    0x08008b24   0x08008b24   0x00000030   Data   RO          749    .constdata          ins_task.o
    0x08008b54   0x08008b54   0x00000090   Data   RO         1534    .constdata          quaternionekf.o
    0x08008be4   0x08008be4   0x00000008   Data   RO         3037    .constdata          stm32f4xx_hal_dma.o
    0x08008bec   0x08008bec   0x00000804   Data   RO         6158    .constdata          arm_cortexM4lf_math.lib(arm_common_tables.o)
    0x080093f0   0x080093f0   0x0000002d   Data   RO          263    .conststring        freertos.o
    0x0800941d   0x0800941d   0x00000003   PAD
    0x08009420   0x08009420   0x00000020   Data   RO         6626    Region$$Table       anon$$obj.o


    Execution Region RW_IRAM2 (Exec base: 0x10000000, Load base: 0x080094a0, Size: 0x00000000, Max: 0x00010000, ABSOLUTE)

    **** No section assigned to this execution region ****


    Execution Region RW_IRAM1 (Exec base: 0x20000000, Load base: 0x08009440, Size: 0x0000b288, Max: 0x00020000, ABSOLUTE, COMPRESSED[0x00000060])

    Exec Addr    Load Addr    Size         Type   Attr      Idx    E Section Name        Object

    0x20000000   COMPRESSED   0x00000010   Data   RW          264    .data               freertos.o
    0x20000010   COMPRESSED   0x00000004   Data   RW          704    .data               system_stm32f4xx.o
    0x20000014   COMPRESSED   0x00000044   Data   RW          750    .data               ins_task.o
    0x20000058   COMPRESSED   0x00000024   Data   RW          859    .data               receiver_task.o
    0x2000007c   COMPRESSED   0x00000004   PAD
    0x20000080   COMPRESSED   0x00000040   Data   RW          956    .data               bsp_dwt.o
    0x200000c0   COMPRESSED   0x00000048   Data   RW         1061    .data               bmi088driver.o
    0x20000108   COMPRESSED   0x00000004   Data   RW         1138    .data               bmi088middleware.o
    0x2000010c   COMPRESSED   0x00000004   Data   RW         1196    .data               kalman_filter.o
    0x20000110   COMPRESSED   0x00000014   Data   RW         1289    .data               user_lib.o
    0x20000124   COMPRESSED   0x000000d4   Data   RW         1535    .data               quaternionekf.o
    0x200001f8   COMPRESSED   0x0000000c   Data   RW         3482    .data               stm32f4xx_hal.o
    0x20000204   COMPRESSED   0x0000003c   Data   RW         4920    .data               tasks.o
    0x20000240   COMPRESSED   0x00000014   Data   RW         5235    .data               timers.o
    0x20000254   COMPRESSED   0x00000020   Data   RW         5758    .data               heap_4.o
    0x20000274   COMPRESSED   0x0000000c   Data   RW         5814    .data               port.o
    0x20000280   COMPRESSED   0x00000004   Data   RW         6594    .data               mc_w.l(mvars.o)
    0x20000284   COMPRESSED   0x00000004   Data   RW         6595    .data               mc_w.l(mvars.o)
    0x20000288   COMPRESSED   0x00000004   Data   RW         6599    .data               mc_w.l(errno.o)
    0x2000028c        -       0x000006a8   Zero   RW          261    .bss                freertos.o
    0x20000934        -       0x00000118   Zero   RW          384    .bss                spi.o
    0x20000a4c        -       0x00000090   Zero   RW          430    .bss                tim.o
    0x20000adc        -       0x000000f0   Zero   RW          493    .bss                usart.o
    0x20000bcc        -       0x00000048   Zero   RW          664    .bss                stm32f4xx_hal_timebase_tim.o
    0x20000c14        -       0x00000148   Zero   RW          748    .bss                ins_task.o
    0x20000d5c        -       0x0000003c   Zero   RW          858    .bss                receiver_task.o
    0x20000d98        -       0x00000040   Zero   RW         1060    .bss                bmi088driver.o
    0x20000dd8        -       0x00000270   Zero   RW         1533    .bss                quaternionekf.o
    0x20001048        -       0x00000040   Zero   RW         4557    .bss                queue.o
    0x20001088        -       0x000000f0   Zero   RW         4919    .bss                tasks.o
    0x20001178        -       0x00000110   Zero   RW         5234    .bss                timers.o
    0x20001288        -       0x00006000   Zero   RW         5757    .bss                heap_4.o
    0x20007288        -       0x00002000   Zero   RW            2    HEAP                startup_stm32f407xx.o
    0x20009288        -       0x00002000   Zero   RW            1    STACK               startup_stm32f407xx.o


==============================================================================

Image component sizes


      Code (inc. data)   RO Data    RW Data    ZI Data      Debug   Object Name

      2208        108          0         72         64      10953   bmi088driver.o
       100         30          0          4          0       3356   bmi088middleware.o
       448         68          0         64          0       4606   bsp_dwt.o
        42          0          0          0          0        918   bsp_pwm.o
       120          0          0          0          0      23369   cmsis_os.o
        64          6          0          0          0        517   control_task.o
      1728         12          0          0          0       9201   controller.o
        92          4          0          0          0        858   dma.o
         0          0          0          0          0      17336   event_groups.o
       216         26        157         16       1704      18523   freertos.o
       444         24          0          0          0       1239   gpio.o
       472         24          0         32      24576       5023   heap_4.o
      1920        186         48         68        328      13475   ins_task.o
      2222         20          0          4          0       9663   kalman_filter.o
       138          0          0          0          0       3698   list.o
       224         12          0          0          0     732760   main.o
       786         82          0         12          0      12169   port.o
      2852        168        144        212        624       8722   quaternionekf.o
      1502         20          0          0         64      17704   queue.o
       508         20          0         36         60       4040   receiver_task.o
       324         34          0          0        280       1983   spi.o
        36          8        392          0      16384        864   startup_stm32f407xx.o
       116         18          0         12          0       8898   stm32f4xx_hal.o
       158         14          0          0          0      33158   stm32f4xx_hal_cortex.o
      1084         16          8          0          0       7590   stm32f4xx_hal_dma.o
       532         52          0          0          0       3508   stm32f4xx_hal_gpio.o
        56          4          0          0          0        894   stm32f4xx_hal_msp.o
      1412         86          0          0          0       6085   stm32f4xx_hal_rcc.o
       976         14          0          0          0       5037   stm32f4xx_hal_spi.o
      1654        138          0          0          0      13624   stm32f4xx_hal_tim.o
       232         28          0          0          0       3441   stm32f4xx_hal_tim_ex.o
       152         18          0          0         72       1539   stm32f4xx_hal_timebase_tim.o
      2114         30          0          0          0      16625   stm32f4xx_hal_uart.o
       164         30          0          0          0       7009   stm32f4xx_it.o
        28          6         24          4          0       1211   system_stm32f4xx.o
      2160        160          0         60        240      27552   tasks.o
       524         60          0          0        144       3785   tim.o
       972         80          0         20        272      30275   timers.o
       424         52          0          0        240       2642   usart.o
       632          4          0         20          0       9173   user_lib.o

    ----------------------------------------------------------------------
     29892       1662        808        640      45052    1083023   Object Totals
         0          0         32          0          0          0   (incl. Generated)
        56          0          3          4          0          0   (incl. Padding)

    ----------------------------------------------------------------------

      Code (inc. data)   RO Data    RW Data    ZI Data      Debug   Library Member Name

         0          0       2052          0          0       4704   arm_common_tables.o
       120         12          0          0          0      17170   arm_cos_f32.o
       264          0          0          0          0       1826   arm_mat_add_f32.o
         8          0          0          0          0        999   arm_mat_init_f32.o
      1328          4          0          0          0       4782   arm_mat_inverse_f32.o
       316          4          0          0          0       2375   arm_mat_mult_f32.o
       264          0          0          0          0       1826   arm_mat_sub_f32.o
       276          0          0          0          0       2240   arm_mat_trans_f32.o
       148         18          0          0          0        814   arm_sin_f32.o
       280         46          0          0          0        176   acosf.o
       300         42          0          0          0        176   asinf.o
       684         90          0          0          0        208   atan2f.o
        38          0          0          0          0        116   fpclassifyf.o
        44         12          0          0          0        464   funder.o
       120          0          0          0          0        272   sqrtf_full.o
        86          0          0          0          0          0   __dczerorl2.o
         0          0          0          0          0          0   entry.o
         0          0          0          0          0          0   entry10a.o
         0          0          0          0          0          0   entry11a.o
         4          0          0          0          0          0   entry12b.o
         8          4          0          0          0          0   entry2.o
         4          0          0          0          0          0   entry5.o
         0          0          0          0          0          0   entry7b.o
         0          0          0          0          0          0   entry8b.o
         8          4          0          0          0          0   entry9a.o
        12          6          0          4          0         68   errno.o
        30          0          0          0          0          0   handlers.o
        36          8          0          0          0         68   init.o
         0          0          0          0          0          0   iusefp.o
        30          0          0          0          0         68   llshl.o
        32          0          0          0          0         68   llushr.o
       108         16          0          0          0         84   malloc.o
        36          0          0          0          0         68   memcpya.o
        36          0          0          0          0        108   memseta.o
         0          0          0          8          0          0   mvars.o
       414          8          0          0          0        256   printf1.o
        14          0          0          0          0         68   strlen.o
        44          0          0          0          0         80   uidiv.o
        98          0          0          0          0         92   uldiv.o

    ----------------------------------------------------------------------
      5200        274       2052         12          0      39176   Library Totals
        10          0          0          0          0          0   (incl. Padding)

    ----------------------------------------------------------------------

      Code (inc. data)   RO Data    RW Data    ZI Data      Debug   Library Name

      2724         38       2052          0          0      36736   arm_cortexM4lf_math.lib
      1466        190          0          0          0       1412   m_wm.l
      1000         46          0         12          0       1028   mc_w.l

    ----------------------------------------------------------------------
      5200        274       2052         12          0      39176   Library Totals

    ----------------------------------------------------------------------

==============================================================================


      Code (inc. data)   RO Data    RW Data    ZI Data      Debug   

     35092       1936       2860        652      45052    1098667   Grand Totals
     35092       1936       2860         96      45052    1098667   ELF Image Totals (compressed)
     35092       1936       2860         96          0          0   ROM Totals

==============================================================================

    Total RO  Size (Code + RO Data)                37952 (  37.06kB)
    Total RW  Size (RW Data + ZI Data)             45704 (  44.63kB)
    Total ROM Size (Code + RO Data + RW Data)      38048 (  37.16kB)

==============================================================================

